<html>
<body>
<pre>
<h1>�Vision Build Log</h1>
<h2>Tool Versions:</h2>
IDE-Version: ��Vision V5.14.0.0
Copyright (C) 2015 ARM Ltd and ARM Germany GmbH. All rights reserved.
License Information: 1 oarap, 1, LIC=EPP8T-REIRI-HPVZN-YCDCJ-ZPP1M-BLZ9X
 
Tool Versions:
Toolchain:       MDK-ARM Professional  Version: 5.14.0.0
Toolchain Path:  C:\Program Files (x86)\Keil_v5\ARM\ARMCC\Bin
C Compiler:      Armcc.exe V5.05 update 1 (build 106)
Assembler:       Armasm.exe V5.05 update 1 (build 106)
Linker/Locator:  ArmLink.exe V5.05 update 1 (build 106)
Library Manager: ArmAr.exe V5.05 update 1 (build 106)
Hex Converter:   FromElf.exe V5.05 update 1 (build 106)
CPU DLL:         SARMCM3.DLL V5.14.0.0
Dialog DLL:      DARMSTM.DLL V1.65.0.0
Target DLL:      Segger\JL2CM3.dll V2.99.13.0
Dialog DLL:      DARMSTM.DLL V1.65.0.0
 
<h2>Project:</h2>
E:\1_workspace\201804_smarthome\1_src\1_dev\MDK-ARM\STM32F103C8x.uvprojx
Project File Date:  05/13/2018

<h2>Output:</h2>
Build target 'STM32F103C8x'
compiling gizwits_product.c...
..\Gizwits\gizwits_protocol.h(652): warning:  #1-D: last line of file ends without a newline
  extern        gizwitsProtocol_t gizwitsProtocol;
..\Gizwits\gizwits_product.c(22): warning:  #14-D: extra text after expected end of preprocessing directive
  #include "hal_led.h" 
..\Gizwits\gizwits_product.c(23): warning:  #14-D: extra text after expected end of preprocessing directive
  #include "OLED.h" 
..\Gizwits\gizwits_product.c(24): warning:  #14-D: extra text after expected end of preprocessing directive
  #include "delay.h" 
..\Gizwits\gizwits_product.c(25): warning:  #14-D: extra text after expected end of preprocessing directive
  #include "hal_buzz.h" 
..\Gizwits\gizwits_product.c(26): warning:  #14-D: extra text after expected end of preprocessing directive
  #include "hal_relay.h" 
..\Gizwits\gizwits_product.c(27): warning:  #14-D: extra text after expected end of preprocessing directive
  #include "hal_temp_hum.h" 
..\Gizwits\gizwits_product.c(28): warning:  #14-D: extra text after expected end of preprocessing directive
  #include "hal_infrared.h" 
..\Gizwits\gizwits_product.c: 8 warnings, 0 errors
linking...
Program Size: Code=19988 RO-data=7640 RW-data=72 ZI-data=9992  
"STM32F103C8x\STM32F103C8x.axf" - 0 Error(s), 8 Warning(s).

<h2>Software Packages used:</h2>

Package Vendor: ARM
                http://www.keil.com/pack/ARM.CMSIS.4.2.0.pack
                ARM::CMSIS:CORE:3.40.0
                CMSIS (Cortex Microcontroller Software Interface Standard)
   * Component: CORE Version: 3.40.0

<h2>Collection of Component include folders:</h2>
  E:\1_workspace\201804_smarthome\1_src\1_dev\MDK-ARM\RTE
  C:\Program Files (x86)\Keil_v5\ARM\PACK\ARM\CMSIS\4.2.0\CMSIS\Include
  C:\Program Files (x86)\Keil_v5\ARM\PACK\Keil\STM32F1xx_DFP\2.2.0

<h2>Collection of Component Files used:</h2>

   * Component: ARM::CMSIS:CORE:3.40.0
      Source file:   CMSIS\UserCodeTemplates\ARM\ITM_Retarget.c
</pre>
</body>
</html>
