<!doctype html public "-//w3c//dtd html 4.0 transitional//en">
<html><head>
<title>Static Call Graph - [STM32F103C8x\STM32F103C8x.axf]</title></head>
<body><HR>
<H1>Static Call Graph for image STM32F103C8x\STM32F103C8x.axf</H1><HR>
<BR><P>#&#060CALLGRAPH&#062# ARM Linker, 5050106: Last Updated: Sun May 13 02:55:16 2018
<BR><P>
<H3>Maximum Stack Usage =        288 bytes + Unknown(Cycles, Untraceable Function Pointers)</H3><H3>
Call chain for Maximum Stack Depth:</H3>
main &rArr; gizwitsHandle &rArr; gizProtocolGetDeviceInfo &rArr; uartWrite &rArr; __2printf
<P>
<H3>
Mutually Recursive functions
</H3> <LI><a href="#[1c]">ADC1_2_IRQHandler</a>&nbsp;&nbsp;&nbsp;&rArr;&nbsp;&nbsp;&nbsp;<a href="#[1c]">ADC1_2_IRQHandler</a><BR>
 <LI><a href="#[4]">BusFault_Handler</a>&nbsp;&nbsp;&nbsp;&rArr;&nbsp;&nbsp;&nbsp;<a href="#[4]">BusFault_Handler</a><BR>
 <LI><a href="#[2]">HardFault_Handler</a>&nbsp;&nbsp;&nbsp;&rArr;&nbsp;&nbsp;&nbsp;<a href="#[2]">HardFault_Handler</a><BR>
 <LI><a href="#[3]">MemManage_Handler</a>&nbsp;&nbsp;&nbsp;&rArr;&nbsp;&nbsp;&nbsp;<a href="#[3]">MemManage_Handler</a><BR>
 <LI><a href="#[c0]">rbWrite</a>&nbsp;&nbsp;&nbsp;&rArr;&nbsp;&nbsp;&nbsp;<a href="#[c0]">rbWrite</a><BR>
 <LI><a href="#[5]">UsageFault_Handler</a>&nbsp;&nbsp;&nbsp;&rArr;&nbsp;&nbsp;&nbsp;<a href="#[5]">UsageFault_Handler</a><BR>
 <LI><a href="#[b8]">rbRead</a>&nbsp;&nbsp;&nbsp;&rArr;&nbsp;&nbsp;&nbsp;<a href="#[b8]">rbRead</a><BR>
</UL>
<P>
<H3>
Function Pointers
</H3><UL>
 <LI><a href="#[1c]">ADC1_2_IRQHandler</a> from startup_stm32f103xb.o(.text) referenced from startup_stm32f103xb.o(RESET)
 <LI><a href="#[4]">BusFault_Handler</a> from stm32f1xx_it.o(i.BusFault_Handler) referenced from startup_stm32f103xb.o(RESET)
 <LI><a href="#[1f]">CAN1_RX1_IRQHandler</a> from startup_stm32f103xb.o(.text) referenced from startup_stm32f103xb.o(RESET)
 <LI><a href="#[20]">CAN1_SCE_IRQHandler</a> from startup_stm32f103xb.o(.text) referenced from startup_stm32f103xb.o(RESET)
 <LI><a href="#[15]">DMA1_Channel1_IRQHandler</a> from startup_stm32f103xb.o(.text) referenced from startup_stm32f103xb.o(RESET)
 <LI><a href="#[16]">DMA1_Channel2_IRQHandler</a> from startup_stm32f103xb.o(.text) referenced from startup_stm32f103xb.o(RESET)
 <LI><a href="#[17]">DMA1_Channel3_IRQHandler</a> from startup_stm32f103xb.o(.text) referenced from startup_stm32f103xb.o(RESET)
 <LI><a href="#[18]">DMA1_Channel4_IRQHandler</a> from startup_stm32f103xb.o(.text) referenced from startup_stm32f103xb.o(RESET)
 <LI><a href="#[19]">DMA1_Channel5_IRQHandler</a> from startup_stm32f103xb.o(.text) referenced from startup_stm32f103xb.o(RESET)
 <LI><a href="#[1a]">DMA1_Channel6_IRQHandler</a> from startup_stm32f103xb.o(.text) referenced from startup_stm32f103xb.o(RESET)
 <LI><a href="#[1b]">DMA1_Channel7_IRQHandler</a> from startup_stm32f103xb.o(.text) referenced from startup_stm32f103xb.o(RESET)
 <LI><a href="#[7]">DebugMon_Handler</a> from stm32f1xx_it.o(i.DebugMon_Handler) referenced from startup_stm32f103xb.o(RESET)
 <LI><a href="#[10]">EXTI0_IRQHandler</a> from startup_stm32f103xb.o(.text) referenced from startup_stm32f103xb.o(RESET)
 <LI><a href="#[32]">EXTI15_10_IRQHandler</a> from startup_stm32f103xb.o(.text) referenced from startup_stm32f103xb.o(RESET)
 <LI><a href="#[11]">EXTI1_IRQHandler</a> from startup_stm32f103xb.o(.text) referenced from startup_stm32f103xb.o(RESET)
 <LI><a href="#[12]">EXTI2_IRQHandler</a> from startup_stm32f103xb.o(.text) referenced from startup_stm32f103xb.o(RESET)
 <LI><a href="#[13]">EXTI3_IRQHandler</a> from startup_stm32f103xb.o(.text) referenced from startup_stm32f103xb.o(RESET)
 <LI><a href="#[14]">EXTI4_IRQHandler</a> from startup_stm32f103xb.o(.text) referenced from startup_stm32f103xb.o(RESET)
 <LI><a href="#[21]">EXTI9_5_IRQHandler</a> from startup_stm32f103xb.o(.text) referenced from startup_stm32f103xb.o(RESET)
 <LI><a href="#[e]">FLASH_IRQHandler</a> from startup_stm32f103xb.o(.text) referenced from startup_stm32f103xb.o(RESET)
 <LI><a href="#[2]">HardFault_Handler</a> from stm32f1xx_it.o(i.HardFault_Handler) referenced from startup_stm32f103xb.o(RESET)
 <LI><a href="#[2a]">I2C1_ER_IRQHandler</a> from startup_stm32f103xb.o(.text) referenced from startup_stm32f103xb.o(RESET)
 <LI><a href="#[29]">I2C1_EV_IRQHandler</a> from startup_stm32f103xb.o(.text) referenced from startup_stm32f103xb.o(RESET)
 <LI><a href="#[2c]">I2C2_ER_IRQHandler</a> from startup_stm32f103xb.o(.text) referenced from startup_stm32f103xb.o(RESET)
 <LI><a href="#[2b]">I2C2_EV_IRQHandler</a> from startup_stm32f103xb.o(.text) referenced from startup_stm32f103xb.o(RESET)
 <LI><a href="#[3]">MemManage_Handler</a> from stm32f1xx_it.o(i.MemManage_Handler) referenced from startup_stm32f103xb.o(RESET)
 <LI><a href="#[1]">NMI_Handler</a> from stm32f1xx_it.o(i.NMI_Handler) referenced from startup_stm32f103xb.o(RESET)
 <LI><a href="#[b]">PVD_IRQHandler</a> from startup_stm32f103xb.o(.text) referenced from startup_stm32f103xb.o(RESET)
 <LI><a href="#[8]">PendSV_Handler</a> from stm32f1xx_it.o(i.PendSV_Handler) referenced from startup_stm32f103xb.o(RESET)
 <LI><a href="#[f]">RCC_IRQHandler</a> from startup_stm32f103xb.o(.text) referenced from startup_stm32f103xb.o(RESET)
 <LI><a href="#[33]">RTC_Alarm_IRQHandler</a> from startup_stm32f103xb.o(.text) referenced from startup_stm32f103xb.o(RESET)
 <LI><a href="#[d]">RTC_IRQHandler</a> from startup_stm32f103xb.o(.text) referenced from startup_stm32f103xb.o(RESET)
 <LI><a href="#[0]">Reset_Handler</a> from startup_stm32f103xb.o(.text) referenced from startup_stm32f103xb.o(RESET)
 <LI><a href="#[2d]">SPI1_IRQHandler</a> from startup_stm32f103xb.o(.text) referenced from startup_stm32f103xb.o(RESET)
 <LI><a href="#[2e]">SPI2_IRQHandler</a> from startup_stm32f103xb.o(.text) referenced from startup_stm32f103xb.o(RESET)
 <LI><a href="#[6]">SVC_Handler</a> from stm32f1xx_it.o(i.SVC_Handler) referenced from startup_stm32f103xb.o(RESET)
 <LI><a href="#[9]">SysTick_Handler</a> from stm32f1xx_it.o(i.SysTick_Handler) referenced from startup_stm32f103xb.o(RESET)
 <LI><a href="#[36]">SystemInit</a> from system_stm32f1xx.o(i.SystemInit) referenced from startup_stm32f103xb.o(.text)
 <LI><a href="#[c]">TAMPER_IRQHandler</a> from startup_stm32f103xb.o(.text) referenced from startup_stm32f103xb.o(RESET)
 <LI><a href="#[22]">TIM1_BRK_IRQHandler</a> from startup_stm32f103xb.o(.text) referenced from startup_stm32f103xb.o(RESET)
 <LI><a href="#[25]">TIM1_CC_IRQHandler</a> from startup_stm32f103xb.o(.text) referenced from startup_stm32f103xb.o(RESET)
 <LI><a href="#[24]">TIM1_TRG_COM_IRQHandler</a> from startup_stm32f103xb.o(.text) referenced from startup_stm32f103xb.o(RESET)
 <LI><a href="#[23]">TIM1_UP_IRQHandler</a> from startup_stm32f103xb.o(.text) referenced from startup_stm32f103xb.o(RESET)
 <LI><a href="#[26]">TIM2_IRQHandler</a> from stm32f1xx_it.o(i.TIM2_IRQHandler) referenced from startup_stm32f103xb.o(RESET)
 <LI><a href="#[27]">TIM3_IRQHandler</a> from startup_stm32f103xb.o(.text) referenced from startup_stm32f103xb.o(RESET)
 <LI><a href="#[28]">TIM4_IRQHandler</a> from startup_stm32f103xb.o(.text) referenced from startup_stm32f103xb.o(RESET)
 <LI><a href="#[38]">UART_DMAAbortOnError</a> from stm32f1xx_hal_uart.o(i.UART_DMAAbortOnError) referenced from stm32f1xx_hal_uart.o(i.HAL_UART_IRQHandler)
 <LI><a href="#[2f]">USART1_IRQHandler</a> from startup_stm32f103xb.o(.text) referenced from startup_stm32f103xb.o(RESET)
 <LI><a href="#[30]">USART2_IRQHandler</a> from stm32f1xx_it.o(i.USART2_IRQHandler) referenced from startup_stm32f103xb.o(RESET)
 <LI><a href="#[31]">USART3_IRQHandler</a> from startup_stm32f103xb.o(.text) referenced from startup_stm32f103xb.o(RESET)
 <LI><a href="#[34]">USBWakeUp_IRQHandler</a> from startup_stm32f103xb.o(.text) referenced from startup_stm32f103xb.o(RESET)
 <LI><a href="#[1d]">USB_HP_CAN1_TX_IRQHandler</a> from startup_stm32f103xb.o(.text) referenced from startup_stm32f103xb.o(RESET)
 <LI><a href="#[1e]">USB_LP_CAN1_RX0_IRQHandler</a> from startup_stm32f103xb.o(.text) referenced from startup_stm32f103xb.o(RESET)
 <LI><a href="#[5]">UsageFault_Handler</a> from stm32f1xx_it.o(i.UsageFault_Handler) referenced from startup_stm32f103xb.o(RESET)
 <LI><a href="#[a]">WWDG_IRQHandler</a> from startup_stm32f103xb.o(.text) referenced from startup_stm32f103xb.o(RESET)
 <LI><a href="#[37]">__main</a> from entry.o(.ARM.Collect$$$$00000000) referenced from startup_stm32f103xb.o(.text)
 <LI><a href="#[39]">fputc</a> from gizwits_product.o(i.fputc) referenced from printf8.o(i.__0printf$8)
 <LI><a href="#[3a]">key1LongPress</a> from main.o(i.key1LongPress) referenced from main.o(i.keyInit)
 <LI><a href="#[3b]">key1ShortPress</a> from main.o(i.key1ShortPress) referenced from main.o(i.keyInit)
 <LI><a href="#[3c]">key2LongPress</a> from main.o(i.key2LongPress) referenced from main.o(i.keyInit)
 <LI><a href="#[3d]">key2ShortPress</a> from main.o(i.key2ShortPress) referenced from main.o(i.keyInit)
 <LI><a href="#[35]">main</a> from main.o(i.main) referenced from entry9a.o(.ARM.Collect$$$$0000000B)
</UL>
<P>
<H3>
Global Symbols
</H3>
<P><STRONG><a name="[37]"></a>__main</STRONG> (Thumb, 0 bytes, Stack size unknown bytes, entry.o(.ARM.Collect$$$$00000000))
<BR>[Address Reference Count : 1]<UL><LI> startup_stm32f103xb.o(.text)
</UL>
<P><STRONG><a name="[df]"></a>_main_stk</STRONG> (Thumb, 0 bytes, Stack size unknown bytes, entry2.o(.ARM.Collect$$$$00000001))

<P><STRONG><a name="[3e]"></a>_main_scatterload</STRONG> (Thumb, 0 bytes, Stack size unknown bytes, entry5.o(.ARM.Collect$$$$00000004))
<BR><BR>[Calls]<UL><LI><a href="#[3f]">&gt;&gt;</a>&nbsp;&nbsp;&nbsp;__scatterload
</UL>

<P><STRONG><a name="[46]"></a>__main_after_scatterload</STRONG> (Thumb, 0 bytes, Stack size unknown bytes, entry5.o(.ARM.Collect$$$$00000004))
<BR><BR>[Called By]<UL><LI><a href="#[3f]">&gt;&gt;</a>&nbsp;&nbsp;&nbsp;__scatterload
</UL>

<P><STRONG><a name="[e0]"></a>_main_clock</STRONG> (Thumb, 0 bytes, Stack size unknown bytes, entry7b.o(.ARM.Collect$$$$00000008))

<P><STRONG><a name="[e1]"></a>_main_cpp_init</STRONG> (Thumb, 0 bytes, Stack size unknown bytes, entry8b.o(.ARM.Collect$$$$0000000A))

<P><STRONG><a name="[e2]"></a>_main_init</STRONG> (Thumb, 0 bytes, Stack size unknown bytes, entry9a.o(.ARM.Collect$$$$0000000B))

<P><STRONG><a name="[e3]"></a>__rt_final_cpp</STRONG> (Thumb, 0 bytes, Stack size unknown bytes, entry10a.o(.ARM.Collect$$$$0000000D))

<P><STRONG><a name="[e4]"></a>__rt_final_exit</STRONG> (Thumb, 0 bytes, Stack size unknown bytes, entry11a.o(.ARM.Collect$$$$0000000F))

<P><STRONG><a name="[0]"></a>Reset_Handler</STRONG> (Thumb, 8 bytes, Stack size 0 bytes, startup_stm32f103xb.o(.text))
<BR>[Address Reference Count : 1]<UL><LI> startup_stm32f103xb.o(RESET)
</UL>
<P><STRONG><a name="[1c]"></a>ADC1_2_IRQHandler</STRONG> (Thumb, 0 bytes, Stack size 0 bytes, startup_stm32f103xb.o(.text))
<BR><BR>[Calls]<UL><LI><a href="#[1c]">&gt;&gt;</a>&nbsp;&nbsp;&nbsp;ADC1_2_IRQHandler
</UL>
<BR>[Called By]<UL><LI><a href="#[1c]">&gt;&gt;</a>&nbsp;&nbsp;&nbsp;ADC1_2_IRQHandler
</UL>
<BR>[Address Reference Count : 1]<UL><LI> startup_stm32f103xb.o(RESET)
</UL>
<P><STRONG><a name="[1f]"></a>CAN1_RX1_IRQHandler</STRONG> (Thumb, 0 bytes, Stack size 0 bytes, startup_stm32f103xb.o(.text))
<BR>[Address Reference Count : 1]<UL><LI> startup_stm32f103xb.o(RESET)
</UL>
<P><STRONG><a name="[20]"></a>CAN1_SCE_IRQHandler</STRONG> (Thumb, 0 bytes, Stack size 0 bytes, startup_stm32f103xb.o(.text))
<BR>[Address Reference Count : 1]<UL><LI> startup_stm32f103xb.o(RESET)
</UL>
<P><STRONG><a name="[15]"></a>DMA1_Channel1_IRQHandler</STRONG> (Thumb, 0 bytes, Stack size 0 bytes, startup_stm32f103xb.o(.text))
<BR>[Address Reference Count : 1]<UL><LI> startup_stm32f103xb.o(RESET)
</UL>
<P><STRONG><a name="[16]"></a>DMA1_Channel2_IRQHandler</STRONG> (Thumb, 0 bytes, Stack size 0 bytes, startup_stm32f103xb.o(.text))
<BR>[Address Reference Count : 1]<UL><LI> startup_stm32f103xb.o(RESET)
</UL>
<P><STRONG><a name="[17]"></a>DMA1_Channel3_IRQHandler</STRONG> (Thumb, 0 bytes, Stack size 0 bytes, startup_stm32f103xb.o(.text))
<BR>[Address Reference Count : 1]<UL><LI> startup_stm32f103xb.o(RESET)
</UL>
<P><STRONG><a name="[18]"></a>DMA1_Channel4_IRQHandler</STRONG> (Thumb, 0 bytes, Stack size 0 bytes, startup_stm32f103xb.o(.text))
<BR>[Address Reference Count : 1]<UL><LI> startup_stm32f103xb.o(RESET)
</UL>
<P><STRONG><a name="[19]"></a>DMA1_Channel5_IRQHandler</STRONG> (Thumb, 0 bytes, Stack size 0 bytes, startup_stm32f103xb.o(.text))
<BR>[Address Reference Count : 1]<UL><LI> startup_stm32f103xb.o(RESET)
</UL>
<P><STRONG><a name="[1a]"></a>DMA1_Channel6_IRQHandler</STRONG> (Thumb, 0 bytes, Stack size 0 bytes, startup_stm32f103xb.o(.text))
<BR>[Address Reference Count : 1]<UL><LI> startup_stm32f103xb.o(RESET)
</UL>
<P><STRONG><a name="[1b]"></a>DMA1_Channel7_IRQHandler</STRONG> (Thumb, 0 bytes, Stack size 0 bytes, startup_stm32f103xb.o(.text))
<BR>[Address Reference Count : 1]<UL><LI> startup_stm32f103xb.o(RESET)
</UL>
<P><STRONG><a name="[10]"></a>EXTI0_IRQHandler</STRONG> (Thumb, 0 bytes, Stack size 0 bytes, startup_stm32f103xb.o(.text))
<BR>[Address Reference Count : 1]<UL><LI> startup_stm32f103xb.o(RESET)
</UL>
<P><STRONG><a name="[32]"></a>EXTI15_10_IRQHandler</STRONG> (Thumb, 0 bytes, Stack size 0 bytes, startup_stm32f103xb.o(.text))
<BR>[Address Reference Count : 1]<UL><LI> startup_stm32f103xb.o(RESET)
</UL>
<P><STRONG><a name="[11]"></a>EXTI1_IRQHandler</STRONG> (Thumb, 0 bytes, Stack size 0 bytes, startup_stm32f103xb.o(.text))
<BR>[Address Reference Count : 1]<UL><LI> startup_stm32f103xb.o(RESET)
</UL>
<P><STRONG><a name="[12]"></a>EXTI2_IRQHandler</STRONG> (Thumb, 0 bytes, Stack size 0 bytes, startup_stm32f103xb.o(.text))
<BR>[Address Reference Count : 1]<UL><LI> startup_stm32f103xb.o(RESET)
</UL>
<P><STRONG><a name="[13]"></a>EXTI3_IRQHandler</STRONG> (Thumb, 0 bytes, Stack size 0 bytes, startup_stm32f103xb.o(.text))
<BR>[Address Reference Count : 1]<UL><LI> startup_stm32f103xb.o(RESET)
</UL>
<P><STRONG><a name="[14]"></a>EXTI4_IRQHandler</STRONG> (Thumb, 0 bytes, Stack size 0 bytes, startup_stm32f103xb.o(.text))
<BR>[Address Reference Count : 1]<UL><LI> startup_stm32f103xb.o(RESET)
</UL>
<P><STRONG><a name="[21]"></a>EXTI9_5_IRQHandler</STRONG> (Thumb, 0 bytes, Stack size 0 bytes, startup_stm32f103xb.o(.text))
<BR>[Address Reference Count : 1]<UL><LI> startup_stm32f103xb.o(RESET)
</UL>
<P><STRONG><a name="[e]"></a>FLASH_IRQHandler</STRONG> (Thumb, 0 bytes, Stack size 0 bytes, startup_stm32f103xb.o(.text))
<BR>[Address Reference Count : 1]<UL><LI> startup_stm32f103xb.o(RESET)
</UL>
<P><STRONG><a name="[2a]"></a>I2C1_ER_IRQHandler</STRONG> (Thumb, 0 bytes, Stack size 0 bytes, startup_stm32f103xb.o(.text))
<BR>[Address Reference Count : 1]<UL><LI> startup_stm32f103xb.o(RESET)
</UL>
<P><STRONG><a name="[29]"></a>I2C1_EV_IRQHandler</STRONG> (Thumb, 0 bytes, Stack size 0 bytes, startup_stm32f103xb.o(.text))
<BR>[Address Reference Count : 1]<UL><LI> startup_stm32f103xb.o(RESET)
</UL>
<P><STRONG><a name="[2c]"></a>I2C2_ER_IRQHandler</STRONG> (Thumb, 0 bytes, Stack size 0 bytes, startup_stm32f103xb.o(.text))
<BR>[Address Reference Count : 1]<UL><LI> startup_stm32f103xb.o(RESET)
</UL>
<P><STRONG><a name="[2b]"></a>I2C2_EV_IRQHandler</STRONG> (Thumb, 0 bytes, Stack size 0 bytes, startup_stm32f103xb.o(.text))
<BR>[Address Reference Count : 1]<UL><LI> startup_stm32f103xb.o(RESET)
</UL>
<P><STRONG><a name="[b]"></a>PVD_IRQHandler</STRONG> (Thumb, 0 bytes, Stack size 0 bytes, startup_stm32f103xb.o(.text))
<BR>[Address Reference Count : 1]<UL><LI> startup_stm32f103xb.o(RESET)
</UL>
<P><STRONG><a name="[f]"></a>RCC_IRQHandler</STRONG> (Thumb, 0 bytes, Stack size 0 bytes, startup_stm32f103xb.o(.text))
<BR>[Address Reference Count : 1]<UL><LI> startup_stm32f103xb.o(RESET)
</UL>
<P><STRONG><a name="[33]"></a>RTC_Alarm_IRQHandler</STRONG> (Thumb, 0 bytes, Stack size 0 bytes, startup_stm32f103xb.o(.text))
<BR>[Address Reference Count : 1]<UL><LI> startup_stm32f103xb.o(RESET)
</UL>
<P><STRONG><a name="[d]"></a>RTC_IRQHandler</STRONG> (Thumb, 0 bytes, Stack size 0 bytes, startup_stm32f103xb.o(.text))
<BR>[Address Reference Count : 1]<UL><LI> startup_stm32f103xb.o(RESET)
</UL>
<P><STRONG><a name="[2d]"></a>SPI1_IRQHandler</STRONG> (Thumb, 0 bytes, Stack size 0 bytes, startup_stm32f103xb.o(.text))
<BR>[Address Reference Count : 1]<UL><LI> startup_stm32f103xb.o(RESET)
</UL>
<P><STRONG><a name="[2e]"></a>SPI2_IRQHandler</STRONG> (Thumb, 0 bytes, Stack size 0 bytes, startup_stm32f103xb.o(.text))
<BR>[Address Reference Count : 1]<UL><LI> startup_stm32f103xb.o(RESET)
</UL>
<P><STRONG><a name="[c]"></a>TAMPER_IRQHandler</STRONG> (Thumb, 0 bytes, Stack size 0 bytes, startup_stm32f103xb.o(.text))
<BR>[Address Reference Count : 1]<UL><LI> startup_stm32f103xb.o(RESET)
</UL>
<P><STRONG><a name="[22]"></a>TIM1_BRK_IRQHandler</STRONG> (Thumb, 0 bytes, Stack size 0 bytes, startup_stm32f103xb.o(.text))
<BR>[Address Reference Count : 1]<UL><LI> startup_stm32f103xb.o(RESET)
</UL>
<P><STRONG><a name="[25]"></a>TIM1_CC_IRQHandler</STRONG> (Thumb, 0 bytes, Stack size 0 bytes, startup_stm32f103xb.o(.text))
<BR>[Address Reference Count : 1]<UL><LI> startup_stm32f103xb.o(RESET)
</UL>
<P><STRONG><a name="[24]"></a>TIM1_TRG_COM_IRQHandler</STRONG> (Thumb, 0 bytes, Stack size 0 bytes, startup_stm32f103xb.o(.text))
<BR>[Address Reference Count : 1]<UL><LI> startup_stm32f103xb.o(RESET)
</UL>
<P><STRONG><a name="[23]"></a>TIM1_UP_IRQHandler</STRONG> (Thumb, 0 bytes, Stack size 0 bytes, startup_stm32f103xb.o(.text))
<BR>[Address Reference Count : 1]<UL><LI> startup_stm32f103xb.o(RESET)
</UL>
<P><STRONG><a name="[27]"></a>TIM3_IRQHandler</STRONG> (Thumb, 0 bytes, Stack size 0 bytes, startup_stm32f103xb.o(.text))
<BR>[Address Reference Count : 1]<UL><LI> startup_stm32f103xb.o(RESET)
</UL>
<P><STRONG><a name="[28]"></a>TIM4_IRQHandler</STRONG> (Thumb, 0 bytes, Stack size 0 bytes, startup_stm32f103xb.o(.text))
<BR>[Address Reference Count : 1]<UL><LI> startup_stm32f103xb.o(RESET)
</UL>
<P><STRONG><a name="[2f]"></a>USART1_IRQHandler</STRONG> (Thumb, 0 bytes, Stack size 0 bytes, startup_stm32f103xb.o(.text))
<BR>[Address Reference Count : 1]<UL><LI> startup_stm32f103xb.o(RESET)
</UL>
<P><STRONG><a name="[31]"></a>USART3_IRQHandler</STRONG> (Thumb, 0 bytes, Stack size 0 bytes, startup_stm32f103xb.o(.text))
<BR>[Address Reference Count : 1]<UL><LI> startup_stm32f103xb.o(RESET)
</UL>
<P><STRONG><a name="[34]"></a>USBWakeUp_IRQHandler</STRONG> (Thumb, 0 bytes, Stack size 0 bytes, startup_stm32f103xb.o(.text))
<BR>[Address Reference Count : 1]<UL><LI> startup_stm32f103xb.o(RESET)
</UL>
<P><STRONG><a name="[1d]"></a>USB_HP_CAN1_TX_IRQHandler</STRONG> (Thumb, 0 bytes, Stack size 0 bytes, startup_stm32f103xb.o(.text))
<BR>[Address Reference Count : 1]<UL><LI> startup_stm32f103xb.o(RESET)
</UL>
<P><STRONG><a name="[1e]"></a>USB_LP_CAN1_RX0_IRQHandler</STRONG> (Thumb, 0 bytes, Stack size 0 bytes, startup_stm32f103xb.o(.text))
<BR>[Address Reference Count : 1]<UL><LI> startup_stm32f103xb.o(RESET)
</UL>
<P><STRONG><a name="[a]"></a>WWDG_IRQHandler</STRONG> (Thumb, 0 bytes, Stack size 0 bytes, startup_stm32f103xb.o(.text))
<BR>[Address Reference Count : 1]<UL><LI> startup_stm32f103xb.o(RESET)
</UL>
<P><STRONG><a name="[44]"></a>__aeabi_llsr</STRONG> (Thumb, 32 bytes, Stack size 0 bytes, llushr.o(.text), UNUSED)
<BR><BR>[Called By]<UL><LI><a href="#[43]">&gt;&gt;</a>&nbsp;&nbsp;&nbsp;__aeabi_uldivmod
</UL>

<P><STRONG><a name="[e5]"></a>_ll_ushift_r</STRONG> (Thumb, 0 bytes, Stack size 0 bytes, llushr.o(.text), UNUSED)

<P><STRONG><a name="[89]"></a>__aeabi_memcpy</STRONG> (Thumb, 36 bytes, Stack size 0 bytes, memcpya.o(.text))
<BR><BR>[Called By]<UL><LI><a href="#[c0]">&gt;&gt;</a>&nbsp;&nbsp;&nbsp;rbWrite
<LI><a href="#[b8]">&gt;&gt;</a>&nbsp;&nbsp;&nbsp;rbRead
<LI><a href="#[a5]">&gt;&gt;</a>&nbsp;&nbsp;&nbsp;gizStandardDecompressionValue
<LI><a href="#[ab]">&gt;&gt;</a>&nbsp;&nbsp;&nbsp;gizReportData
<LI><a href="#[be]">&gt;&gt;</a>&nbsp;&nbsp;&nbsp;gizProtocolWaitAck
<LI><a href="#[ba]">&gt;&gt;</a>&nbsp;&nbsp;&nbsp;gizProtocolIssuedProcess
<LI><a href="#[b9]">&gt;&gt;</a>&nbsp;&nbsp;&nbsp;gizProtocolIssuedDataAck
<LI><a href="#[b6]">&gt;&gt;</a>&nbsp;&nbsp;&nbsp;gizProtocolGetOnePacket
<LI><a href="#[b4]">&gt;&gt;</a>&nbsp;&nbsp;&nbsp;gizProtocolGetDeviceInfo
<LI><a href="#[aa]">&gt;&gt;</a>&nbsp;&nbsp;&nbsp;gizDevReportPolicy
<LI><a href="#[88]">&gt;&gt;</a>&nbsp;&nbsp;&nbsp;OLED_DispStr
<LI><a href="#[cd]">&gt;&gt;</a>&nbsp;&nbsp;&nbsp;keyInitOne
<LI><a href="#[c4]">&gt;&gt;</a>&nbsp;&nbsp;&nbsp;gizwitsHandle
<LI><a href="#[cc]">&gt;&gt;</a>&nbsp;&nbsp;&nbsp;keyInit
</UL>

<P><STRONG><a name="[b5]"></a>__aeabi_memcpy4</STRONG> (Thumb, 0 bytes, Stack size 0 bytes, memcpya.o(.text))
<BR><BR>[Called By]<UL><LI><a href="#[b4]">&gt;&gt;</a>&nbsp;&nbsp;&nbsp;gizProtocolGetDeviceInfo
<LI><a href="#[cc]">&gt;&gt;</a>&nbsp;&nbsp;&nbsp;keyInit
</UL>

<P><STRONG><a name="[e6]"></a>__aeabi_memcpy8</STRONG> (Thumb, 0 bytes, Stack size 0 bytes, memcpya.o(.text), UNUSED)

<P><STRONG><a name="[41]"></a>__aeabi_memset</STRONG> (Thumb, 14 bytes, Stack size 0 bytes, memseta.o(.text))
<BR><BR>[Called By]<UL><LI><a href="#[88]">&gt;&gt;</a>&nbsp;&nbsp;&nbsp;OLED_DispStr
<LI><a href="#[42]">&gt;&gt;</a>&nbsp;&nbsp;&nbsp;_memset$wrapper
<LI><a href="#[40]">&gt;&gt;</a>&nbsp;&nbsp;&nbsp;__aeabi_memclr
</UL>

<P><STRONG><a name="[e7]"></a>__aeabi_memset4</STRONG> (Thumb, 0 bytes, Stack size 0 bytes, memseta.o(.text), UNUSED)

<P><STRONG><a name="[e8]"></a>__aeabi_memset8</STRONG> (Thumb, 0 bytes, Stack size 0 bytes, memseta.o(.text), UNUSED)

<P><STRONG><a name="[40]"></a>__aeabi_memclr</STRONG> (Thumb, 4 bytes, Stack size 0 bytes, memseta.o(.text))
<BR><BR>[Calls]<UL><LI><a href="#[41]">&gt;&gt;</a>&nbsp;&nbsp;&nbsp;__aeabi_memset
</UL>
<BR>[Called By]<UL><LI><a href="#[bf]">&gt;&gt;</a>&nbsp;&nbsp;&nbsp;gizProtocolWaitAckCheck
<LI><a href="#[be]">&gt;&gt;</a>&nbsp;&nbsp;&nbsp;gizProtocolWaitAck
<LI><a href="#[ba]">&gt;&gt;</a>&nbsp;&nbsp;&nbsp;gizProtocolIssuedProcess
<LI><a href="#[ac]">&gt;&gt;</a>&nbsp;&nbsp;&nbsp;gizProtocolAckHandle
<LI><a href="#[9c]">&gt;&gt;</a>&nbsp;&nbsp;&nbsp;dht11Init
<LI><a href="#[d2]">&gt;&gt;</a>&nbsp;&nbsp;&nbsp;userInit
<LI><a href="#[c6]">&gt;&gt;</a>&nbsp;&nbsp;&nbsp;gizwitsInit
<LI><a href="#[c4]">&gt;&gt;</a>&nbsp;&nbsp;&nbsp;gizwitsHandle
</UL>

<P><STRONG><a name="[e9]"></a>__aeabi_memclr4</STRONG> (Thumb, 0 bytes, Stack size 0 bytes, memseta.o(.text), UNUSED)

<P><STRONG><a name="[ea]"></a>__aeabi_memclr8</STRONG> (Thumb, 0 bytes, Stack size 0 bytes, memseta.o(.text), UNUSED)

<P><STRONG><a name="[42]"></a>_memset$wrapper</STRONG> (Thumb, 18 bytes, Stack size 8 bytes, memseta.o(.text), UNUSED)
<BR><BR>[Calls]<UL><LI><a href="#[41]">&gt;&gt;</a>&nbsp;&nbsp;&nbsp;__aeabi_memset
</UL>

<P><STRONG><a name="[43]"></a>__aeabi_uldivmod</STRONG> (Thumb, 98 bytes, Stack size 40 bytes, uldiv.o(.text), UNUSED)
<BR><BR>[Calls]<UL><LI><a href="#[44]">&gt;&gt;</a>&nbsp;&nbsp;&nbsp;__aeabi_llsr
<LI><a href="#[45]">&gt;&gt;</a>&nbsp;&nbsp;&nbsp;__aeabi_llsl
</UL>
<BR>[Called By]<UL><LI><a href="#[96]">&gt;&gt;</a>&nbsp;&nbsp;&nbsp;_printf_core
</UL>

<P><STRONG><a name="[45]"></a>__aeabi_llsl</STRONG> (Thumb, 30 bytes, Stack size 0 bytes, llshl.o(.text), UNUSED)
<BR><BR>[Called By]<UL><LI><a href="#[43]">&gt;&gt;</a>&nbsp;&nbsp;&nbsp;__aeabi_uldivmod
</UL>

<P><STRONG><a name="[eb]"></a>_ll_shift_l</STRONG> (Thumb, 0 bytes, Stack size 0 bytes, llshl.o(.text), UNUSED)

<P><STRONG><a name="[3f]"></a>__scatterload</STRONG> (Thumb, 28 bytes, Stack size 0 bytes, init.o(.text))
<BR><BR>[Calls]<UL><LI><a href="#[46]">&gt;&gt;</a>&nbsp;&nbsp;&nbsp;__main_after_scatterload
</UL>
<BR>[Called By]<UL><LI><a href="#[3e]">&gt;&gt;</a>&nbsp;&nbsp;&nbsp;_main_scatterload
</UL>

<P><STRONG><a name="[ec]"></a>__scatterload_rt2</STRONG> (Thumb, 0 bytes, Stack size 0 bytes, init.o(.text), UNUSED)

<P><STRONG><a name="[47]"></a>Beep</STRONG> (Thumb, 60 bytes, Stack size 24 bytes, hal_buzz.o(i.Beep))
<BR><BR>[Stack]<UL><LI>Max Depth = 24<LI>Call Chain = Beep
</UL>
<BR>[Calls]<UL><LI><a href="#[48]">&gt;&gt;</a>&nbsp;&nbsp;&nbsp;HAL_GPIO_WritePin
<LI><a href="#[49]">&gt;&gt;</a>&nbsp;&nbsp;&nbsp;Delay_us
</UL>
<BR>[Called By]<UL><LI><a href="#[4c]">&gt;&gt;</a>&nbsp;&nbsp;&nbsp;BuzzWrite
</UL>

<P><STRONG><a name="[4]"></a>BusFault_Handler</STRONG> (Thumb, 2 bytes, Stack size 0 bytes, stm32f1xx_it.o(i.BusFault_Handler))
<BR><BR>[Calls]<UL><LI><a href="#[4]">&gt;&gt;</a>&nbsp;&nbsp;&nbsp;BusFault_Handler
</UL>
<BR>[Called By]<UL><LI><a href="#[4]">&gt;&gt;</a>&nbsp;&nbsp;&nbsp;BusFault_Handler
</UL>
<BR>[Address Reference Count : 1]<UL><LI> startup_stm32f103xb.o(RESET)
</UL>
<P><STRONG><a name="[4a]"></a>BuzzInit</STRONG> (Thumb, 36 bytes, Stack size 24 bytes, hal_buzz.o(i.BuzzInit))
<BR><BR>[Stack]<UL><LI>Max Depth = 64<LI>Call Chain = BuzzInit &rArr; HAL_GPIO_Init
</UL>
<BR>[Calls]<UL><LI><a href="#[4b]">&gt;&gt;</a>&nbsp;&nbsp;&nbsp;HAL_GPIO_Init
<LI><a href="#[48]">&gt;&gt;</a>&nbsp;&nbsp;&nbsp;HAL_GPIO_WritePin
</UL>
<BR>[Called By]<UL><LI><a href="#[d2]">&gt;&gt;</a>&nbsp;&nbsp;&nbsp;userInit
</UL>

<P><STRONG><a name="[4c]"></a>BuzzWrite</STRONG> (Thumb, 20 bytes, Stack size 8 bytes, hal_buzz.o(i.BuzzWrite))
<BR><BR>[Stack]<UL><LI>Max Depth = 32<LI>Call Chain = BuzzWrite &rArr; Beep
</UL>
<BR>[Calls]<UL><LI><a href="#[47]">&gt;&gt;</a>&nbsp;&nbsp;&nbsp;Beep
<LI><a href="#[4d]">&gt;&gt;</a>&nbsp;&nbsp;&nbsp;__2printf
</UL>
<BR>[Called By]<UL><LI><a href="#[d8]">&gt;&gt;</a>&nbsp;&nbsp;&nbsp;my_ir_handler
<LI><a href="#[c2]">&gt;&gt;</a>&nbsp;&nbsp;&nbsp;gizwitsEventProcess
<LI><a href="#[d2]">&gt;&gt;</a>&nbsp;&nbsp;&nbsp;userInit
</UL>

<P><STRONG><a name="[4e]"></a>DHT11_IO_IN</STRONG> (Thumb, 28 bytes, Stack size 24 bytes, hal_temp_hum.o(i.DHT11_IO_IN))
<BR><BR>[Stack]<UL><LI>Max Depth = 64<LI>Call Chain = DHT11_IO_IN &rArr; HAL_GPIO_Init
</UL>
<BR>[Calls]<UL><LI><a href="#[4b]">&gt;&gt;</a>&nbsp;&nbsp;&nbsp;HAL_GPIO_Init
</UL>
<BR>[Called By]<UL><LI><a href="#[99]">&gt;&gt;</a>&nbsp;&nbsp;&nbsp;dht11Check
</UL>

<P><STRONG><a name="[4f]"></a>DHT11_IO_OUT</STRONG> (Thumb, 24 bytes, Stack size 24 bytes, hal_temp_hum.o(i.DHT11_IO_OUT))
<BR><BR>[Stack]<UL><LI>Max Depth = 64<LI>Call Chain = DHT11_IO_OUT &rArr; HAL_GPIO_Init
</UL>
<BR>[Calls]<UL><LI><a href="#[4b]">&gt;&gt;</a>&nbsp;&nbsp;&nbsp;HAL_GPIO_Init
</UL>
<BR>[Called By]<UL><LI><a href="#[9d]">&gt;&gt;</a>&nbsp;&nbsp;&nbsp;dht11Rst
</UL>

<P><STRONG><a name="[7]"></a>DebugMon_Handler</STRONG> (Thumb, 2 bytes, Stack size 0 bytes, stm32f1xx_it.o(i.DebugMon_Handler))
<BR>[Address Reference Count : 1]<UL><LI> startup_stm32f103xb.o(RESET)
</UL>
<P><STRONG><a name="[de]"></a>Delay_ms</STRONG> (Thumb, 28 bytes, Stack size 0 bytes, delay.o(i.Delay_ms))
<BR><BR>[Called By]<UL><LI><a href="#[d3]">&gt;&gt;</a>&nbsp;&nbsp;&nbsp;userHandle
</UL>

<P><STRONG><a name="[49]"></a>Delay_us</STRONG> (Thumb, 24 bytes, Stack size 0 bytes, delay.o(i.Delay_us))
<BR><BR>[Called By]<UL><LI><a href="#[47]">&gt;&gt;</a>&nbsp;&nbsp;&nbsp;Beep
</UL>

<P><STRONG><a name="[73]"></a>HAL_DMA_Abort_IT</STRONG> (Thumb, 148 bytes, Stack size 8 bytes, stm32f1xx_hal_dma.o(i.HAL_DMA_Abort_IT))
<BR><BR>[Stack]<UL><LI>Max Depth = 8<LI>Call Chain = HAL_DMA_Abort_IT
</UL>
<BR>[Called By]<UL><LI><a href="#[70]">&gt;&gt;</a>&nbsp;&nbsp;&nbsp;HAL_UART_IRQHandler
</UL>

<P><STRONG><a name="[50]"></a>HAL_Delay</STRONG> (Thumb, 28 bytes, Stack size 16 bytes, stm32f1xx_hal.o(i.HAL_Delay))
<BR><BR>[Stack]<UL><LI>Max Depth = 16<LI>Call Chain = HAL_Delay
</UL>
<BR>[Calls]<UL><LI><a href="#[51]">&gt;&gt;</a>&nbsp;&nbsp;&nbsp;HAL_GetTick
</UL>
<BR>[Called By]<UL><LI><a href="#[9d]">&gt;&gt;</a>&nbsp;&nbsp;&nbsp;dht11Rst
</UL>

<P><STRONG><a name="[4b]"></a>HAL_GPIO_Init</STRONG> (Thumb, 408 bytes, Stack size 40 bytes, stm32f1xx_hal_gpio.o(i.HAL_GPIO_Init))
<BR><BR>[Stack]<UL><LI>Max Depth = 40<LI>Call Chain = HAL_GPIO_Init
</UL>
<BR>[Called By]<UL><LI><a href="#[c9]">&gt;&gt;</a>&nbsp;&nbsp;&nbsp;irInit
<LI><a href="#[9c]">&gt;&gt;</a>&nbsp;&nbsp;&nbsp;dht11Init
<LI><a href="#[8d]">&gt;&gt;</a>&nbsp;&nbsp;&nbsp;RelayInit
<LI><a href="#[7f]">&gt;&gt;</a>&nbsp;&nbsp;&nbsp;LedInit
<LI><a href="#[4a]">&gt;&gt;</a>&nbsp;&nbsp;&nbsp;BuzzInit
<LI><a href="#[81]">&gt;&gt;</a>&nbsp;&nbsp;&nbsp;MX_GPIO_Init
<LI><a href="#[78]">&gt;&gt;</a>&nbsp;&nbsp;&nbsp;HAL_UART_MspInit
<LI><a href="#[8c]">&gt;&gt;</a>&nbsp;&nbsp;&nbsp;OLED_InitHard
<LI><a href="#[4f]">&gt;&gt;</a>&nbsp;&nbsp;&nbsp;DHT11_IO_OUT
<LI><a href="#[4e]">&gt;&gt;</a>&nbsp;&nbsp;&nbsp;DHT11_IO_IN
</UL>

<P><STRONG><a name="[9b]"></a>HAL_GPIO_ReadPin</STRONG> (Thumb, 10 bytes, Stack size 0 bytes, stm32f1xx_hal_gpio.o(i.HAL_GPIO_ReadPin))
<BR><BR>[Called By]<UL><LI><a href="#[a0]">&gt;&gt;</a>&nbsp;&nbsp;&nbsp;getKey
<LI><a href="#[ca]">&gt;&gt;</a>&nbsp;&nbsp;&nbsp;irRead
<LI><a href="#[9f]">&gt;&gt;</a>&nbsp;&nbsp;&nbsp;dht11ReadByte
<LI><a href="#[99]">&gt;&gt;</a>&nbsp;&nbsp;&nbsp;dht11Check
</UL>

<P><STRONG><a name="[48]"></a>HAL_GPIO_WritePin</STRONG> (Thumb, 10 bytes, Stack size 0 bytes, stm32f1xx_hal_gpio.o(i.HAL_GPIO_WritePin))
<BR><BR>[Called By]<UL><LI><a href="#[9c]">&gt;&gt;</a>&nbsp;&nbsp;&nbsp;dht11Init
<LI><a href="#[8e]">&gt;&gt;</a>&nbsp;&nbsp;&nbsp;RelayWrite
<LI><a href="#[8d]">&gt;&gt;</a>&nbsp;&nbsp;&nbsp;RelayInit
<LI><a href="#[80]">&gt;&gt;</a>&nbsp;&nbsp;&nbsp;LedWrite
<LI><a href="#[7f]">&gt;&gt;</a>&nbsp;&nbsp;&nbsp;LedInit
<LI><a href="#[4a]">&gt;&gt;</a>&nbsp;&nbsp;&nbsp;BuzzInit
<LI><a href="#[47]">&gt;&gt;</a>&nbsp;&nbsp;&nbsp;Beep
<LI><a href="#[9d]">&gt;&gt;</a>&nbsp;&nbsp;&nbsp;dht11Rst
</UL>

<P><STRONG><a name="[51]"></a>HAL_GetTick</STRONG> (Thumb, 6 bytes, Stack size 0 bytes, stm32f1xx_hal.o(i.HAL_GetTick))
<BR><BR>[Called By]<UL><LI><a href="#[7d]">&gt;&gt;</a>&nbsp;&nbsp;&nbsp;HAL_UART_Transmit
<LI><a href="#[5b]">&gt;&gt;</a>&nbsp;&nbsp;&nbsp;HAL_RCC_OscConfig
<LI><a href="#[59]">&gt;&gt;</a>&nbsp;&nbsp;&nbsp;HAL_RCC_ClockConfig
<LI><a href="#[50]">&gt;&gt;</a>&nbsp;&nbsp;&nbsp;HAL_Delay
<LI><a href="#[7e]">&gt;&gt;</a>&nbsp;&nbsp;&nbsp;UART_WaitOnFlagUntilTimeout
</UL>

<P><STRONG><a name="[8f]"></a>HAL_IncTick</STRONG> (Thumb, 10 bytes, Stack size 0 bytes, stm32f1xx_hal.o(i.HAL_IncTick))
<BR><BR>[Called By]<UL><LI><a href="#[9]">&gt;&gt;</a>&nbsp;&nbsp;&nbsp;SysTick_Handler
</UL>

<P><STRONG><a name="[52]"></a>HAL_Init</STRONG> (Thumb, 32 bytes, Stack size 8 bytes, stm32f1xx_hal.o(i.HAL_Init))
<BR><BR>[Stack]<UL><LI>Max Depth = 32<LI>Call Chain = HAL_Init &rArr; HAL_MspInit &rArr; HAL_NVIC_SetPriority
</UL>
<BR>[Calls]<UL><LI><a href="#[53]">&gt;&gt;</a>&nbsp;&nbsp;&nbsp;HAL_NVIC_SetPriorityGrouping
<LI><a href="#[55]">&gt;&gt;</a>&nbsp;&nbsp;&nbsp;HAL_MspInit
<LI><a href="#[54]">&gt;&gt;</a>&nbsp;&nbsp;&nbsp;HAL_InitTick
</UL>
<BR>[Called By]<UL><LI><a href="#[35]">&gt;&gt;</a>&nbsp;&nbsp;&nbsp;main
</UL>

<P><STRONG><a name="[54]"></a>HAL_InitTick</STRONG> (Thumb, 34 bytes, Stack size 8 bytes, stm32f1xx_hal.o(i.HAL_InitTick))
<BR><BR>[Stack]<UL><LI>Max Depth = 24<LI>Call Chain = HAL_InitTick &rArr; HAL_NVIC_SetPriority
</UL>
<BR>[Calls]<UL><LI><a href="#[56]">&gt;&gt;</a>&nbsp;&nbsp;&nbsp;HAL_SYSTICK_Config
<LI><a href="#[57]">&gt;&gt;</a>&nbsp;&nbsp;&nbsp;HAL_NVIC_SetPriority
</UL>
<BR>[Called By]<UL><LI><a href="#[59]">&gt;&gt;</a>&nbsp;&nbsp;&nbsp;HAL_RCC_ClockConfig
<LI><a href="#[52]">&gt;&gt;</a>&nbsp;&nbsp;&nbsp;HAL_Init
</UL>

<P><STRONG><a name="[55]"></a>HAL_MspInit</STRONG> (Thumb, 122 bytes, Stack size 8 bytes, stm32f1xx_hal_msp.o(i.HAL_MspInit))
<BR><BR>[Stack]<UL><LI>Max Depth = 24<LI>Call Chain = HAL_MspInit &rArr; HAL_NVIC_SetPriority
</UL>
<BR>[Calls]<UL><LI><a href="#[53]">&gt;&gt;</a>&nbsp;&nbsp;&nbsp;HAL_NVIC_SetPriorityGrouping
<LI><a href="#[57]">&gt;&gt;</a>&nbsp;&nbsp;&nbsp;HAL_NVIC_SetPriority
</UL>
<BR>[Called By]<UL><LI><a href="#[52]">&gt;&gt;</a>&nbsp;&nbsp;&nbsp;HAL_Init
</UL>

<P><STRONG><a name="[cf]"></a>HAL_NVIC_EnableIRQ</STRONG> (Thumb, 22 bytes, Stack size 0 bytes, stm32f1xx_hal_cortex.o(i.HAL_NVIC_EnableIRQ))
<BR><BR>[Called By]<UL><LI><a href="#[35]">&gt;&gt;</a>&nbsp;&nbsp;&nbsp;main
</UL>

<P><STRONG><a name="[57]"></a>HAL_NVIC_SetPriority</STRONG> (Thumb, 60 bytes, Stack size 16 bytes, stm32f1xx_hal_cortex.o(i.HAL_NVIC_SetPriority))
<BR><BR>[Stack]<UL><LI>Max Depth = 16<LI>Call Chain = HAL_NVIC_SetPriority
</UL>
<BR>[Calls]<UL><LI><a href="#[58]">&gt;&gt;</a>&nbsp;&nbsp;&nbsp;NVIC_SetPriority
</UL>
<BR>[Called By]<UL><LI><a href="#[35]">&gt;&gt;</a>&nbsp;&nbsp;&nbsp;main
<LI><a href="#[90]">&gt;&gt;</a>&nbsp;&nbsp;&nbsp;SystemClock_Config
<LI><a href="#[55]">&gt;&gt;</a>&nbsp;&nbsp;&nbsp;HAL_MspInit
<LI><a href="#[54]">&gt;&gt;</a>&nbsp;&nbsp;&nbsp;HAL_InitTick
</UL>

<P><STRONG><a name="[53]"></a>HAL_NVIC_SetPriorityGrouping</STRONG> (Thumb, 26 bytes, Stack size 0 bytes, stm32f1xx_hal_cortex.o(i.HAL_NVIC_SetPriorityGrouping))
<BR><BR>[Called By]<UL><LI><a href="#[52]">&gt;&gt;</a>&nbsp;&nbsp;&nbsp;HAL_Init
<LI><a href="#[55]">&gt;&gt;</a>&nbsp;&nbsp;&nbsp;HAL_MspInit
</UL>

<P><STRONG><a name="[d5]"></a>HAL_NVIC_SystemReset</STRONG> (Thumb, 26 bytes, Stack size 0 bytes, stm32f1xx_hal_cortex.o(i.HAL_NVIC_SystemReset))
<BR><BR>[Called By]<UL><LI><a href="#[c5]">&gt;&gt;</a>&nbsp;&nbsp;&nbsp;mcuRestart
</UL>

<P><STRONG><a name="[59]"></a>HAL_RCC_ClockConfig</STRONG> (Thumb, 322 bytes, Stack size 32 bytes, stm32f1xx_hal_rcc.o(i.HAL_RCC_ClockConfig))
<BR><BR>[Stack]<UL><LI>Max Depth = 60<LI>Call Chain = HAL_RCC_ClockConfig &rArr; HAL_RCC_GetSysClockFreq
</UL>
<BR>[Calls]<UL><LI><a href="#[5a]">&gt;&gt;</a>&nbsp;&nbsp;&nbsp;HAL_RCC_GetSysClockFreq
<LI><a href="#[54]">&gt;&gt;</a>&nbsp;&nbsp;&nbsp;HAL_InitTick
<LI><a href="#[51]">&gt;&gt;</a>&nbsp;&nbsp;&nbsp;HAL_GetTick
</UL>
<BR>[Called By]<UL><LI><a href="#[90]">&gt;&gt;</a>&nbsp;&nbsp;&nbsp;SystemClock_Config
</UL>

<P><STRONG><a name="[91]"></a>HAL_RCC_GetHCLKFreq</STRONG> (Thumb, 6 bytes, Stack size 0 bytes, stm32f1xx_hal_rcc.o(i.HAL_RCC_GetHCLKFreq))
<BR><BR>[Called By]<UL><LI><a href="#[90]">&gt;&gt;</a>&nbsp;&nbsp;&nbsp;SystemClock_Config
</UL>

<P><STRONG><a name="[94]"></a>HAL_RCC_GetPCLK1Freq</STRONG> (Thumb, 20 bytes, Stack size 0 bytes, stm32f1xx_hal_rcc.o(i.HAL_RCC_GetPCLK1Freq))
<BR><BR>[Called By]<UL><LI><a href="#[79]">&gt;&gt;</a>&nbsp;&nbsp;&nbsp;UART_SetConfig
</UL>

<P><STRONG><a name="[93]"></a>HAL_RCC_GetPCLK2Freq</STRONG> (Thumb, 20 bytes, Stack size 0 bytes, stm32f1xx_hal_rcc.o(i.HAL_RCC_GetPCLK2Freq))
<BR><BR>[Called By]<UL><LI><a href="#[79]">&gt;&gt;</a>&nbsp;&nbsp;&nbsp;UART_SetConfig
</UL>

<P><STRONG><a name="[5a]"></a>HAL_RCC_GetSysClockFreq</STRONG> (Thumb, 74 bytes, Stack size 28 bytes, stm32f1xx_hal_rcc.o(i.HAL_RCC_GetSysClockFreq))
<BR><BR>[Stack]<UL><LI>Max Depth = 28<LI>Call Chain = HAL_RCC_GetSysClockFreq
</UL>
<BR>[Called By]<UL><LI><a href="#[59]">&gt;&gt;</a>&nbsp;&nbsp;&nbsp;HAL_RCC_ClockConfig
</UL>

<P><STRONG><a name="[5b]"></a>HAL_RCC_OscConfig</STRONG> (Thumb, 750 bytes, Stack size 40 bytes, stm32f1xx_hal_rcc.o(i.HAL_RCC_OscConfig))
<BR><BR>[Stack]<UL><LI>Max Depth = 40<LI>Call Chain = HAL_RCC_OscConfig
</UL>
<BR>[Calls]<UL><LI><a href="#[51]">&gt;&gt;</a>&nbsp;&nbsp;&nbsp;HAL_GetTick
</UL>
<BR>[Called By]<UL><LI><a href="#[90]">&gt;&gt;</a>&nbsp;&nbsp;&nbsp;SystemClock_Config
</UL>

<P><STRONG><a name="[92]"></a>HAL_SYSTICK_CLKSourceConfig</STRONG> (Thumb, 24 bytes, Stack size 0 bytes, stm32f1xx_hal_cortex.o(i.HAL_SYSTICK_CLKSourceConfig))
<BR><BR>[Called By]<UL><LI><a href="#[90]">&gt;&gt;</a>&nbsp;&nbsp;&nbsp;SystemClock_Config
</UL>

<P><STRONG><a name="[5d]"></a>HAL_SYSTICK_Callback</STRONG> (Thumb, 2 bytes, Stack size 0 bytes, stm32f1xx_hal_cortex.o(i.HAL_SYSTICK_Callback))
<BR><BR>[Called By]<UL><LI><a href="#[5c]">&gt;&gt;</a>&nbsp;&nbsp;&nbsp;HAL_SYSTICK_IRQHandler
</UL>

<P><STRONG><a name="[56]"></a>HAL_SYSTICK_Config</STRONG> (Thumb, 40 bytes, Stack size 8 bytes, stm32f1xx_hal_cortex.o(i.HAL_SYSTICK_Config))
<BR><BR>[Stack]<UL><LI>Max Depth = 8<LI>Call Chain = HAL_SYSTICK_Config
</UL>
<BR>[Calls]<UL><LI><a href="#[58]">&gt;&gt;</a>&nbsp;&nbsp;&nbsp;NVIC_SetPriority
</UL>
<BR>[Called By]<UL><LI><a href="#[90]">&gt;&gt;</a>&nbsp;&nbsp;&nbsp;SystemClock_Config
<LI><a href="#[54]">&gt;&gt;</a>&nbsp;&nbsp;&nbsp;HAL_InitTick
</UL>

<P><STRONG><a name="[5c]"></a>HAL_SYSTICK_IRQHandler</STRONG> (Thumb, 8 bytes, Stack size 8 bytes, stm32f1xx_hal_cortex.o(i.HAL_SYSTICK_IRQHandler))
<BR><BR>[Stack]<UL><LI>Max Depth = 8<LI>Call Chain = HAL_SYSTICK_IRQHandler
</UL>
<BR>[Calls]<UL><LI><a href="#[5d]">&gt;&gt;</a>&nbsp;&nbsp;&nbsp;HAL_SYSTICK_Callback
</UL>
<BR>[Called By]<UL><LI><a href="#[9]">&gt;&gt;</a>&nbsp;&nbsp;&nbsp;SysTick_Handler
</UL>

<P><STRONG><a name="[6b]"></a>HAL_TIMEx_BreakCallback</STRONG> (Thumb, 2 bytes, Stack size 0 bytes, stm32f1xx_hal_tim_ex.o(i.HAL_TIMEx_BreakCallback))
<BR><BR>[Called By]<UL><LI><a href="#[66]">&gt;&gt;</a>&nbsp;&nbsp;&nbsp;HAL_TIM_IRQHandler
</UL>

<P><STRONG><a name="[6d]"></a>HAL_TIMEx_CommutationCallback</STRONG> (Thumb, 2 bytes, Stack size 0 bytes, stm32f1xx_hal_tim_ex.o(i.HAL_TIMEx_CommutationCallback))
<BR><BR>[Called By]<UL><LI><a href="#[66]">&gt;&gt;</a>&nbsp;&nbsp;&nbsp;HAL_TIM_IRQHandler
</UL>

<P><STRONG><a name="[83]"></a>HAL_TIMEx_MasterConfigSynchronization</STRONG> (Thumb, 80 bytes, Stack size 12 bytes, stm32f1xx_hal_tim_ex.o(i.HAL_TIMEx_MasterConfigSynchronization))
<BR><BR>[Stack]<UL><LI>Max Depth = 12<LI>Call Chain = HAL_TIMEx_MasterConfigSynchronization
</UL>
<BR>[Called By]<UL><LI><a href="#[82]">&gt;&gt;</a>&nbsp;&nbsp;&nbsp;MX_TIM2_Init
</UL>

<P><STRONG><a name="[5e]"></a>HAL_TIM_Base_Init</STRONG> (Thumb, 54 bytes, Stack size 8 bytes, stm32f1xx_hal_tim.o(i.HAL_TIM_Base_Init))
<BR><BR>[Stack]<UL><LI>Max Depth = 28<LI>Call Chain = HAL_TIM_Base_Init &rArr; TIM_Base_SetConfig
</UL>
<BR>[Calls]<UL><LI><a href="#[5f]">&gt;&gt;</a>&nbsp;&nbsp;&nbsp;HAL_TIM_Base_MspInit
<LI><a href="#[60]">&gt;&gt;</a>&nbsp;&nbsp;&nbsp;TIM_Base_SetConfig
</UL>
<BR>[Called By]<UL><LI><a href="#[82]">&gt;&gt;</a>&nbsp;&nbsp;&nbsp;MX_TIM2_Init
</UL>

<P><STRONG><a name="[5f]"></a>HAL_TIM_Base_MspInit</STRONG> (Thumb, 30 bytes, Stack size 8 bytes, stm32f1xx_hal_msp.o(i.HAL_TIM_Base_MspInit))
<BR><BR>[Stack]<UL><LI>Max Depth = 8<LI>Call Chain = HAL_TIM_Base_MspInit
</UL>
<BR>[Called By]<UL><LI><a href="#[5e]">&gt;&gt;</a>&nbsp;&nbsp;&nbsp;HAL_TIM_Base_Init
</UL>

<P><STRONG><a name="[dc]"></a>HAL_TIM_Base_Start_IT</STRONG> (Thumb, 24 bytes, Stack size 0 bytes, stm32f1xx_hal_tim.o(i.HAL_TIM_Base_Start_IT))
<BR><BR>[Called By]<UL><LI><a href="#[d0]">&gt;&gt;</a>&nbsp;&nbsp;&nbsp;timerInit
</UL>

<P><STRONG><a name="[61]"></a>HAL_TIM_ConfigClockSource</STRONG> (Thumb, 242 bytes, Stack size 16 bytes, stm32f1xx_hal_tim.o(i.HAL_TIM_ConfigClockSource))
<BR><BR>[Stack]<UL><LI>Max Depth = 24<LI>Call Chain = HAL_TIM_ConfigClockSource &rArr; TIM_TI2_ConfigInputStage
</UL>
<BR>[Calls]<UL><LI><a href="#[64]">&gt;&gt;</a>&nbsp;&nbsp;&nbsp;TIM_TI2_ConfigInputStage
<LI><a href="#[63]">&gt;&gt;</a>&nbsp;&nbsp;&nbsp;TIM_TI1_ConfigInputStage
<LI><a href="#[65]">&gt;&gt;</a>&nbsp;&nbsp;&nbsp;TIM_ITRx_SetConfig
<LI><a href="#[62]">&gt;&gt;</a>&nbsp;&nbsp;&nbsp;TIM_ETR_SetConfig
</UL>
<BR>[Called By]<UL><LI><a href="#[82]">&gt;&gt;</a>&nbsp;&nbsp;&nbsp;MX_TIM2_Init
</UL>

<P><STRONG><a name="[67]"></a>HAL_TIM_IC_CaptureCallback</STRONG> (Thumb, 2 bytes, Stack size 0 bytes, stm32f1xx_hal_tim.o(i.HAL_TIM_IC_CaptureCallback))
<BR><BR>[Called By]<UL><LI><a href="#[66]">&gt;&gt;</a>&nbsp;&nbsp;&nbsp;HAL_TIM_IRQHandler
</UL>

<P><STRONG><a name="[66]"></a>HAL_TIM_IRQHandler</STRONG> (Thumb, 358 bytes, Stack size 16 bytes, stm32f1xx_hal_tim.o(i.HAL_TIM_IRQHandler))
<BR><BR>[Stack]<UL><LI>Max Depth = 96<LI>Call Chain = HAL_TIM_IRQHandler &rArr; HAL_TIM_PeriodElapsedCallback &rArr; keyHandle &rArr; readKeyValue &rArr; getKey
</UL>
<BR>[Calls]<UL><LI><a href="#[6a]">&gt;&gt;</a>&nbsp;&nbsp;&nbsp;HAL_TIM_PeriodElapsedCallback
<LI><a href="#[6d]">&gt;&gt;</a>&nbsp;&nbsp;&nbsp;HAL_TIMEx_CommutationCallback
<LI><a href="#[6b]">&gt;&gt;</a>&nbsp;&nbsp;&nbsp;HAL_TIMEx_BreakCallback
<LI><a href="#[6c]">&gt;&gt;</a>&nbsp;&nbsp;&nbsp;HAL_TIM_TriggerCallback
<LI><a href="#[69]">&gt;&gt;</a>&nbsp;&nbsp;&nbsp;HAL_TIM_PWM_PulseFinishedCallback
<LI><a href="#[68]">&gt;&gt;</a>&nbsp;&nbsp;&nbsp;HAL_TIM_OC_DelayElapsedCallback
<LI><a href="#[67]">&gt;&gt;</a>&nbsp;&nbsp;&nbsp;HAL_TIM_IC_CaptureCallback
</UL>
<BR>[Called By]<UL><LI><a href="#[26]">&gt;&gt;</a>&nbsp;&nbsp;&nbsp;TIM2_IRQHandler
</UL>

<P><STRONG><a name="[68]"></a>HAL_TIM_OC_DelayElapsedCallback</STRONG> (Thumb, 2 bytes, Stack size 0 bytes, stm32f1xx_hal_tim.o(i.HAL_TIM_OC_DelayElapsedCallback))
<BR><BR>[Called By]<UL><LI><a href="#[66]">&gt;&gt;</a>&nbsp;&nbsp;&nbsp;HAL_TIM_IRQHandler
</UL>

<P><STRONG><a name="[69]"></a>HAL_TIM_PWM_PulseFinishedCallback</STRONG> (Thumb, 2 bytes, Stack size 0 bytes, stm32f1xx_hal_tim.o(i.HAL_TIM_PWM_PulseFinishedCallback))
<BR><BR>[Called By]<UL><LI><a href="#[66]">&gt;&gt;</a>&nbsp;&nbsp;&nbsp;HAL_TIM_IRQHandler
</UL>

<P><STRONG><a name="[6a]"></a>HAL_TIM_PeriodElapsedCallback</STRONG> (Thumb, 24 bytes, Stack size 8 bytes, gizwits_product.o(i.HAL_TIM_PeriodElapsedCallback))
<BR><BR>[Stack]<UL><LI>Max Depth = 80<LI>Call Chain = HAL_TIM_PeriodElapsedCallback &rArr; keyHandle &rArr; readKeyValue &rArr; getKey
</UL>
<BR>[Calls]<UL><LI><a href="#[6e]">&gt;&gt;</a>&nbsp;&nbsp;&nbsp;keyHandle
<LI><a href="#[6f]">&gt;&gt;</a>&nbsp;&nbsp;&nbsp;gizTimerMs
</UL>
<BR>[Called By]<UL><LI><a href="#[66]">&gt;&gt;</a>&nbsp;&nbsp;&nbsp;HAL_TIM_IRQHandler
</UL>

<P><STRONG><a name="[6c]"></a>HAL_TIM_TriggerCallback</STRONG> (Thumb, 2 bytes, Stack size 0 bytes, stm32f1xx_hal_tim.o(i.HAL_TIM_TriggerCallback))
<BR><BR>[Called By]<UL><LI><a href="#[66]">&gt;&gt;</a>&nbsp;&nbsp;&nbsp;HAL_TIM_IRQHandler
</UL>

<P><STRONG><a name="[74]"></a>HAL_UART_ErrorCallback</STRONG> (Thumb, 2 bytes, Stack size 0 bytes, stm32f1xx_hal_uart.o(i.HAL_UART_ErrorCallback))
<BR><BR>[Called By]<UL><LI><a href="#[70]">&gt;&gt;</a>&nbsp;&nbsp;&nbsp;HAL_UART_IRQHandler
<LI><a href="#[38]">&gt;&gt;</a>&nbsp;&nbsp;&nbsp;UART_DMAAbortOnError
</UL>

<P><STRONG><a name="[70]"></a>HAL_UART_IRQHandler</STRONG> (Thumb, 266 bytes, Stack size 16 bytes, stm32f1xx_hal_uart.o(i.HAL_UART_IRQHandler))
<BR><BR>[Stack]<UL><LI>Max Depth = 80<LI>Call Chain = HAL_UART_IRQHandler &rArr; UART_Receive_IT &rArr; HAL_UART_RxCpltCallback &rArr; gizPutData &rArr; rbWrite &rArr;  rbWrite (Cycle)
</UL>
<BR>[Calls]<UL><LI><a href="#[73]">&gt;&gt;</a>&nbsp;&nbsp;&nbsp;HAL_DMA_Abort_IT
<LI><a href="#[76]">&gt;&gt;</a>&nbsp;&nbsp;&nbsp;HAL_UART_TxCpltCallback
<LI><a href="#[74]">&gt;&gt;</a>&nbsp;&nbsp;&nbsp;HAL_UART_ErrorCallback
<LI><a href="#[75]">&gt;&gt;</a>&nbsp;&nbsp;&nbsp;UART_Transmit_IT
<LI><a href="#[71]">&gt;&gt;</a>&nbsp;&nbsp;&nbsp;UART_Receive_IT
<LI><a href="#[72]">&gt;&gt;</a>&nbsp;&nbsp;&nbsp;UART_EndRxTransfer
</UL>
<BR>[Called By]<UL><LI><a href="#[30]">&gt;&gt;</a>&nbsp;&nbsp;&nbsp;USART2_IRQHandler
</UL>

<P><STRONG><a name="[77]"></a>HAL_UART_Init</STRONG> (Thumb, 98 bytes, Stack size 16 bytes, stm32f1xx_hal_uart.o(i.HAL_UART_Init))
<BR><BR>[Stack]<UL><LI>Max Depth = 96<LI>Call Chain = HAL_UART_Init &rArr; HAL_UART_MspInit &rArr; HAL_GPIO_Init
</UL>
<BR>[Calls]<UL><LI><a href="#[78]">&gt;&gt;</a>&nbsp;&nbsp;&nbsp;HAL_UART_MspInit
<LI><a href="#[79]">&gt;&gt;</a>&nbsp;&nbsp;&nbsp;UART_SetConfig
</UL>
<BR>[Called By]<UL><LI><a href="#[35]">&gt;&gt;</a>&nbsp;&nbsp;&nbsp;main
</UL>

<P><STRONG><a name="[78]"></a>HAL_UART_MspInit</STRONG> (Thumb, 116 bytes, Stack size 40 bytes, stm32f1xx_hal_msp.o(i.HAL_UART_MspInit))
<BR><BR>[Stack]<UL><LI>Max Depth = 80<LI>Call Chain = HAL_UART_MspInit &rArr; HAL_GPIO_Init
</UL>
<BR>[Calls]<UL><LI><a href="#[4b]">&gt;&gt;</a>&nbsp;&nbsp;&nbsp;HAL_GPIO_Init
</UL>
<BR>[Called By]<UL><LI><a href="#[77]">&gt;&gt;</a>&nbsp;&nbsp;&nbsp;HAL_UART_Init
</UL>

<P><STRONG><a name="[7c]"></a>HAL_UART_Receive_IT</STRONG> (Thumb, 82 bytes, Stack size 0 bytes, stm32f1xx_hal_uart.o(i.HAL_UART_Receive_IT))
<BR><BR>[Called By]<UL><LI><a href="#[7a]">&gt;&gt;</a>&nbsp;&nbsp;&nbsp;HAL_UART_RxCpltCallback
<LI><a href="#[d1]">&gt;&gt;</a>&nbsp;&nbsp;&nbsp;uartInit
</UL>

<P><STRONG><a name="[7a]"></a>HAL_UART_RxCpltCallback</STRONG> (Thumb, 34 bytes, Stack size 8 bytes, gizwits_product.o(i.HAL_UART_RxCpltCallback))
<BR><BR>[Stack]<UL><LI>Max Depth = 56<LI>Call Chain = HAL_UART_RxCpltCallback &rArr; gizPutData &rArr; rbWrite &rArr;  rbWrite (Cycle)
</UL>
<BR>[Calls]<UL><LI><a href="#[7b]">&gt;&gt;</a>&nbsp;&nbsp;&nbsp;gizPutData
<LI><a href="#[7c]">&gt;&gt;</a>&nbsp;&nbsp;&nbsp;HAL_UART_Receive_IT
</UL>
<BR>[Called By]<UL><LI><a href="#[71]">&gt;&gt;</a>&nbsp;&nbsp;&nbsp;UART_Receive_IT
</UL>

<P><STRONG><a name="[7d]"></a>HAL_UART_Transmit</STRONG> (Thumb, 186 bytes, Stack size 32 bytes, stm32f1xx_hal_uart.o(i.HAL_UART_Transmit))
<BR><BR>[Stack]<UL><LI>Max Depth = 56<LI>Call Chain = HAL_UART_Transmit &rArr; UART_WaitOnFlagUntilTimeout
</UL>
<BR>[Calls]<UL><LI><a href="#[51]">&gt;&gt;</a>&nbsp;&nbsp;&nbsp;HAL_GetTick
<LI><a href="#[7e]">&gt;&gt;</a>&nbsp;&nbsp;&nbsp;UART_WaitOnFlagUntilTimeout
</UL>
<BR>[Called By]<UL><LI><a href="#[39]">&gt;&gt;</a>&nbsp;&nbsp;&nbsp;fputc
</UL>

<P><STRONG><a name="[dd]"></a>HAL_UART_Transmit_IT</STRONG> (Thumb, 62 bytes, Stack size 0 bytes, stm32f1xx_hal_uart.o(i.HAL_UART_Transmit_IT))
<BR><BR>[Called By]<UL><LI><a href="#[b1]">&gt;&gt;</a>&nbsp;&nbsp;&nbsp;uartWrite
</UL>

<P><STRONG><a name="[76]"></a>HAL_UART_TxCpltCallback</STRONG> (Thumb, 2 bytes, Stack size 0 bytes, stm32f1xx_hal_uart.o(i.HAL_UART_TxCpltCallback))
<BR><BR>[Called By]<UL><LI><a href="#[70]">&gt;&gt;</a>&nbsp;&nbsp;&nbsp;HAL_UART_IRQHandler
</UL>

<P><STRONG><a name="[2]"></a>HardFault_Handler</STRONG> (Thumb, 2 bytes, Stack size 0 bytes, stm32f1xx_it.o(i.HardFault_Handler))
<BR><BR>[Calls]<UL><LI><a href="#[2]">&gt;&gt;</a>&nbsp;&nbsp;&nbsp;HardFault_Handler
</UL>
<BR>[Called By]<UL><LI><a href="#[2]">&gt;&gt;</a>&nbsp;&nbsp;&nbsp;HardFault_Handler
</UL>
<BR>[Address Reference Count : 1]<UL><LI> startup_stm32f103xb.o(RESET)
</UL>
<P><STRONG><a name="[7f]"></a>LedInit</STRONG> (Thumb, 80 bytes, Stack size 32 bytes, hal_led.o(i.LedInit))
<BR><BR>[Stack]<UL><LI>Max Depth = 72<LI>Call Chain = LedInit &rArr; HAL_GPIO_Init
</UL>
<BR>[Calls]<UL><LI><a href="#[4b]">&gt;&gt;</a>&nbsp;&nbsp;&nbsp;HAL_GPIO_Init
<LI><a href="#[48]">&gt;&gt;</a>&nbsp;&nbsp;&nbsp;HAL_GPIO_WritePin
</UL>
<BR>[Called By]<UL><LI><a href="#[d2]">&gt;&gt;</a>&nbsp;&nbsp;&nbsp;userInit
</UL>

<P><STRONG><a name="[80]"></a>LedWrite</STRONG> (Thumb, 62 bytes, Stack size 0 bytes, hal_led.o(i.LedWrite))
<BR><BR>[Calls]<UL><LI><a href="#[48]">&gt;&gt;</a>&nbsp;&nbsp;&nbsp;HAL_GPIO_WritePin
</UL>
<BR>[Called By]<UL><LI><a href="#[d8]">&gt;&gt;</a>&nbsp;&nbsp;&nbsp;my_ir_handler
<LI><a href="#[c2]">&gt;&gt;</a>&nbsp;&nbsp;&nbsp;gizwitsEventProcess
</UL>

<P><STRONG><a name="[3]"></a>MemManage_Handler</STRONG> (Thumb, 2 bytes, Stack size 0 bytes, stm32f1xx_it.o(i.MemManage_Handler))
<BR><BR>[Calls]<UL><LI><a href="#[3]">&gt;&gt;</a>&nbsp;&nbsp;&nbsp;MemManage_Handler
</UL>
<BR>[Called By]<UL><LI><a href="#[3]">&gt;&gt;</a>&nbsp;&nbsp;&nbsp;MemManage_Handler
</UL>
<BR>[Address Reference Count : 1]<UL><LI> startup_stm32f103xb.o(RESET)
</UL>
<P><STRONG><a name="[1]"></a>NMI_Handler</STRONG> (Thumb, 2 bytes, Stack size 0 bytes, stm32f1xx_it.o(i.NMI_Handler))
<BR>[Address Reference Count : 1]<UL><LI> startup_stm32f103xb.o(RESET)
</UL>
<P><STRONG><a name="[86]"></a>OLED_ClrScr</STRONG> (Thumb, 48 bytes, Stack size 8 bytes, oled.o(i.OLED_ClrScr))
<BR><BR>[Stack]<UL><LI>Max Depth = 48<LI>Call Chain = OLED_ClrScr &rArr; OLED_BufToPanel &rArr; OLED_WR_Byte
</UL>
<BR>[Calls]<UL><LI><a href="#[84]">&gt;&gt;</a>&nbsp;&nbsp;&nbsp;OLED_BufToPanel
</UL>
<BR>[Called By]<UL><LI><a href="#[8b]">&gt;&gt;</a>&nbsp;&nbsp;&nbsp;OLED_Init
</UL>

<P><STRONG><a name="[87]"></a>OLED_DisDigital</STRONG> (Thumb, 66 bytes, Stack size 32 bytes, oled.o(i.OLED_DisDigital))
<BR><BR>[Stack]<UL><LI>Max Depth = 228<LI>Call Chain = OLED_DisDigital &rArr; OLED_DispStr &rArr; OLED_PutPixel &rArr; OLED_WR_Byte
</UL>
<BR>[Calls]<UL><LI><a href="#[88]">&gt;&gt;</a>&nbsp;&nbsp;&nbsp;OLED_DispStr
</UL>
<BR>[Called By]<UL><LI><a href="#[d4]">&gt;&gt;</a>&nbsp;&nbsp;&nbsp;my_oled_hadler
</UL>

<P><STRONG><a name="[88]"></a>OLED_DispStr</STRONG> (Thumb, 280 bytes, Stack size 144 bytes, oled.o(i.OLED_DispStr))
<BR><BR>[Stack]<UL><LI>Max Depth = 196<LI>Call Chain = OLED_DispStr &rArr; OLED_PutPixel &rArr; OLED_WR_Byte
</UL>
<BR>[Calls]<UL><LI><a href="#[8a]">&gt;&gt;</a>&nbsp;&nbsp;&nbsp;OLED_PutPixel
<LI><a href="#[41]">&gt;&gt;</a>&nbsp;&nbsp;&nbsp;__aeabi_memset
<LI><a href="#[89]">&gt;&gt;</a>&nbsp;&nbsp;&nbsp;__aeabi_memcpy
</UL>
<BR>[Called By]<UL><LI><a href="#[87]">&gt;&gt;</a>&nbsp;&nbsp;&nbsp;OLED_DisDigital
<LI><a href="#[d2]">&gt;&gt;</a>&nbsp;&nbsp;&nbsp;userInit
<LI><a href="#[d4]">&gt;&gt;</a>&nbsp;&nbsp;&nbsp;my_oled_hadler
</UL>

<P><STRONG><a name="[8b]"></a>OLED_Init</STRONG> (Thumb, 38 bytes, Stack size 8 bytes, oled.o(i.OLED_Init))
<BR><BR>[Stack]<UL><LI>Max Depth = 80<LI>Call Chain = OLED_Init &rArr; OLED_InitHard &rArr; HAL_GPIO_Init
</UL>
<BR>[Calls]<UL><LI><a href="#[8c]">&gt;&gt;</a>&nbsp;&nbsp;&nbsp;OLED_InitHard
<LI><a href="#[86]">&gt;&gt;</a>&nbsp;&nbsp;&nbsp;OLED_ClrScr
</UL>
<BR>[Called By]<UL><LI><a href="#[d2]">&gt;&gt;</a>&nbsp;&nbsp;&nbsp;userInit
</UL>

<P><STRONG><a name="[8c]"></a>OLED_InitHard</STRONG> (Thumb, 262 bytes, Stack size 32 bytes, oled.o(i.OLED_InitHard))
<BR><BR>[Stack]<UL><LI>Max Depth = 72<LI>Call Chain = OLED_InitHard &rArr; HAL_GPIO_Init
</UL>
<BR>[Calls]<UL><LI><a href="#[4b]">&gt;&gt;</a>&nbsp;&nbsp;&nbsp;HAL_GPIO_Init
<LI><a href="#[85]">&gt;&gt;</a>&nbsp;&nbsp;&nbsp;OLED_WR_Byte
</UL>
<BR>[Called By]<UL><LI><a href="#[8b]">&gt;&gt;</a>&nbsp;&nbsp;&nbsp;OLED_Init
</UL>

<P><STRONG><a name="[8a]"></a>OLED_PutPixel</STRONG> (Thumb, 112 bytes, Stack size 32 bytes, oled.o(i.OLED_PutPixel))
<BR><BR>[Stack]<UL><LI>Max Depth = 52<LI>Call Chain = OLED_PutPixel &rArr; OLED_WR_Byte
</UL>
<BR>[Calls]<UL><LI><a href="#[85]">&gt;&gt;</a>&nbsp;&nbsp;&nbsp;OLED_WR_Byte
</UL>
<BR>[Called By]<UL><LI><a href="#[88]">&gt;&gt;</a>&nbsp;&nbsp;&nbsp;OLED_DispStr
</UL>

<P><STRONG><a name="[85]"></a>OLED_WR_Byte</STRONG> (Thumb, 60 bytes, Stack size 20 bytes, oled.o(i.OLED_WR_Byte))
<BR><BR>[Stack]<UL><LI>Max Depth = 20<LI>Call Chain = OLED_WR_Byte
</UL>
<BR>[Called By]<UL><LI><a href="#[8a]">&gt;&gt;</a>&nbsp;&nbsp;&nbsp;OLED_PutPixel
<LI><a href="#[8c]">&gt;&gt;</a>&nbsp;&nbsp;&nbsp;OLED_InitHard
<LI><a href="#[84]">&gt;&gt;</a>&nbsp;&nbsp;&nbsp;OLED_BufToPanel
</UL>

<P><STRONG><a name="[8]"></a>PendSV_Handler</STRONG> (Thumb, 2 bytes, Stack size 0 bytes, stm32f1xx_it.o(i.PendSV_Handler))
<BR>[Address Reference Count : 1]<UL><LI> startup_stm32f103xb.o(RESET)
</UL>
<P><STRONG><a name="[8d]"></a>RelayInit</STRONG> (Thumb, 108 bytes, Stack size 40 bytes, hal_relay.o(i.RelayInit))
<BR><BR>[Stack]<UL><LI>Max Depth = 80<LI>Call Chain = RelayInit &rArr; HAL_GPIO_Init
</UL>
<BR>[Calls]<UL><LI><a href="#[4b]">&gt;&gt;</a>&nbsp;&nbsp;&nbsp;HAL_GPIO_Init
<LI><a href="#[48]">&gt;&gt;</a>&nbsp;&nbsp;&nbsp;HAL_GPIO_WritePin
</UL>
<BR>[Called By]<UL><LI><a href="#[d2]">&gt;&gt;</a>&nbsp;&nbsp;&nbsp;userInit
</UL>

<P><STRONG><a name="[8e]"></a>RelayWrite</STRONG> (Thumb, 76 bytes, Stack size 0 bytes, hal_relay.o(i.RelayWrite))
<BR><BR>[Calls]<UL><LI><a href="#[48]">&gt;&gt;</a>&nbsp;&nbsp;&nbsp;HAL_GPIO_WritePin
</UL>
<BR>[Called By]<UL><LI><a href="#[d9]">&gt;&gt;</a>&nbsp;&nbsp;&nbsp;my_temp_handler
<LI><a href="#[d8]">&gt;&gt;</a>&nbsp;&nbsp;&nbsp;my_ir_handler
<LI><a href="#[d7]">&gt;&gt;</a>&nbsp;&nbsp;&nbsp;my_humi_handler
<LI><a href="#[d6]">&gt;&gt;</a>&nbsp;&nbsp;&nbsp;my_heater_handler
<LI><a href="#[c2]">&gt;&gt;</a>&nbsp;&nbsp;&nbsp;gizwitsEventProcess
</UL>

<P><STRONG><a name="[6]"></a>SVC_Handler</STRONG> (Thumb, 2 bytes, Stack size 0 bytes, stm32f1xx_it.o(i.SVC_Handler))
<BR>[Address Reference Count : 1]<UL><LI> startup_stm32f103xb.o(RESET)
</UL>
<P><STRONG><a name="[9]"></a>SysTick_Handler</STRONG> (Thumb, 14 bytes, Stack size 8 bytes, stm32f1xx_it.o(i.SysTick_Handler))
<BR><BR>[Stack]<UL><LI>Max Depth = 16<LI>Call Chain = SysTick_Handler &rArr; HAL_SYSTICK_IRQHandler
</UL>
<BR>[Calls]<UL><LI><a href="#[5c]">&gt;&gt;</a>&nbsp;&nbsp;&nbsp;HAL_SYSTICK_IRQHandler
<LI><a href="#[8f]">&gt;&gt;</a>&nbsp;&nbsp;&nbsp;HAL_IncTick
</UL>
<BR>[Address Reference Count : 1]<UL><LI> startup_stm32f103xb.o(RESET)
</UL>
<P><STRONG><a name="[90]"></a>SystemClock_Config</STRONG> (Thumb, 104 bytes, Stack size 72 bytes, main.o(i.SystemClock_Config))
<BR><BR>[Stack]<UL><LI>Max Depth = 132<LI>Call Chain = SystemClock_Config &rArr; HAL_RCC_ClockConfig &rArr; HAL_RCC_GetSysClockFreq
</UL>
<BR>[Calls]<UL><LI><a href="#[56]">&gt;&gt;</a>&nbsp;&nbsp;&nbsp;HAL_SYSTICK_Config
<LI><a href="#[92]">&gt;&gt;</a>&nbsp;&nbsp;&nbsp;HAL_SYSTICK_CLKSourceConfig
<LI><a href="#[5b]">&gt;&gt;</a>&nbsp;&nbsp;&nbsp;HAL_RCC_OscConfig
<LI><a href="#[91]">&gt;&gt;</a>&nbsp;&nbsp;&nbsp;HAL_RCC_GetHCLKFreq
<LI><a href="#[59]">&gt;&gt;</a>&nbsp;&nbsp;&nbsp;HAL_RCC_ClockConfig
<LI><a href="#[57]">&gt;&gt;</a>&nbsp;&nbsp;&nbsp;HAL_NVIC_SetPriority
</UL>
<BR>[Called By]<UL><LI><a href="#[35]">&gt;&gt;</a>&nbsp;&nbsp;&nbsp;main
</UL>

<P><STRONG><a name="[36]"></a>SystemInit</STRONG> (Thumb, 56 bytes, Stack size 0 bytes, system_stm32f1xx.o(i.SystemInit))
<BR>[Address Reference Count : 1]<UL><LI> startup_stm32f103xb.o(.text)
</UL>
<P><STRONG><a name="[26]"></a>TIM2_IRQHandler</STRONG> (Thumb, 6 bytes, Stack size 0 bytes, stm32f1xx_it.o(i.TIM2_IRQHandler))
<BR><BR>[Stack]<UL><LI>Max Depth = 96<LI>Call Chain = TIM2_IRQHandler &rArr; HAL_TIM_IRQHandler &rArr; HAL_TIM_PeriodElapsedCallback &rArr; keyHandle &rArr; readKeyValue &rArr; getKey
</UL>
<BR>[Calls]<UL><LI><a href="#[66]">&gt;&gt;</a>&nbsp;&nbsp;&nbsp;HAL_TIM_IRQHandler
</UL>
<BR>[Address Reference Count : 1]<UL><LI> startup_stm32f103xb.o(RESET)
</UL>
<P><STRONG><a name="[60]"></a>TIM_Base_SetConfig</STRONG> (Thumb, 94 bytes, Stack size 20 bytes, stm32f1xx_hal_tim.o(i.TIM_Base_SetConfig))
<BR><BR>[Stack]<UL><LI>Max Depth = 20<LI>Call Chain = TIM_Base_SetConfig
</UL>
<BR>[Called By]<UL><LI><a href="#[5e]">&gt;&gt;</a>&nbsp;&nbsp;&nbsp;HAL_TIM_Base_Init
</UL>

<P><STRONG><a name="[30]"></a>USART2_IRQHandler</STRONG> (Thumb, 6 bytes, Stack size 0 bytes, stm32f1xx_it.o(i.USART2_IRQHandler))
<BR><BR>[Stack]<UL><LI>Max Depth = 80<LI>Call Chain = USART2_IRQHandler &rArr; HAL_UART_IRQHandler &rArr; UART_Receive_IT &rArr; HAL_UART_RxCpltCallback &rArr; gizPutData &rArr; rbWrite &rArr;  rbWrite (Cycle)
</UL>
<BR>[Calls]<UL><LI><a href="#[70]">&gt;&gt;</a>&nbsp;&nbsp;&nbsp;HAL_UART_IRQHandler
</UL>
<BR>[Address Reference Count : 1]<UL><LI> startup_stm32f103xb.o(RESET)
</UL>
<P><STRONG><a name="[5]"></a>UsageFault_Handler</STRONG> (Thumb, 2 bytes, Stack size 0 bytes, stm32f1xx_it.o(i.UsageFault_Handler))
<BR><BR>[Calls]<UL><LI><a href="#[5]">&gt;&gt;</a>&nbsp;&nbsp;&nbsp;UsageFault_Handler
</UL>
<BR>[Called By]<UL><LI><a href="#[5]">&gt;&gt;</a>&nbsp;&nbsp;&nbsp;UsageFault_Handler
</UL>
<BR>[Address Reference Count : 1]<UL><LI> startup_stm32f103xb.o(RESET)
</UL>
<P><STRONG><a name="[95]"></a>__0printf$8</STRONG> (Thumb, 22 bytes, Stack size 24 bytes, printf8.o(i.__0printf$8), UNUSED)
<BR><BR>[Calls]<UL><LI><a href="#[96]">&gt;&gt;</a>&nbsp;&nbsp;&nbsp;_printf_core
</UL>

<P><STRONG><a name="[ed]"></a>__1printf$8</STRONG> (Thumb, 0 bytes, Stack size 24 bytes, printf8.o(i.__0printf$8), UNUSED)

<P><STRONG><a name="[4d]"></a>__2printf</STRONG> (Thumb, 0 bytes, Stack size 24 bytes, printf8.o(i.__0printf$8))
<BR><BR>[Stack]<UL><LI>Max Depth = 24<LI>Call Chain = __2printf
</UL>
<BR>[Called By]<UL><LI><a href="#[ab]">&gt;&gt;</a>&nbsp;&nbsp;&nbsp;gizReportData
<LI><a href="#[bf]">&gt;&gt;</a>&nbsp;&nbsp;&nbsp;gizProtocolWaitAckCheck
<LI><a href="#[be]">&gt;&gt;</a>&nbsp;&nbsp;&nbsp;gizProtocolWaitAck
<LI><a href="#[ad]">&gt;&gt;</a>&nbsp;&nbsp;&nbsp;gizProtocolResendData
<LI><a href="#[bc]">&gt;&gt;</a>&nbsp;&nbsp;&nbsp;gizProtocolNTP
<LI><a href="#[bb]">&gt;&gt;</a>&nbsp;&nbsp;&nbsp;gizProtocolModuleStatus
<LI><a href="#[ba]">&gt;&gt;</a>&nbsp;&nbsp;&nbsp;gizProtocolIssuedProcess
<LI><a href="#[b9]">&gt;&gt;</a>&nbsp;&nbsp;&nbsp;gizProtocolIssuedDataAck
<LI><a href="#[b3]">&gt;&gt;</a>&nbsp;&nbsp;&nbsp;gizProtocolHeadInit
<LI><a href="#[b6]">&gt;&gt;</a>&nbsp;&nbsp;&nbsp;gizProtocolGetOnePacket
<LI><a href="#[b4]">&gt;&gt;</a>&nbsp;&nbsp;&nbsp;gizProtocolGetDeviceInfo
<LI><a href="#[b2]">&gt;&gt;</a>&nbsp;&nbsp;&nbsp;gizProtocolErrorCmd
<LI><a href="#[ae]">&gt;&gt;</a>&nbsp;&nbsp;&nbsp;gizProtocolCommonAck
<LI><a href="#[ac]">&gt;&gt;</a>&nbsp;&nbsp;&nbsp;gizProtocolAckHandle
<LI><a href="#[aa]">&gt;&gt;</a>&nbsp;&nbsp;&nbsp;gizDevReportPolicy
<LI><a href="#[a7]">&gt;&gt;</a>&nbsp;&nbsp;&nbsp;gizDataPoints2ReportData
<LI><a href="#[a3]">&gt;&gt;</a>&nbsp;&nbsp;&nbsp;gizDataPoint2Event
<LI><a href="#[a1]">&gt;&gt;</a>&nbsp;&nbsp;&nbsp;gizCheckReport
<LI><a href="#[7b]">&gt;&gt;</a>&nbsp;&nbsp;&nbsp;gizPutData
<LI><a href="#[9c]">&gt;&gt;</a>&nbsp;&nbsp;&nbsp;dht11Init
<LI><a href="#[4c]">&gt;&gt;</a>&nbsp;&nbsp;&nbsp;BuzzWrite
<LI><a href="#[b1]">&gt;&gt;</a>&nbsp;&nbsp;&nbsp;uartWrite
<LI><a href="#[c2]">&gt;&gt;</a>&nbsp;&nbsp;&nbsp;gizwitsEventProcess
<LI><a href="#[d2]">&gt;&gt;</a>&nbsp;&nbsp;&nbsp;userInit
<LI><a href="#[c8]">&gt;&gt;</a>&nbsp;&nbsp;&nbsp;gizwitsSetMode
<LI><a href="#[c6]">&gt;&gt;</a>&nbsp;&nbsp;&nbsp;gizwitsInit
<LI><a href="#[c4]">&gt;&gt;</a>&nbsp;&nbsp;&nbsp;gizwitsHandle
<LI><a href="#[c3]">&gt;&gt;</a>&nbsp;&nbsp;&nbsp;gizwitsGetNTP
<LI><a href="#[35]">&gt;&gt;</a>&nbsp;&nbsp;&nbsp;main
<LI><a href="#[3d]">&gt;&gt;</a>&nbsp;&nbsp;&nbsp;key2ShortPress
<LI><a href="#[3c]">&gt;&gt;</a>&nbsp;&nbsp;&nbsp;key2LongPress
<LI><a href="#[3b]">&gt;&gt;</a>&nbsp;&nbsp;&nbsp;key1ShortPress
<LI><a href="#[3a]">&gt;&gt;</a>&nbsp;&nbsp;&nbsp;key1LongPress
</UL>

<P><STRONG><a name="[ee]"></a>__scatterload_copy</STRONG> (Thumb, 14 bytes, Stack size unknown bytes, handlers.o(i.__scatterload_copy), UNUSED)

<P><STRONG><a name="[ef]"></a>__scatterload_null</STRONG> (Thumb, 2 bytes, Stack size unknown bytes, handlers.o(i.__scatterload_null), UNUSED)

<P><STRONG><a name="[f0]"></a>__scatterload_zeroinit</STRONG> (Thumb, 14 bytes, Stack size unknown bytes, handlers.o(i.__scatterload_zeroinit), UNUSED)

<P><STRONG><a name="[9a]"></a>delayUs</STRONG> (Thumb, 16 bytes, Stack size 0 bytes, hal_temp_hum.o(i.delayUs))
<BR><BR>[Called By]<UL><LI><a href="#[9d]">&gt;&gt;</a>&nbsp;&nbsp;&nbsp;dht11Rst
<LI><a href="#[9f]">&gt;&gt;</a>&nbsp;&nbsp;&nbsp;dht11ReadByte
<LI><a href="#[99]">&gt;&gt;</a>&nbsp;&nbsp;&nbsp;dht11Check
</UL>

<P><STRONG><a name="[9c]"></a>dht11Init</STRONG> (Thumb, 84 bytes, Stack size 32 bytes, hal_temp_hum.o(i.dht11Init))
<BR><BR>[Stack]<UL><LI>Max Depth = 112<LI>Call Chain = dht11Init &rArr; dht11Check &rArr; DHT11_IO_IN &rArr; HAL_GPIO_Init
</UL>
<BR>[Calls]<UL><LI><a href="#[4b]">&gt;&gt;</a>&nbsp;&nbsp;&nbsp;HAL_GPIO_Init
<LI><a href="#[9d]">&gt;&gt;</a>&nbsp;&nbsp;&nbsp;dht11Rst
<LI><a href="#[99]">&gt;&gt;</a>&nbsp;&nbsp;&nbsp;dht11Check
<LI><a href="#[48]">&gt;&gt;</a>&nbsp;&nbsp;&nbsp;HAL_GPIO_WritePin
<LI><a href="#[4d]">&gt;&gt;</a>&nbsp;&nbsp;&nbsp;__2printf
<LI><a href="#[40]">&gt;&gt;</a>&nbsp;&nbsp;&nbsp;__aeabi_memclr
</UL>
<BR>[Called By]<UL><LI><a href="#[d2]">&gt;&gt;</a>&nbsp;&nbsp;&nbsp;userInit
</UL>

<P><STRONG><a name="[9e]"></a>dht11Read</STRONG> (Thumb, 232 bytes, Stack size 48 bytes, hal_temp_hum.o(i.dht11Read))
<BR><BR>[Stack]<UL><LI>Max Depth = 128<LI>Call Chain = dht11Read &rArr; dht11Check &rArr; DHT11_IO_IN &rArr; HAL_GPIO_Init
</UL>
<BR>[Calls]<UL><LI><a href="#[9d]">&gt;&gt;</a>&nbsp;&nbsp;&nbsp;dht11Rst
<LI><a href="#[9f]">&gt;&gt;</a>&nbsp;&nbsp;&nbsp;dht11ReadByte
<LI><a href="#[99]">&gt;&gt;</a>&nbsp;&nbsp;&nbsp;dht11Check
</UL>
<BR>[Called By]<UL><LI><a href="#[d9]">&gt;&gt;</a>&nbsp;&nbsp;&nbsp;my_temp_handler
<LI><a href="#[d7]">&gt;&gt;</a>&nbsp;&nbsp;&nbsp;my_humi_handler
</UL>

<P><STRONG><a name="[af]"></a>exchangeBytes</STRONG> (Thumb, 16 bytes, Stack size 0 bytes, common.o(i.exchangeBytes))
<BR><BR>[Called By]<UL><LI><a href="#[ab]">&gt;&gt;</a>&nbsp;&nbsp;&nbsp;gizReportData
<LI><a href="#[bc]">&gt;&gt;</a>&nbsp;&nbsp;&nbsp;gizProtocolNTP
<LI><a href="#[bb]">&gt;&gt;</a>&nbsp;&nbsp;&nbsp;gizProtocolModuleStatus
<LI><a href="#[b6]">&gt;&gt;</a>&nbsp;&nbsp;&nbsp;gizProtocolGetOnePacket
<LI><a href="#[b4]">&gt;&gt;</a>&nbsp;&nbsp;&nbsp;gizProtocolGetDeviceInfo
<LI><a href="#[b2]">&gt;&gt;</a>&nbsp;&nbsp;&nbsp;gizProtocolErrorCmd
<LI><a href="#[ae]">&gt;&gt;</a>&nbsp;&nbsp;&nbsp;gizProtocolCommonAck
<LI><a href="#[c8]">&gt;&gt;</a>&nbsp;&nbsp;&nbsp;gizwitsSetMode
<LI><a href="#[c3]">&gt;&gt;</a>&nbsp;&nbsp;&nbsp;gizwitsGetNTP
</UL>

<P><STRONG><a name="[bd]"></a>exchangeWord</STRONG> (Thumb, 4 bytes, Stack size 0 bytes, common.o(i.exchangeWord))
<BR><BR>[Called By]<UL><LI><a href="#[bc]">&gt;&gt;</a>&nbsp;&nbsp;&nbsp;gizProtocolNTP
</UL>

<P><STRONG><a name="[39]"></a>fputc</STRONG> (Thumb, 20 bytes, Stack size 16 bytes, gizwits_product.o(i.fputc))
<BR><BR>[Stack]<UL><LI>Max Depth = 72<LI>Call Chain = fputc &rArr; HAL_UART_Transmit &rArr; UART_WaitOnFlagUntilTimeout
</UL>
<BR>[Calls]<UL><LI><a href="#[7d]">&gt;&gt;</a>&nbsp;&nbsp;&nbsp;HAL_UART_Transmit
</UL>
<BR>[Address Reference Count : 1]<UL><LI> printf8.o(i.__0printf$8)
</UL>
<P><STRONG><a name="[a0]"></a>getKey</STRONG> (Thumb, 84 bytes, Stack size 32 bytes, hal_key.o(i.getKey))
<BR><BR>[Stack]<UL><LI>Max Depth = 32<LI>Call Chain = getKey
</UL>
<BR>[Calls]<UL><LI><a href="#[9b]">&gt;&gt;</a>&nbsp;&nbsp;&nbsp;HAL_GPIO_ReadPin
</UL>
<BR>[Called By]<UL><LI><a href="#[cb]">&gt;&gt;</a>&nbsp;&nbsp;&nbsp;readKeyValue
</UL>

<P><STRONG><a name="[c1]"></a>gizAcrossByteJudge</STRONG> (Thumb, 30 bytes, Stack size 0 bytes, datapointtools.o(i.gizAcrossByteJudge))
<BR><BR>[Called By]<UL><LI><a href="#[a5]">&gt;&gt;</a>&nbsp;&nbsp;&nbsp;gizStandardDecompressionValue
<LI><a href="#[a8]">&gt;&gt;</a>&nbsp;&nbsp;&nbsp;gizStandardCompressValue
</UL>

<P><STRONG><a name="[a4]"></a>gizByteOrderExchange</STRONG> (Thumb, 36 bytes, Stack size 12 bytes, datapointtools.o(i.gizByteOrderExchange))
<BR><BR>[Stack]<UL><LI>Max Depth = 12<LI>Call Chain = gizByteOrderExchange
</UL>
<BR>[Called By]<UL><LI><a href="#[a5]">&gt;&gt;</a>&nbsp;&nbsp;&nbsp;gizStandardDecompressionValue
<LI><a href="#[a7]">&gt;&gt;</a>&nbsp;&nbsp;&nbsp;gizDataPoints2ReportData
<LI><a href="#[a3]">&gt;&gt;</a>&nbsp;&nbsp;&nbsp;gizDataPoint2Event
</UL>

<P><STRONG><a name="[a2]"></a>gizGetTimerCount</STRONG> (Thumb, 6 bytes, Stack size 0 bytes, gizwits_product.o(i.gizGetTimerCount))
<BR><BR>[Called By]<UL><LI><a href="#[be]">&gt;&gt;</a>&nbsp;&nbsp;&nbsp;gizProtocolWaitAck
<LI><a href="#[ad]">&gt;&gt;</a>&nbsp;&nbsp;&nbsp;gizProtocolResendData
<LI><a href="#[ac]">&gt;&gt;</a>&nbsp;&nbsp;&nbsp;gizProtocolAckHandle
<LI><a href="#[aa]">&gt;&gt;</a>&nbsp;&nbsp;&nbsp;gizDevReportPolicy
<LI><a href="#[a1]">&gt;&gt;</a>&nbsp;&nbsp;&nbsp;gizCheckReport
<LI><a href="#[c4]">&gt;&gt;</a>&nbsp;&nbsp;&nbsp;gizwitsHandle
</UL>

<P><STRONG><a name="[b0]"></a>gizProtocolSum</STRONG> (Thumb, 36 bytes, Stack size 8 bytes, common.o(i.gizProtocolSum))
<BR><BR>[Stack]<UL><LI>Max Depth = 8<LI>Call Chain = gizProtocolSum
</UL>
<BR>[Called By]<UL><LI><a href="#[ab]">&gt;&gt;</a>&nbsp;&nbsp;&nbsp;gizReportData
<LI><a href="#[b9]">&gt;&gt;</a>&nbsp;&nbsp;&nbsp;gizProtocolIssuedDataAck
<LI><a href="#[b6]">&gt;&gt;</a>&nbsp;&nbsp;&nbsp;gizProtocolGetOnePacket
<LI><a href="#[b4]">&gt;&gt;</a>&nbsp;&nbsp;&nbsp;gizProtocolGetDeviceInfo
<LI><a href="#[b2]">&gt;&gt;</a>&nbsp;&nbsp;&nbsp;gizProtocolErrorCmd
<LI><a href="#[ae]">&gt;&gt;</a>&nbsp;&nbsp;&nbsp;gizProtocolCommonAck
<LI><a href="#[c8]">&gt;&gt;</a>&nbsp;&nbsp;&nbsp;gizwitsSetMode
<LI><a href="#[c3]">&gt;&gt;</a>&nbsp;&nbsp;&nbsp;gizwitsGetNTP
</UL>

<P><STRONG><a name="[7b]"></a>gizPutData</STRONG> (Thumb, 40 bytes, Stack size 16 bytes, gizwits_protocol.o(i.gizPutData))
<BR><BR>[Stack]<UL><LI>Max Depth = 48<LI>Call Chain = gizPutData &rArr; rbWrite &rArr;  rbWrite (Cycle)
</UL>
<BR>[Calls]<UL><LI><a href="#[c0]">&gt;&gt;</a>&nbsp;&nbsp;&nbsp;rbWrite
<LI><a href="#[4d]">&gt;&gt;</a>&nbsp;&nbsp;&nbsp;__2printf
</UL>
<BR>[Called By]<UL><LI><a href="#[7a]">&gt;&gt;</a>&nbsp;&nbsp;&nbsp;HAL_UART_RxCpltCallback
</UL>

<P><STRONG><a name="[a8]"></a>gizStandardCompressValue</STRONG> (Thumb, 80 bytes, Stack size 16 bytes, datapointtools.o(i.gizStandardCompressValue))
<BR><BR>[Stack]<UL><LI>Max Depth = 16<LI>Call Chain = gizStandardCompressValue
</UL>
<BR>[Calls]<UL><LI><a href="#[c1]">&gt;&gt;</a>&nbsp;&nbsp;&nbsp;gizAcrossByteJudge
</UL>
<BR>[Called By]<UL><LI><a href="#[a7]">&gt;&gt;</a>&nbsp;&nbsp;&nbsp;gizDataPoints2ReportData
</UL>

<P><STRONG><a name="[a5]"></a>gizStandardDecompressionValue</STRONG> (Thumb, 130 bytes, Stack size 80 bytes, datapointtools.o(i.gizStandardDecompressionValue))
<BR><BR>[Stack]<UL><LI>Max Depth = 92<LI>Call Chain = gizStandardDecompressionValue &rArr; gizByteOrderExchange
</UL>
<BR>[Calls]<UL><LI><a href="#[a4]">&gt;&gt;</a>&nbsp;&nbsp;&nbsp;gizByteOrderExchange
<LI><a href="#[c1]">&gt;&gt;</a>&nbsp;&nbsp;&nbsp;gizAcrossByteJudge
<LI><a href="#[89]">&gt;&gt;</a>&nbsp;&nbsp;&nbsp;__aeabi_memcpy
</UL>
<BR>[Called By]<UL><LI><a href="#[a3]">&gt;&gt;</a>&nbsp;&nbsp;&nbsp;gizDataPoint2Event
</UL>

<P><STRONG><a name="[6f]"></a>gizTimerMs</STRONG> (Thumb, 10 bytes, Stack size 0 bytes, gizwits_product.o(i.gizTimerMs))
<BR><BR>[Called By]<UL><LI><a href="#[6a]">&gt;&gt;</a>&nbsp;&nbsp;&nbsp;HAL_TIM_PeriodElapsedCallback
</UL>

<P><STRONG><a name="[a6]"></a>gizX2Y</STRONG> (Thumb, 6 bytes, Stack size 0 bytes, datapointtools.o(i.gizX2Y))
<BR><BR>[Called By]<UL><LI><a href="#[a3]">&gt;&gt;</a>&nbsp;&nbsp;&nbsp;gizDataPoint2Event
</UL>

<P><STRONG><a name="[a9]"></a>gizY2X</STRONG> (Thumb, 8 bytes, Stack size 0 bytes, datapointtools.o(i.gizY2X))
<BR><BR>[Called By]<UL><LI><a href="#[a7]">&gt;&gt;</a>&nbsp;&nbsp;&nbsp;gizDataPoints2ReportData
</UL>

<P><STRONG><a name="[c2]"></a>gizwitsEventProcess</STRONG> (Thumb, 398 bytes, Stack size 40 bytes, gizwits_product.o(i.gizwitsEventProcess))
<BR><BR>[Stack]<UL><LI>Max Depth = 72<LI>Call Chain = gizwitsEventProcess &rArr; BuzzWrite &rArr; Beep
</UL>
<BR>[Calls]<UL><LI><a href="#[8e]">&gt;&gt;</a>&nbsp;&nbsp;&nbsp;RelayWrite
<LI><a href="#[80]">&gt;&gt;</a>&nbsp;&nbsp;&nbsp;LedWrite
<LI><a href="#[4c]">&gt;&gt;</a>&nbsp;&nbsp;&nbsp;BuzzWrite
<LI><a href="#[4d]">&gt;&gt;</a>&nbsp;&nbsp;&nbsp;__2printf
</UL>
<BR>[Called By]<UL><LI><a href="#[c4]">&gt;&gt;</a>&nbsp;&nbsp;&nbsp;gizwitsHandle
</UL>

<P><STRONG><a name="[c3]"></a>gizwitsGetNTP</STRONG> (Thumb, 78 bytes, Stack size 16 bytes, gizwits_protocol.o(i.gizwitsGetNTP))
<BR><BR>[Stack]<UL><LI>Max Depth = 64<LI>Call Chain = gizwitsGetNTP &rArr; uartWrite &rArr; __2printf
</UL>
<BR>[Calls]<UL><LI><a href="#[b0]">&gt;&gt;</a>&nbsp;&nbsp;&nbsp;gizProtocolSum
<LI><a href="#[af]">&gt;&gt;</a>&nbsp;&nbsp;&nbsp;exchangeBytes
<LI><a href="#[be]">&gt;&gt;</a>&nbsp;&nbsp;&nbsp;gizProtocolWaitAck
<LI><a href="#[b3]">&gt;&gt;</a>&nbsp;&nbsp;&nbsp;gizProtocolHeadInit
<LI><a href="#[b1]">&gt;&gt;</a>&nbsp;&nbsp;&nbsp;uartWrite
<LI><a href="#[4d]">&gt;&gt;</a>&nbsp;&nbsp;&nbsp;__2printf
</UL>
<BR>[Called By]<UL><LI><a href="#[35]">&gt;&gt;</a>&nbsp;&nbsp;&nbsp;main
</UL>

<P><STRONG><a name="[c4]"></a>gizwitsHandle</STRONG> (Thumb, 558 bytes, Stack size 112 bytes, gizwits_protocol.o(i.gizwitsHandle))
<BR><BR>[Stack]<UL><LI>Max Depth = 288<LI>Call Chain = gizwitsHandle &rArr; gizProtocolGetDeviceInfo &rArr; uartWrite &rArr; __2printf
</UL>
<BR>[Calls]<UL><LI><a href="#[bf]">&gt;&gt;</a>&nbsp;&nbsp;&nbsp;gizProtocolWaitAckCheck
<LI><a href="#[bc]">&gt;&gt;</a>&nbsp;&nbsp;&nbsp;gizProtocolNTP
<LI><a href="#[bb]">&gt;&gt;</a>&nbsp;&nbsp;&nbsp;gizProtocolModuleStatus
<LI><a href="#[ba]">&gt;&gt;</a>&nbsp;&nbsp;&nbsp;gizProtocolIssuedProcess
<LI><a href="#[b9]">&gt;&gt;</a>&nbsp;&nbsp;&nbsp;gizProtocolIssuedDataAck
<LI><a href="#[b6]">&gt;&gt;</a>&nbsp;&nbsp;&nbsp;gizProtocolGetOnePacket
<LI><a href="#[b4]">&gt;&gt;</a>&nbsp;&nbsp;&nbsp;gizProtocolGetDeviceInfo
<LI><a href="#[b2]">&gt;&gt;</a>&nbsp;&nbsp;&nbsp;gizProtocolErrorCmd
<LI><a href="#[ae]">&gt;&gt;</a>&nbsp;&nbsp;&nbsp;gizProtocolCommonAck
<LI><a href="#[ac]">&gt;&gt;</a>&nbsp;&nbsp;&nbsp;gizProtocolAckHandle
<LI><a href="#[aa]">&gt;&gt;</a>&nbsp;&nbsp;&nbsp;gizDevReportPolicy
<LI><a href="#[c5]">&gt;&gt;</a>&nbsp;&nbsp;&nbsp;mcuRestart
<LI><a href="#[c2]">&gt;&gt;</a>&nbsp;&nbsp;&nbsp;gizwitsEventProcess
<LI><a href="#[a2]">&gt;&gt;</a>&nbsp;&nbsp;&nbsp;gizGetTimerCount
<LI><a href="#[4d]">&gt;&gt;</a>&nbsp;&nbsp;&nbsp;__2printf
<LI><a href="#[40]">&gt;&gt;</a>&nbsp;&nbsp;&nbsp;__aeabi_memclr
<LI><a href="#[89]">&gt;&gt;</a>&nbsp;&nbsp;&nbsp;__aeabi_memcpy
</UL>
<BR>[Called By]<UL><LI><a href="#[35]">&gt;&gt;</a>&nbsp;&nbsp;&nbsp;main
</UL>

<P><STRONG><a name="[c6]"></a>gizwitsInit</STRONG> (Thumb, 46 bytes, Stack size 8 bytes, gizwits_protocol.o(i.gizwitsInit))
<BR><BR>[Stack]<UL><LI>Max Depth = 32<LI>Call Chain = gizwitsInit &rArr; __2printf
</UL>
<BR>[Calls]<UL><LI><a href="#[c7]">&gt;&gt;</a>&nbsp;&nbsp;&nbsp;rbCreate
<LI><a href="#[4d]">&gt;&gt;</a>&nbsp;&nbsp;&nbsp;__2printf
<LI><a href="#[40]">&gt;&gt;</a>&nbsp;&nbsp;&nbsp;__aeabi_memclr
</UL>
<BR>[Called By]<UL><LI><a href="#[35]">&gt;&gt;</a>&nbsp;&nbsp;&nbsp;main
</UL>

<P><STRONG><a name="[c8]"></a>gizwitsSetMode</STRONG> (Thumb, 222 bytes, Stack size 48 bytes, gizwits_protocol.o(i.gizwitsSetMode))
<BR><BR>[Stack]<UL><LI>Max Depth = 96<LI>Call Chain = gizwitsSetMode &rArr; uartWrite &rArr; __2printf
</UL>
<BR>[Calls]<UL><LI><a href="#[b0]">&gt;&gt;</a>&nbsp;&nbsp;&nbsp;gizProtocolSum
<LI><a href="#[af]">&gt;&gt;</a>&nbsp;&nbsp;&nbsp;exchangeBytes
<LI><a href="#[be]">&gt;&gt;</a>&nbsp;&nbsp;&nbsp;gizProtocolWaitAck
<LI><a href="#[b3]">&gt;&gt;</a>&nbsp;&nbsp;&nbsp;gizProtocolHeadInit
<LI><a href="#[b1]">&gt;&gt;</a>&nbsp;&nbsp;&nbsp;uartWrite
<LI><a href="#[4d]">&gt;&gt;</a>&nbsp;&nbsp;&nbsp;__2printf
</UL>
<BR>[Called By]<UL><LI><a href="#[3c]">&gt;&gt;</a>&nbsp;&nbsp;&nbsp;key2LongPress
<LI><a href="#[3a]">&gt;&gt;</a>&nbsp;&nbsp;&nbsp;key1LongPress
</UL>

<P><STRONG><a name="[c9]"></a>irInit</STRONG> (Thumb, 24 bytes, Stack size 24 bytes, hal_infrared.o(i.irInit))
<BR><BR>[Stack]<UL><LI>Max Depth = 64<LI>Call Chain = irInit &rArr; HAL_GPIO_Init
</UL>
<BR>[Calls]<UL><LI><a href="#[4b]">&gt;&gt;</a>&nbsp;&nbsp;&nbsp;HAL_GPIO_Init
</UL>
<BR>[Called By]<UL><LI><a href="#[d2]">&gt;&gt;</a>&nbsp;&nbsp;&nbsp;userInit
</UL>

<P><STRONG><a name="[ca]"></a>irRead</STRONG> (Thumb, 18 bytes, Stack size 8 bytes, hal_infrared.o(i.irRead))
<BR><BR>[Stack]<UL><LI>Max Depth = 8<LI>Call Chain = irRead
</UL>
<BR>[Calls]<UL><LI><a href="#[9b]">&gt;&gt;</a>&nbsp;&nbsp;&nbsp;HAL_GPIO_ReadPin
</UL>
<BR>[Called By]<UL><LI><a href="#[d8]">&gt;&gt;</a>&nbsp;&nbsp;&nbsp;my_ir_handler
</UL>

<P><STRONG><a name="[3a]"></a>key1LongPress</STRONG> (Thumb, 18 bytes, Stack size 8 bytes, main.o(i.key1LongPress))
<BR><BR>[Stack]<UL><LI>Max Depth = 104<LI>Call Chain = key1LongPress &rArr; gizwitsSetMode &rArr; uartWrite &rArr; __2printf
</UL>
<BR>[Calls]<UL><LI><a href="#[c8]">&gt;&gt;</a>&nbsp;&nbsp;&nbsp;gizwitsSetMode
<LI><a href="#[4d]">&gt;&gt;</a>&nbsp;&nbsp;&nbsp;__2printf
</UL>
<BR>[Address Reference Count : 1]<UL><LI> main.o(i.keyInit)
</UL>
<P><STRONG><a name="[3b]"></a>key1ShortPress</STRONG> (Thumb, 6 bytes, Stack size 0 bytes, main.o(i.key1ShortPress))
<BR><BR>[Stack]<UL><LI>Max Depth = 24<LI>Call Chain = key1ShortPress &rArr; __2printf
</UL>
<BR>[Calls]<UL><LI><a href="#[4d]">&gt;&gt;</a>&nbsp;&nbsp;&nbsp;__2printf
</UL>
<BR>[Address Reference Count : 1]<UL><LI> main.o(i.keyInit)
</UL>
<P><STRONG><a name="[3c]"></a>key2LongPress</STRONG> (Thumb, 18 bytes, Stack size 8 bytes, main.o(i.key2LongPress))
<BR><BR>[Stack]<UL><LI>Max Depth = 104<LI>Call Chain = key2LongPress &rArr; gizwitsSetMode &rArr; uartWrite &rArr; __2printf
</UL>
<BR>[Calls]<UL><LI><a href="#[c8]">&gt;&gt;</a>&nbsp;&nbsp;&nbsp;gizwitsSetMode
<LI><a href="#[4d]">&gt;&gt;</a>&nbsp;&nbsp;&nbsp;__2printf
</UL>
<BR>[Address Reference Count : 1]<UL><LI> main.o(i.keyInit)
</UL>
<P><STRONG><a name="[3d]"></a>key2ShortPress</STRONG> (Thumb, 6 bytes, Stack size 0 bytes, main.o(i.key2ShortPress))
<BR><BR>[Stack]<UL><LI>Max Depth = 24<LI>Call Chain = key2ShortPress &rArr; __2printf
</UL>
<BR>[Calls]<UL><LI><a href="#[4d]">&gt;&gt;</a>&nbsp;&nbsp;&nbsp;__2printf
</UL>
<BR>[Address Reference Count : 1]<UL><LI> main.o(i.keyInit)
</UL>
<P><STRONG><a name="[6e]"></a>keyHandle</STRONG> (Thumb, 126 bytes, Stack size 24 bytes, hal_key.o(i.keyHandle))
<BR><BR>[Stack]<UL><LI>Max Depth = 72<LI>Call Chain = keyHandle &rArr; readKeyValue &rArr; getKey
</UL>
<BR>[Calls]<UL><LI><a href="#[cb]">&gt;&gt;</a>&nbsp;&nbsp;&nbsp;readKeyValue
</UL>
<BR>[Called By]<UL><LI><a href="#[6a]">&gt;&gt;</a>&nbsp;&nbsp;&nbsp;HAL_TIM_PeriodElapsedCallback
</UL>

<P><STRONG><a name="[cc]"></a>keyInit</STRONG> (Thumb, 88 bytes, Stack size 40 bytes, main.o(i.keyInit))
<BR><BR>[Stack]<UL><LI>Max Depth = 80<LI>Call Chain = keyInit &rArr; keyInitOne
</UL>
<BR>[Calls]<UL><LI><a href="#[ce]">&gt;&gt;</a>&nbsp;&nbsp;&nbsp;keyParaInit
<LI><a href="#[cd]">&gt;&gt;</a>&nbsp;&nbsp;&nbsp;keyInitOne
<LI><a href="#[b5]">&gt;&gt;</a>&nbsp;&nbsp;&nbsp;__aeabi_memcpy4
<LI><a href="#[89]">&gt;&gt;</a>&nbsp;&nbsp;&nbsp;__aeabi_memcpy
</UL>
<BR>[Called By]<UL><LI><a href="#[35]">&gt;&gt;</a>&nbsp;&nbsp;&nbsp;main
</UL>

<P><STRONG><a name="[cd]"></a>keyInitOne</STRONG> (Thumb, 58 bytes, Stack size 40 bytes, hal_key.o(i.keyInitOne))
<BR><BR>[Stack]<UL><LI>Max Depth = 40<LI>Call Chain = keyInitOne
</UL>
<BR>[Calls]<UL><LI><a href="#[89]">&gt;&gt;</a>&nbsp;&nbsp;&nbsp;__aeabi_memcpy
</UL>
<BR>[Called By]<UL><LI><a href="#[cc]">&gt;&gt;</a>&nbsp;&nbsp;&nbsp;keyInit
</UL>

<P><STRONG><a name="[ce]"></a>keyParaInit</STRONG> (Thumb, 20 bytes, Stack size 0 bytes, hal_key.o(i.keyParaInit))
<BR><BR>[Called By]<UL><LI><a href="#[cc]">&gt;&gt;</a>&nbsp;&nbsp;&nbsp;keyInit
</UL>

<P><STRONG><a name="[35]"></a>main</STRONG> (Thumb, 196 bytes, Stack size 0 bytes, main.o(i.main))
<BR><BR>[Stack]<UL><LI>Max Depth = 288<LI>Call Chain = main &rArr; gizwitsHandle &rArr; gizProtocolGetDeviceInfo &rArr; uartWrite &rArr; __2printf
</UL>
<BR>[Calls]<UL><LI><a href="#[d2]">&gt;&gt;</a>&nbsp;&nbsp;&nbsp;userInit
<LI><a href="#[d3]">&gt;&gt;</a>&nbsp;&nbsp;&nbsp;userHandle
<LI><a href="#[d1]">&gt;&gt;</a>&nbsp;&nbsp;&nbsp;uartInit
<LI><a href="#[d0]">&gt;&gt;</a>&nbsp;&nbsp;&nbsp;timerInit
<LI><a href="#[d4]">&gt;&gt;</a>&nbsp;&nbsp;&nbsp;my_oled_hadler
<LI><a href="#[c6]">&gt;&gt;</a>&nbsp;&nbsp;&nbsp;gizwitsInit
<LI><a href="#[c4]">&gt;&gt;</a>&nbsp;&nbsp;&nbsp;gizwitsHandle
<LI><a href="#[c3]">&gt;&gt;</a>&nbsp;&nbsp;&nbsp;gizwitsGetNTP
<LI><a href="#[77]">&gt;&gt;</a>&nbsp;&nbsp;&nbsp;HAL_UART_Init
<LI><a href="#[cf]">&gt;&gt;</a>&nbsp;&nbsp;&nbsp;HAL_NVIC_EnableIRQ
<LI><a href="#[52]">&gt;&gt;</a>&nbsp;&nbsp;&nbsp;HAL_Init
<LI><a href="#[cc]">&gt;&gt;</a>&nbsp;&nbsp;&nbsp;keyInit
<LI><a href="#[90]">&gt;&gt;</a>&nbsp;&nbsp;&nbsp;SystemClock_Config
<LI><a href="#[82]">&gt;&gt;</a>&nbsp;&nbsp;&nbsp;MX_TIM2_Init
<LI><a href="#[81]">&gt;&gt;</a>&nbsp;&nbsp;&nbsp;MX_GPIO_Init
<LI><a href="#[57]">&gt;&gt;</a>&nbsp;&nbsp;&nbsp;HAL_NVIC_SetPriority
<LI><a href="#[4d]">&gt;&gt;</a>&nbsp;&nbsp;&nbsp;__2printf
</UL>
<BR>[Address Reference Count : 1]<UL><LI> entry9a.o(.ARM.Collect$$$$0000000B)
</UL>
<P><STRONG><a name="[c5]"></a>mcuRestart</STRONG> (Thumb, 10 bytes, Stack size 0 bytes, gizwits_product.o(i.mcuRestart))
<BR><BR>[Calls]<UL><LI><a href="#[d5]">&gt;&gt;</a>&nbsp;&nbsp;&nbsp;HAL_NVIC_SystemReset
</UL>
<BR>[Called By]<UL><LI><a href="#[c4]">&gt;&gt;</a>&nbsp;&nbsp;&nbsp;gizwitsHandle
</UL>

<P><STRONG><a name="[d6]"></a>my_heater_handler</STRONG> (Thumb, 124 bytes, Stack size 24 bytes, gizwits_product.o(i.my_heater_handler))
<BR><BR>[Stack]<UL><LI>Max Depth = 24<LI>Call Chain = my_heater_handler
</UL>
<BR>[Calls]<UL><LI><a href="#[8e]">&gt;&gt;</a>&nbsp;&nbsp;&nbsp;RelayWrite
</UL>
<BR>[Called By]<UL><LI><a href="#[d3]">&gt;&gt;</a>&nbsp;&nbsp;&nbsp;userHandle
</UL>

<P><STRONG><a name="[d7]"></a>my_humi_handler</STRONG> (Thumb, 100 bytes, Stack size 24 bytes, gizwits_product.o(i.my_humi_handler))
<BR><BR>[Stack]<UL><LI>Max Depth = 152<LI>Call Chain = my_humi_handler &rArr; dht11Read &rArr; dht11Check &rArr; DHT11_IO_IN &rArr; HAL_GPIO_Init
</UL>
<BR>[Calls]<UL><LI><a href="#[9e]">&gt;&gt;</a>&nbsp;&nbsp;&nbsp;dht11Read
<LI><a href="#[8e]">&gt;&gt;</a>&nbsp;&nbsp;&nbsp;RelayWrite
</UL>
<BR>[Called By]<UL><LI><a href="#[d3]">&gt;&gt;</a>&nbsp;&nbsp;&nbsp;userHandle
</UL>

<P><STRONG><a name="[d8]"></a>my_ir_handler</STRONG> (Thumb, 134 bytes, Stack size 24 bytes, gizwits_product.o(i.my_ir_handler))
<BR><BR>[Stack]<UL><LI>Max Depth = 56<LI>Call Chain = my_ir_handler &rArr; BuzzWrite &rArr; Beep
</UL>
<BR>[Calls]<UL><LI><a href="#[ca]">&gt;&gt;</a>&nbsp;&nbsp;&nbsp;irRead
<LI><a href="#[8e]">&gt;&gt;</a>&nbsp;&nbsp;&nbsp;RelayWrite
<LI><a href="#[80]">&gt;&gt;</a>&nbsp;&nbsp;&nbsp;LedWrite
<LI><a href="#[4c]">&gt;&gt;</a>&nbsp;&nbsp;&nbsp;BuzzWrite
</UL>
<BR>[Called By]<UL><LI><a href="#[d3]">&gt;&gt;</a>&nbsp;&nbsp;&nbsp;userHandle
</UL>

<P><STRONG><a name="[d4]"></a>my_oled_hadler</STRONG> (Thumb, 138 bytes, Stack size 8 bytes, gizwits_product.o(i.my_oled_hadler))
<BR><BR>[Stack]<UL><LI>Max Depth = 236<LI>Call Chain = my_oled_hadler &rArr; OLED_DisDigital &rArr; OLED_DispStr &rArr; OLED_PutPixel &rArr; OLED_WR_Byte
</UL>
<BR>[Calls]<UL><LI><a href="#[88]">&gt;&gt;</a>&nbsp;&nbsp;&nbsp;OLED_DispStr
<LI><a href="#[87]">&gt;&gt;</a>&nbsp;&nbsp;&nbsp;OLED_DisDigital
</UL>
<BR>[Called By]<UL><LI><a href="#[35]">&gt;&gt;</a>&nbsp;&nbsp;&nbsp;main
</UL>

<P><STRONG><a name="[d9]"></a>my_temp_handler</STRONG> (Thumb, 168 bytes, Stack size 24 bytes, gizwits_product.o(i.my_temp_handler))
<BR><BR>[Stack]<UL><LI>Max Depth = 152<LI>Call Chain = my_temp_handler &rArr; dht11Read &rArr; dht11Check &rArr; DHT11_IO_IN &rArr; HAL_GPIO_Init
</UL>
<BR>[Calls]<UL><LI><a href="#[9e]">&gt;&gt;</a>&nbsp;&nbsp;&nbsp;dht11Read
<LI><a href="#[8e]">&gt;&gt;</a>&nbsp;&nbsp;&nbsp;RelayWrite
</UL>
<BR>[Called By]<UL><LI><a href="#[d3]">&gt;&gt;</a>&nbsp;&nbsp;&nbsp;userHandle
</UL>

<P><STRONG><a name="[b7]"></a>rbCanRead</STRONG> (Thumb, 50 bytes, Stack size 4 bytes, ringbuffer.o(i.rbCanRead))
<BR><BR>[Stack]<UL><LI>Max Depth = 4<LI>Call Chain = rbCanRead
</UL>
<BR>[Calls]<UL><LI><a href="#[da]">&gt;&gt;</a>&nbsp;&nbsp;&nbsp;rbCapacity
</UL>
<BR>[Called By]<UL><LI><a href="#[b8]">&gt;&gt;</a>&nbsp;&nbsp;&nbsp;rbRead
<LI><a href="#[b6]">&gt;&gt;</a>&nbsp;&nbsp;&nbsp;gizProtocolGetOnePacket
<LI><a href="#[db]">&gt;&gt;</a>&nbsp;&nbsp;&nbsp;rbCanWrite
</UL>

<P><STRONG><a name="[db]"></a>rbCanWrite</STRONG> (Thumb, 28 bytes, Stack size 4 bytes, ringbuffer.o(i.rbCanWrite))
<BR><BR>[Stack]<UL><LI>Max Depth = 8<LI>Call Chain = rbCanWrite &rArr; rbCanRead
</UL>
<BR>[Calls]<UL><LI><a href="#[b7]">&gt;&gt;</a>&nbsp;&nbsp;&nbsp;rbCanRead
<LI><a href="#[da]">&gt;&gt;</a>&nbsp;&nbsp;&nbsp;rbCapacity
</UL>
<BR>[Called By]<UL><LI><a href="#[c0]">&gt;&gt;</a>&nbsp;&nbsp;&nbsp;rbWrite
</UL>

<P><STRONG><a name="[da]"></a>rbCapacity</STRONG> (Thumb, 12 bytes, Stack size 0 bytes, ringbuffer.o(i.rbCapacity))
<BR><BR>[Called By]<UL><LI><a href="#[c0]">&gt;&gt;</a>&nbsp;&nbsp;&nbsp;rbWrite
<LI><a href="#[b8]">&gt;&gt;</a>&nbsp;&nbsp;&nbsp;rbRead
<LI><a href="#[b7]">&gt;&gt;</a>&nbsp;&nbsp;&nbsp;rbCanRead
<LI><a href="#[db]">&gt;&gt;</a>&nbsp;&nbsp;&nbsp;rbCanWrite
</UL>

<P><STRONG><a name="[c7]"></a>rbCreate</STRONG> (Thumb, 18 bytes, Stack size 0 bytes, ringbuffer.o(i.rbCreate))
<BR><BR>[Called By]<UL><LI><a href="#[c6]">&gt;&gt;</a>&nbsp;&nbsp;&nbsp;gizwitsInit
</UL>

<P><STRONG><a name="[b8]"></a>rbRead</STRONG> (Thumb, 126 bytes, Stack size 24 bytes, ringbuffer.o(i.rbRead))
[...]
<LI><a href="#[4a]">&gt;&gt;</a>&nbsp;&nbsp;&nbsp;BuzzInit
<LI><a href="#[4d]">&gt;&gt;</a>&nbsp;&nbsp;&nbsp;__2printf
<LI><a href="#[40]">&gt;&gt;</a>&nbsp;&nbsp;&nbsp;__aeabi_memclr
</UL>
<BR>[Called By]<UL><LI><a href="#[35]">&gt;&gt;</a>&nbsp;&nbsp;&nbsp;main
</UL>
<P>
<H3>
Local Symbols
</H3>
<P><STRONG><a name="[81]"></a>MX_GPIO_Init</STRONG> (Thumb, 110 bytes, Stack size 32 bytes, main.o(i.MX_GPIO_Init))
<BR><BR>[Stack]<UL><LI>Max Depth = 72<LI>Call Chain = MX_GPIO_Init &rArr; HAL_GPIO_Init
</UL>
<BR>[Calls]<UL><LI><a href="#[4b]">&gt;&gt;</a>&nbsp;&nbsp;&nbsp;HAL_GPIO_Init
</UL>
<BR>[Called By]<UL><LI><a href="#[35]">&gt;&gt;</a>&nbsp;&nbsp;&nbsp;main
</UL>

<P><STRONG><a name="[82]"></a>MX_TIM2_Init</STRONG> (Thumb, 78 bytes, Stack size 32 bytes, main.o(i.MX_TIM2_Init))
<BR><BR>[Stack]<UL><LI>Max Depth = 60<LI>Call Chain = MX_TIM2_Init &rArr; HAL_TIM_Base_Init &rArr; TIM_Base_SetConfig
</UL>
<BR>[Calls]<UL><LI><a href="#[61]">&gt;&gt;</a>&nbsp;&nbsp;&nbsp;HAL_TIM_ConfigClockSource
<LI><a href="#[5e]">&gt;&gt;</a>&nbsp;&nbsp;&nbsp;HAL_TIM_Base_Init
<LI><a href="#[83]">&gt;&gt;</a>&nbsp;&nbsp;&nbsp;HAL_TIMEx_MasterConfigSynchronization
</UL>
<BR>[Called By]<UL><LI><a href="#[35]">&gt;&gt;</a>&nbsp;&nbsp;&nbsp;main
</UL>

<P><STRONG><a name="[a1]"></a>gizCheckReport</STRONG> (Thumb, 350 bytes, Stack size 32 bytes, gizwits_protocol.o(i.gizCheckReport))
<BR><BR>[Stack]<UL><LI>Max Depth = 56<LI>Call Chain = gizCheckReport &rArr; __2printf
</UL>
<BR>[Calls]<UL><LI><a href="#[a2]">&gt;&gt;</a>&nbsp;&nbsp;&nbsp;gizGetTimerCount
<LI><a href="#[4d]">&gt;&gt;</a>&nbsp;&nbsp;&nbsp;__2printf
</UL>
<BR>[Called By]<UL><LI><a href="#[aa]">&gt;&gt;</a>&nbsp;&nbsp;&nbsp;gizDevReportPolicy
</UL>

<P><STRONG><a name="[a3]"></a>gizDataPoint2Event</STRONG> (Thumb, 538 bytes, Stack size 32 bytes, gizwits_protocol.o(i.gizDataPoint2Event))
<BR><BR>[Stack]<UL><LI>Max Depth = 124<LI>Call Chain = gizDataPoint2Event &rArr; gizStandardDecompressionValue &rArr; gizByteOrderExchange
</UL>
<BR>[Calls]<UL><LI><a href="#[a6]">&gt;&gt;</a>&nbsp;&nbsp;&nbsp;gizX2Y
<LI><a href="#[a5]">&gt;&gt;</a>&nbsp;&nbsp;&nbsp;gizStandardDecompressionValue
<LI><a href="#[a4]">&gt;&gt;</a>&nbsp;&nbsp;&nbsp;gizByteOrderExchange
<LI><a href="#[4d]">&gt;&gt;</a>&nbsp;&nbsp;&nbsp;__2printf
</UL>
<BR>[Called By]<UL><LI><a href="#[ba]">&gt;&gt;</a>&nbsp;&nbsp;&nbsp;gizProtocolIssuedProcess
</UL>

<P><STRONG><a name="[a7]"></a>gizDataPoints2ReportData</STRONG> (Thumb, 286 bytes, Stack size 16 bytes, gizwits_protocol.o(i.gizDataPoints2ReportData))
<BR><BR>[Stack]<UL><LI>Max Depth = 40<LI>Call Chain = gizDataPoints2ReportData &rArr; __2printf
</UL>
<BR>[Calls]<UL><LI><a href="#[a9]">&gt;&gt;</a>&nbsp;&nbsp;&nbsp;gizY2X
<LI><a href="#[a8]">&gt;&gt;</a>&nbsp;&nbsp;&nbsp;gizStandardCompressValue
<LI><a href="#[a4]">&gt;&gt;</a>&nbsp;&nbsp;&nbsp;gizByteOrderExchange
<LI><a href="#[4d]">&gt;&gt;</a>&nbsp;&nbsp;&nbsp;__2printf
</UL>
<BR>[Called By]<UL><LI><a href="#[ba]">&gt;&gt;</a>&nbsp;&nbsp;&nbsp;gizProtocolIssuedProcess
<LI><a href="#[aa]">&gt;&gt;</a>&nbsp;&nbsp;&nbsp;gizDevReportPolicy
</UL>

<P><STRONG><a name="[aa]"></a>gizDevReportPolicy</STRONG> (Thumb, 130 bytes, Stack size 24 bytes, gizwits_protocol.o(i.gizDevReportPolicy))
<BR><BR>[Stack]<UL><LI>Max Depth = 112<LI>Call Chain = gizDevReportPolicy &rArr; gizReportData &rArr; uartWrite &rArr; __2printf
</UL>
<BR>[Calls]<UL><LI><a href="#[ab]">&gt;&gt;</a>&nbsp;&nbsp;&nbsp;gizReportData
<LI><a href="#[a7]">&gt;&gt;</a>&nbsp;&nbsp;&nbsp;gizDataPoints2ReportData
<LI><a href="#[a1]">&gt;&gt;</a>&nbsp;&nbsp;&nbsp;gizCheckReport
<LI><a href="#[a2]">&gt;&gt;</a>&nbsp;&nbsp;&nbsp;gizGetTimerCount
<LI><a href="#[4d]">&gt;&gt;</a>&nbsp;&nbsp;&nbsp;__2printf
<LI><a href="#[89]">&gt;&gt;</a>&nbsp;&nbsp;&nbsp;__aeabi_memcpy
</UL>
<BR>[Called By]<UL><LI><a href="#[c4]">&gt;&gt;</a>&nbsp;&nbsp;&nbsp;gizwitsHandle
</UL>

<P><STRONG><a name="[ac]"></a>gizProtocolAckHandle</STRONG> (Thumb, 80 bytes, Stack size 8 bytes, gizwits_protocol.o(i.gizProtocolAckHandle))
<BR><BR>[Stack]<UL><LI>Max Depth = 64<LI>Call Chain = gizProtocolAckHandle &rArr; gizProtocolResendData &rArr; uartWrite &rArr; __2printf
</UL>
<BR>[Calls]<UL><LI><a href="#[ad]">&gt;&gt;</a>&nbsp;&nbsp;&nbsp;gizProtocolResendData
<LI><a href="#[a2]">&gt;&gt;</a>&nbsp;&nbsp;&nbsp;gizGetTimerCount
<LI><a href="#[4d]">&gt;&gt;</a>&nbsp;&nbsp;&nbsp;__2printf
<LI><a href="#[40]">&gt;&gt;</a>&nbsp;&nbsp;&nbsp;__aeabi_memclr
</UL>
<BR>[Called By]<UL><LI><a href="#[c4]">&gt;&gt;</a>&nbsp;&nbsp;&nbsp;gizwitsHandle
</UL>

<P><STRONG><a name="[ae]"></a>gizProtocolCommonAck</STRONG> (Thumb, 80 bytes, Stack size 24 bytes, gizwits_protocol.o(i.gizProtocolCommonAck))
<BR><BR>[Stack]<UL><LI>Max Depth = 72<LI>Call Chain = gizProtocolCommonAck &rArr; uartWrite &rArr; __2printf
</UL>
<BR>[Calls]<UL><LI><a href="#[b0]">&gt;&gt;</a>&nbsp;&nbsp;&nbsp;gizProtocolSum
<LI><a href="#[af]">&gt;&gt;</a>&nbsp;&nbsp;&nbsp;exchangeBytes
<LI><a href="#[b1]">&gt;&gt;</a>&nbsp;&nbsp;&nbsp;uartWrite
<LI><a href="#[4d]">&gt;&gt;</a>&nbsp;&nbsp;&nbsp;__2printf
</UL>
<BR>[Called By]<UL><LI><a href="#[c4]">&gt;&gt;</a>&nbsp;&nbsp;&nbsp;gizwitsHandle
</UL>

<P><STRONG><a name="[b2]"></a>gizProtocolErrorCmd</STRONG> (Thumb, 88 bytes, Stack size 24 bytes, gizwits_protocol.o(i.gizProtocolErrorCmd))
<BR><BR>[Stack]<UL><LI>Max Depth = 72<LI>Call Chain = gizProtocolErrorCmd &rArr; uartWrite &rArr; __2printf
</UL>
<BR>[Calls]<UL><LI><a href="#[b0]">&gt;&gt;</a>&nbsp;&nbsp;&nbsp;gizProtocolSum
<LI><a href="#[af]">&gt;&gt;</a>&nbsp;&nbsp;&nbsp;exchangeBytes
<LI><a href="#[b3]">&gt;&gt;</a>&nbsp;&nbsp;&nbsp;gizProtocolHeadInit
<LI><a href="#[b1]">&gt;&gt;</a>&nbsp;&nbsp;&nbsp;uartWrite
<LI><a href="#[4d]">&gt;&gt;</a>&nbsp;&nbsp;&nbsp;__2printf
</UL>
<BR>[Called By]<UL><LI><a href="#[c4]">&gt;&gt;</a>&nbsp;&nbsp;&nbsp;gizwitsHandle
</UL>

<P><STRONG><a name="[b4]"></a>gizProtocolGetDeviceInfo</STRONG> (Thumb, 180 bytes, Stack size 128 bytes, gizwits_protocol.o(i.gizProtocolGetDeviceInfo))
<BR><BR>[Stack]<UL><LI>Max Depth = 176<LI>Call Chain = gizProtocolGetDeviceInfo &rArr; uartWrite &rArr; __2printf
</UL>
<BR>[Calls]<UL><LI><a href="#[b0]">&gt;&gt;</a>&nbsp;&nbsp;&nbsp;gizProtocolSum
<LI><a href="#[af]">&gt;&gt;</a>&nbsp;&nbsp;&nbsp;exchangeBytes
<LI><a href="#[b3]">&gt;&gt;</a>&nbsp;&nbsp;&nbsp;gizProtocolHeadInit
<LI><a href="#[b1]">&gt;&gt;</a>&nbsp;&nbsp;&nbsp;uartWrite
<LI><a href="#[4d]">&gt;&gt;</a>&nbsp;&nbsp;&nbsp;__2printf
<LI><a href="#[b5]">&gt;&gt;</a>&nbsp;&nbsp;&nbsp;__aeabi_memcpy4
<LI><a href="#[89]">&gt;&gt;</a>&nbsp;&nbsp;&nbsp;__aeabi_memcpy
</UL>
<BR>[Called By]<UL><LI><a href="#[c4]">&gt;&gt;</a>&nbsp;&nbsp;&nbsp;gizwitsHandle
</UL>

<P><STRONG><a name="[b6]"></a>gizProtocolGetOnePacket</STRONG> (Thumb, 298 bytes, Stack size 40 bytes, gizwits_protocol.o(i.gizProtocolGetOnePacket))
<BR><BR>[Stack]<UL><LI>Max Depth = 68<LI>Call Chain = gizProtocolGetOnePacket &rArr; rbRead &rArr;  rbRead (Cycle)
</UL>
<BR>[Calls]<UL><LI><a href="#[b8]">&gt;&gt;</a>&nbsp;&nbsp;&nbsp;rbRead
<LI><a href="#[b7]">&gt;&gt;</a>&nbsp;&nbsp;&nbsp;rbCanRead
<LI><a href="#[b0]">&gt;&gt;</a>&nbsp;&nbsp;&nbsp;gizProtocolSum
<LI><a href="#[af]">&gt;&gt;</a>&nbsp;&nbsp;&nbsp;exchangeBytes
<LI><a href="#[4d]">&gt;&gt;</a>&nbsp;&nbsp;&nbsp;__2printf
<LI><a href="#[89]">&gt;&gt;</a>&nbsp;&nbsp;&nbsp;__aeabi_memcpy
</UL>
<BR>[Called By]<UL><LI><a href="#[c4]">&gt;&gt;</a>&nbsp;&nbsp;&nbsp;gizwitsHandle
</UL>

<P><STRONG><a name="[b3]"></a>gizProtocolHeadInit</STRONG> (Thumb, 32 bytes, Stack size 8 bytes, gizwits_protocol.o(i.gizProtocolHeadInit))
<BR><BR>[Stack]<UL><LI>Max Depth = 32<LI>Call Chain = gizProtocolHeadInit &rArr; __2printf
</UL>
<BR>[Calls]<UL><LI><a href="#[4d]">&gt;&gt;</a>&nbsp;&nbsp;&nbsp;__2printf
</UL>
<BR>[Called By]<UL><LI><a href="#[ab]">&gt;&gt;</a>&nbsp;&nbsp;&nbsp;gizReportData
<LI><a href="#[b4]">&gt;&gt;</a>&nbsp;&nbsp;&nbsp;gizProtocolGetDeviceInfo
<LI><a href="#[b2]">&gt;&gt;</a>&nbsp;&nbsp;&nbsp;gizProtocolErrorCmd
<LI><a href="#[c8]">&gt;&gt;</a>&nbsp;&nbsp;&nbsp;gizwitsSetMode
<LI><a href="#[c3]">&gt;&gt;</a>&nbsp;&nbsp;&nbsp;gizwitsGetNTP
</UL>

<P><STRONG><a name="[b9]"></a>gizProtocolIssuedDataAck</STRONG> (Thumb, 198 bytes, Stack size 96 bytes, gizwits_protocol.o(i.gizProtocolIssuedDataAck))
<BR><BR>[Stack]<UL><LI>Max Depth = 144<LI>Call Chain = gizProtocolIssuedDataAck &rArr; uartWrite &rArr; __2printf
</UL>
<BR>[Calls]<UL><LI><a href="#[b0]">&gt;&gt;</a>&nbsp;&nbsp;&nbsp;gizProtocolSum
<LI><a href="#[b1]">&gt;&gt;</a>&nbsp;&nbsp;&nbsp;uartWrite
<LI><a href="#[4d]">&gt;&gt;</a>&nbsp;&nbsp;&nbsp;__2printf
<LI><a href="#[89]">&gt;&gt;</a>&nbsp;&nbsp;&nbsp;__aeabi_memcpy
</UL>
<BR>[Called By]<UL><LI><a href="#[c4]">&gt;&gt;</a>&nbsp;&nbsp;&nbsp;gizwitsHandle
</UL>

<P><STRONG><a name="[ba]"></a>gizProtocolIssuedProcess</STRONG> (Thumb, 202 bytes, Stack size 40 bytes, gizwits_protocol.o(i.gizProtocolIssuedProcess))
<BR><BR>[Stack]<UL><LI>Max Depth = 164<LI>Call Chain = gizProtocolIssuedProcess &rArr; gizDataPoint2Event &rArr; gizStandardDecompressionValue &rArr; gizByteOrderExchange
</UL>
<BR>[Calls]<UL><LI><a href="#[a7]">&gt;&gt;</a>&nbsp;&nbsp;&nbsp;gizDataPoints2ReportData
<LI><a href="#[a3]">&gt;&gt;</a>&nbsp;&nbsp;&nbsp;gizDataPoint2Event
<LI><a href="#[4d]">&gt;&gt;</a>&nbsp;&nbsp;&nbsp;__2printf
<LI><a href="#[40]">&gt;&gt;</a>&nbsp;&nbsp;&nbsp;__aeabi_memclr
<LI><a href="#[89]">&gt;&gt;</a>&nbsp;&nbsp;&nbsp;__aeabi_memcpy
</UL>
<BR>[Called By]<UL><LI><a href="#[c4]">&gt;&gt;</a>&nbsp;&nbsp;&nbsp;gizwitsHandle
</UL>

<P><STRONG><a name="[bb]"></a>gizProtocolModuleStatus</STRONG> (Thumb, 574 bytes, Stack size 24 bytes, gizwits_protocol.o(i.gizProtocolModuleStatus))
<BR><BR>[Stack]<UL><LI>Max Depth = 48<LI>Call Chain = gizProtocolModuleStatus &rArr; __2printf
</UL>
<BR>[Calls]<UL><LI><a href="#[af]">&gt;&gt;</a>&nbsp;&nbsp;&nbsp;exchangeBytes
<LI><a href="#[4d]">&gt;&gt;</a>&nbsp;&nbsp;&nbsp;__2printf
</UL>
<BR>[Called By]<UL><LI><a href="#[c4]">&gt;&gt;</a>&nbsp;&nbsp;&nbsp;gizwitsHandle
</UL>

<P><STRONG><a name="[bc]"></a>gizProtocolNTP</STRONG> (Thumb, 90 bytes, Stack size 8 bytes, gizwits_protocol.o(i.gizProtocolNTP))
<BR><BR>[Stack]<UL><LI>Max Depth = 32<LI>Call Chain = gizProtocolNTP &rArr; __2printf
</UL>
<BR>[Calls]<UL><LI><a href="#[bd]">&gt;&gt;</a>&nbsp;&nbsp;&nbsp;exchangeWord
<LI><a href="#[af]">&gt;&gt;</a>&nbsp;&nbsp;&nbsp;exchangeBytes
<LI><a href="#[4d]">&gt;&gt;</a>&nbsp;&nbsp;&nbsp;__2printf
</UL>
<BR>[Called By]<UL><LI><a href="#[c4]">&gt;&gt;</a>&nbsp;&nbsp;&nbsp;gizwitsHandle
</UL>

<P><STRONG><a name="[ad]"></a>gizProtocolResendData</STRONG> (Thumb, 54 bytes, Stack size 8 bytes, gizwits_protocol.o(i.gizProtocolResendData))
<BR><BR>[Stack]<UL><LI>Max Depth = 56<LI>Call Chain = gizProtocolResendData &rArr; uartWrite &rArr; __2printf
</UL>
<BR>[Calls]<UL><LI><a href="#[b1]">&gt;&gt;</a>&nbsp;&nbsp;&nbsp;uartWrite
<LI><a href="#[a2]">&gt;&gt;</a>&nbsp;&nbsp;&nbsp;gizGetTimerCount
<LI><a href="#[4d]">&gt;&gt;</a>&nbsp;&nbsp;&nbsp;__2printf
</UL>
<BR>[Called By]<UL><LI><a href="#[ac]">&gt;&gt;</a>&nbsp;&nbsp;&nbsp;gizProtocolAckHandle
</UL>

<P><STRONG><a name="[be]"></a>gizProtocolWaitAck</STRONG> (Thumb, 66 bytes, Stack size 16 bytes, gizwits_protocol.o(i.gizProtocolWaitAck))
<BR><BR>[Stack]<UL><LI>Max Depth = 40<LI>Call Chain = gizProtocolWaitAck &rArr; __2printf
</UL>
<BR>[Calls]<UL><LI><a href="#[a2]">&gt;&gt;</a>&nbsp;&nbsp;&nbsp;gizGetTimerCount
<LI><a href="#[4d]">&gt;&gt;</a>&nbsp;&nbsp;&nbsp;__2printf
<LI><a href="#[40]">&gt;&gt;</a>&nbsp;&nbsp;&nbsp;__aeabi_memclr
<LI><a href="#[89]">&gt;&gt;</a>&nbsp;&nbsp;&nbsp;__aeabi_memcpy
</UL>
<BR>[Called By]<UL><LI><a href="#[ab]">&gt;&gt;</a>&nbsp;&nbsp;&nbsp;gizReportData
<LI><a href="#[c8]">&gt;&gt;</a>&nbsp;&nbsp;&nbsp;gizwitsSetMode
<LI><a href="#[c3]">&gt;&gt;</a>&nbsp;&nbsp;&nbsp;gizwitsGetNTP
</UL>

<P><STRONG><a name="[bf]"></a>gizProtocolWaitAckCheck</STRONG> (Thumb, 42 bytes, Stack size 8 bytes, gizwits_protocol.o(i.gizProtocolWaitAckCheck))
<BR><BR>[Stack]<UL><LI>Max Depth = 32<LI>Call Chain = gizProtocolWaitAckCheck &rArr; __2printf
</UL>
<BR>[Calls]<UL><LI><a href="#[4d]">&gt;&gt;</a>&nbsp;&nbsp;&nbsp;__2printf
<LI><a href="#[40]">&gt;&gt;</a>&nbsp;&nbsp;&nbsp;__aeabi_memclr
</UL>
<BR>[Called By]<UL><LI><a href="#[c4]">&gt;&gt;</a>&nbsp;&nbsp;&nbsp;gizwitsHandle
</UL>

<P><STRONG><a name="[ab]"></a>gizReportData</STRONG> (Thumb, 128 bytes, Stack size 40 bytes, gizwits_protocol.o(i.gizReportData))
<BR><BR>[Stack]<UL><LI>Max Depth = 88<LI>Call Chain = gizReportData &rArr; uartWrite &rArr; __2printf
</UL>
<BR>[Calls]<UL><LI><a href="#[b0]">&gt;&gt;</a>&nbsp;&nbsp;&nbsp;gizProtocolSum
<LI><a href="#[af]">&gt;&gt;</a>&nbsp;&nbsp;&nbsp;exchangeBytes
<LI><a href="#[be]">&gt;&gt;</a>&nbsp;&nbsp;&nbsp;gizProtocolWaitAck
<LI><a href="#[b3]">&gt;&gt;</a>&nbsp;&nbsp;&nbsp;gizProtocolHeadInit
<LI><a href="#[b1]">&gt;&gt;</a>&nbsp;&nbsp;&nbsp;uartWrite
<LI><a href="#[4d]">&gt;&gt;</a>&nbsp;&nbsp;&nbsp;__2printf
<LI><a href="#[89]">&gt;&gt;</a>&nbsp;&nbsp;&nbsp;__aeabi_memcpy
</UL>
<BR>[Called By]<UL><LI><a href="#[aa]">&gt;&gt;</a>&nbsp;&nbsp;&nbsp;gizDevReportPolicy
</UL>

<P><STRONG><a name="[99]"></a>dht11Check</STRONG> (Thumb, 84 bytes, Stack size 16 bytes, hal_temp_hum.o(i.dht11Check))
<BR><BR>[Stack]<UL><LI>Max Depth = 80<LI>Call Chain = dht11Check &rArr; DHT11_IO_IN &rArr; HAL_GPIO_Init
</UL>
<BR>[Calls]<UL><LI><a href="#[9b]">&gt;&gt;</a>&nbsp;&nbsp;&nbsp;HAL_GPIO_ReadPin
<LI><a href="#[9a]">&gt;&gt;</a>&nbsp;&nbsp;&nbsp;delayUs
<LI><a href="#[4e]">&gt;&gt;</a>&nbsp;&nbsp;&nbsp;DHT11_IO_IN
</UL>
<BR>[Called By]<UL><LI><a href="#[9e]">&gt;&gt;</a>&nbsp;&nbsp;&nbsp;dht11Read
<LI><a href="#[9c]">&gt;&gt;</a>&nbsp;&nbsp;&nbsp;dht11Init
</UL>

<P><STRONG><a name="[9f]"></a>dht11ReadByte</STRONG> (Thumb, 102 bytes, Stack size 24 bytes, hal_temp_hum.o(i.dht11ReadByte))
<BR><BR>[Stack]<UL><LI>Max Depth = 24<LI>Call Chain = dht11ReadByte
</UL>
<BR>[Calls]<UL><LI><a href="#[9b]">&gt;&gt;</a>&nbsp;&nbsp;&nbsp;HAL_GPIO_ReadPin
<LI><a href="#[9a]">&gt;&gt;</a>&nbsp;&nbsp;&nbsp;delayUs
</UL>
<BR>[Called By]<UL><LI><a href="#[9e]">&gt;&gt;</a>&nbsp;&nbsp;&nbsp;dht11Read
</UL>

<P><STRONG><a name="[9d]"></a>dht11Rst</STRONG> (Thumb, 44 bytes, Stack size 8 bytes, hal_temp_hum.o(i.dht11Rst))
<BR><BR>[Stack]<UL><LI>Max Depth = 72<LI>Call Chain = dht11Rst &rArr; DHT11_IO_OUT &rArr; HAL_GPIO_Init
</UL>
<BR>[Calls]<UL><LI><a href="#[50]">&gt;&gt;</a>&nbsp;&nbsp;&nbsp;HAL_Delay
<LI><a href="#[9a]">&gt;&gt;</a>&nbsp;&nbsp;&nbsp;delayUs
<LI><a href="#[4f]">&gt;&gt;</a>&nbsp;&nbsp;&nbsp;DHT11_IO_OUT
<LI><a href="#[48]">&gt;&gt;</a>&nbsp;&nbsp;&nbsp;HAL_GPIO_WritePin
</UL>
<BR>[Called By]<UL><LI><a href="#[9e]">&gt;&gt;</a>&nbsp;&nbsp;&nbsp;dht11Read
<LI><a href="#[9c]">&gt;&gt;</a>&nbsp;&nbsp;&nbsp;dht11Init
</UL>

<P><STRONG><a name="[84]"></a>OLED_BufToPanel</STRONG> (Thumb, 68 bytes, Stack size 20 bytes, oled.o(i.OLED_BufToPanel))
<BR><BR>[Stack]<UL><LI>Max Depth = 40<LI>Call Chain = OLED_BufToPanel &rArr; OLED_WR_Byte
</UL>
<BR>[Calls]<UL><LI><a href="#[85]">&gt;&gt;</a>&nbsp;&nbsp;&nbsp;OLED_WR_Byte
</UL>
<BR>[Called By]<UL><LI><a href="#[86]">&gt;&gt;</a>&nbsp;&nbsp;&nbsp;OLED_ClrScr
</UL>

<P><STRONG><a name="[62]"></a>TIM_ETR_SetConfig</STRONG> (Thumb, 20 bytes, Stack size 8 bytes, stm32f1xx_hal_tim.o(i.TIM_ETR_SetConfig))
<BR><BR>[Stack]<UL><LI>Max Depth = 8<LI>Call Chain = TIM_ETR_SetConfig
</UL>
<BR>[Called By]<UL><LI><a href="#[61]">&gt;&gt;</a>&nbsp;&nbsp;&nbsp;HAL_TIM_ConfigClockSource
</UL>

<P><STRONG><a name="[65]"></a>TIM_ITRx_SetConfig</STRONG> (Thumb, 16 bytes, Stack size 0 bytes, stm32f1xx_hal_tim.o(i.TIM_ITRx_SetConfig))
<BR><BR>[Called By]<UL><LI><a href="#[61]">&gt;&gt;</a>&nbsp;&nbsp;&nbsp;HAL_TIM_ConfigClockSource
</UL>

<P><STRONG><a name="[63]"></a>TIM_TI1_ConfigInputStage</STRONG> (Thumb, 34 bytes, Stack size 8 bytes, stm32f1xx_hal_tim.o(i.TIM_TI1_ConfigInputStage))
<BR><BR>[Stack]<UL><LI>Max Depth = 8<LI>Call Chain = TIM_TI1_ConfigInputStage
</UL>
<BR>[Called By]<UL><LI><a href="#[61]">&gt;&gt;</a>&nbsp;&nbsp;&nbsp;HAL_TIM_ConfigClockSource
</UL>

<P><STRONG><a name="[64]"></a>TIM_TI2_ConfigInputStage</STRONG> (Thumb, 36 bytes, Stack size 8 bytes, stm32f1xx_hal_tim.o(i.TIM_TI2_ConfigInputStage))
<BR><BR>[Stack]<UL><LI>Max Depth = 8<LI>Call Chain = TIM_TI2_ConfigInputStage
</UL>
<BR>[Called By]<UL><LI><a href="#[61]">&gt;&gt;</a>&nbsp;&nbsp;&nbsp;HAL_TIM_ConfigClockSource
</UL>

<P><STRONG><a name="[58]"></a>NVIC_SetPriority</STRONG> (Thumb, 32 bytes, Stack size 0 bytes, stm32f1xx_hal_cortex.o(i.NVIC_SetPriority))
<BR><BR>[Called By]<UL><LI><a href="#[56]">&gt;&gt;</a>&nbsp;&nbsp;&nbsp;HAL_SYSTICK_Config
<LI><a href="#[57]">&gt;&gt;</a>&nbsp;&nbsp;&nbsp;HAL_NVIC_SetPriority
</UL>

<P><STRONG><a name="[38]"></a>UART_DMAAbortOnError</STRONG> (Thumb, 16 bytes, Stack size 8 bytes, stm32f1xx_hal_uart.o(i.UART_DMAAbortOnError))
<BR><BR>[Stack]<UL><LI>Max Depth = 8<LI>Call Chain = UART_DMAAbortOnError
</UL>
<BR>[Calls]<UL><LI><a href="#[74]">&gt;&gt;</a>&nbsp;&nbsp;&nbsp;HAL_UART_ErrorCallback
</UL>
<BR>[Address Reference Count : 1]<UL><LI> stm32f1xx_hal_uart.o(i.HAL_UART_IRQHandler)
</UL>
<P><STRONG><a name="[72]"></a>UART_EndRxTransfer</STRONG> (Thumb, 28 bytes, Stack size 0 bytes, stm32f1xx_hal_uart.o(i.UART_EndRxTransfer))
<BR><BR>[Called By]<UL><LI><a href="#[70]">&gt;&gt;</a>&nbsp;&nbsp;&nbsp;HAL_UART_IRQHandler
</UL>

<P><STRONG><a name="[71]"></a>UART_Receive_IT</STRONG> (Thumb, 150 bytes, Stack size 8 bytes, stm32f1xx_hal_uart.o(i.UART_Receive_IT))
<BR><BR>[Stack]<UL><LI>Max Depth = 64<LI>Call Chain = UART_Receive_IT &rArr; HAL_UART_RxCpltCallback &rArr; gizPutData &rArr; rbWrite &rArr;  rbWrite (Cycle)
</UL>
<BR>[Calls]<UL><LI><a href="#[7a]">&gt;&gt;</a>&nbsp;&nbsp;&nbsp;HAL_UART_RxCpltCallback
</UL>
<BR>[Called By]<UL><LI><a href="#[70]">&gt;&gt;</a>&nbsp;&nbsp;&nbsp;HAL_UART_IRQHandler
</UL>

<P><STRONG><a name="[79]"></a>UART_SetConfig</STRONG> (Thumb, 364 bytes, Stack size 24 bytes, stm32f1xx_hal_uart.o(i.UART_SetConfig))
<BR><BR>[Stack]<UL><LI>Max Depth = 24<LI>Call Chain = UART_SetConfig
</UL>
<BR>[Calls]<UL><LI><a href="#[94]">&gt;&gt;</a>&nbsp;&nbsp;&nbsp;HAL_RCC_GetPCLK1Freq
<LI><a href="#[93]">&gt;&gt;</a>&nbsp;&nbsp;&nbsp;HAL_RCC_GetPCLK2Freq
</UL>
<BR>[Called By]<UL><LI><a href="#[77]">&gt;&gt;</a>&nbsp;&nbsp;&nbsp;HAL_UART_Init
</UL>

<P><STRONG><a name="[75]"></a>UART_Transmit_IT</STRONG> (Thumb, 98 bytes, Stack size 0 bytes, stm32f1xx_hal_uart.o(i.UART_Transmit_IT))
<BR><BR>[Called By]<UL><LI><a href="#[70]">&gt;&gt;</a>&nbsp;&nbsp;&nbsp;HAL_UART_IRQHandler
</UL>

<P><STRONG><a name="[7e]"></a>UART_WaitOnFlagUntilTimeout</STRONG> (Thumb, 100 bytes, Stack size 24 bytes, stm32f1xx_hal_uart.o(i.UART_WaitOnFlagUntilTimeout))
<BR><BR>[Stack]<UL><LI>Max Depth = 24<LI>Call Chain = UART_WaitOnFlagUntilTimeout
</UL>
<BR>[Calls]<UL><LI><a href="#[51]">&gt;&gt;</a>&nbsp;&nbsp;&nbsp;HAL_GetTick
</UL>
<BR>[Called By]<UL><LI><a href="#[7d]">&gt;&gt;</a>&nbsp;&nbsp;&nbsp;HAL_UART_Transmit
</UL>

<P><STRONG><a name="[96]"></a>_printf_core</STRONG> (Thumb, 996 bytes, Stack size 104 bytes, printf8.o(i._printf_core), UNUSED)
<BR><BR>[Calls]<UL><LI><a href="#[97]">&gt;&gt;</a>&nbsp;&nbsp;&nbsp;_printf_pre_padding
<LI><a href="#[98]">&gt;&gt;</a>&nbsp;&nbsp;&nbsp;_printf_post_padding
<LI><a href="#[43]">&gt;&gt;</a>&nbsp;&nbsp;&nbsp;__aeabi_uldivmod
</UL>
<BR>[Called By]<UL><LI><a href="#[95]">&gt;&gt;</a>&nbsp;&nbsp;&nbsp;__0printf$8
</UL>

<P><STRONG><a name="[98]"></a>_printf_post_padding</STRONG> (Thumb, 36 bytes, Stack size 24 bytes, printf8.o(i._printf_post_padding), UNUSED)
<BR><BR>[Called By]<UL><LI><a href="#[96]">&gt;&gt;</a>&nbsp;&nbsp;&nbsp;_printf_core
</UL>

<P><STRONG><a name="[97]"></a>_printf_pre_padding</STRONG> (Thumb, 46 bytes, Stack size 24 bytes, printf8.o(i._printf_pre_padding), UNUSED)
<BR><BR>[Called By]<UL><LI><a href="#[96]">&gt;&gt;</a>&nbsp;&nbsp;&nbsp;_printf_core
</UL>
<P>
<H3>
Undefined Global Symbols
</H3><HR></body></html>
