Component: ARM Compiler 5.05 update 1 (build 106) Tool: armlink [4d0efa]

==============================================================================

Section Cross References

    stm32f1xx_hal_msp.o(i.HAL_MspInit) refers to stm32f1xx_hal_cortex.o(i.HAL_NVIC_SetPriorityGrouping) for HAL_NVIC_SetPriorityGrouping
    stm32f1xx_hal_msp.o(i.HAL_MspInit) refers to stm32f1xx_hal_cortex.o(i.HAL_NVIC_SetPriority) for HAL_NVIC_SetPriority
    stm32f1xx_hal_msp.o(i.HAL_TIM_Base_MspDeInit) refers to stm32f1xx_hal_cortex.o(i.HAL_NVIC_DisableIRQ) for HAL_NVIC_DisableIRQ
    stm32f1xx_hal_msp.o(i.HAL_UART_MspDeInit) refers to stm32f1xx_hal_gpio.o(i.HAL_GPIO_DeInit) for HAL_GPIO_DeInit
    stm32f1xx_hal_msp.o(i.HAL_UART_MspDeInit) refers to stm32f1xx_hal_cortex.o(i.HAL_NVIC_DisableIRQ) for HAL_NVIC_DisableIRQ
    stm32f1xx_hal_msp.o(i.HAL_UART_MspInit) refers to stm32f1xx_hal_gpio.o(i.HAL_GPIO_Init) for HAL_GPIO_Init
    main.o(i.MX_GPIO_Init) refers to stm32f1xx_hal_gpio.o(i.HAL_GPIO_Init) for HAL_GPIO_Init
    main.o(i.MX_TIM2_Init) refers to stm32f1xx_hal_tim.o(i.HAL_TIM_Base_Init) for HAL_TIM_Base_Init
    main.o(i.MX_TIM2_Init) refers to stm32f1xx_hal_tim.o(i.HAL_TIM_ConfigClockSource) for HAL_TIM_ConfigClockSource
    main.o(i.MX_TIM2_Init) refers to stm32f1xx_hal_tim_ex.o(i.HAL_TIMEx_MasterConfigSynchronization) for HAL_TIMEx_MasterConfigSynchronization
    main.o(i.MX_TIM2_Init) refers to main.o(.bss) for .bss
    main.o(i.SystemClock_Config) refers to stm32f1xx_hal_rcc.o(i.HAL_RCC_OscConfig) for HAL_RCC_OscConfig
    main.o(i.SystemClock_Config) refers to stm32f1xx_hal_rcc.o(i.HAL_RCC_ClockConfig) for HAL_RCC_ClockConfig
    main.o(i.SystemClock_Config) refers to stm32f1xx_hal_rcc.o(i.HAL_RCC_GetHCLKFreq) for HAL_RCC_GetHCLKFreq
    main.o(i.SystemClock_Config) refers to stm32f1xx_hal_cortex.o(i.HAL_SYSTICK_Config) for HAL_SYSTICK_Config
    main.o(i.SystemClock_Config) refers to stm32f1xx_hal_cortex.o(i.HAL_SYSTICK_CLKSourceConfig) for HAL_SYSTICK_CLKSourceConfig
    main.o(i.SystemClock_Config) refers to stm32f1xx_hal_cortex.o(i.HAL_NVIC_SetPriority) for HAL_NVIC_SetPriority
    main.o(i.key1LongPress) refers to printf8.o(i.__0printf$8) for __2printf
    main.o(i.key1LongPress) refers to gizwits_protocol.o(i.gizwitsSetMode) for gizwitsSetMode
    main.o(i.key1ShortPress) refers to printf8.o(i.__0printf$8) for __2printf
    main.o(i.key2LongPress) refers to printf8.o(i.__0printf$8) for __2printf
    main.o(i.key2LongPress) refers to gizwits_protocol.o(i.gizwitsSetMode) for gizwitsSetMode
    main.o(i.key2ShortPress) refers to printf8.o(i.__0printf$8) for __2printf
    main.o(i.keyInit) refers to hal_key.o(i.keyInitOne) for keyInitOne
    main.o(i.keyInit) refers to memcpya.o(.text) for __aeabi_memcpy4
    main.o(i.keyInit) refers to hal_key.o(i.keyParaInit) for keyParaInit
    main.o(i.keyInit) refers to main.o(i.key1LongPress) for key1LongPress
    main.o(i.keyInit) refers to main.o(i.key1ShortPress) for key1ShortPress
    main.o(i.keyInit) refers to main.o(.bss) for .bss
    main.o(i.keyInit) refers to main.o(i.key2LongPress) for key2LongPress
    main.o(i.keyInit) refers to main.o(i.key2ShortPress) for key2ShortPress
    main.o(i.keyInit) refers to main.o(.data) for .data
    main.o(i.main) refers to stm32f1xx_hal.o(i.HAL_Init) for HAL_Init
    main.o(i.main) refers to main.o(i.SystemClock_Config) for SystemClock_Config
    main.o(i.main) refers to main.o(i.MX_GPIO_Init) for MX_GPIO_Init
    main.o(i.main) refers to main.o(i.MX_TIM2_Init) for MX_TIM2_Init
    main.o(i.main) refers to stm32f1xx_hal_uart.o(i.HAL_UART_Init) for HAL_UART_Init
    main.o(i.main) refers to stm32f1xx_hal_cortex.o(i.HAL_NVIC_SetPriority) for HAL_NVIC_SetPriority
    main.o(i.main) refers to stm32f1xx_hal_cortex.o(i.HAL_NVIC_EnableIRQ) for HAL_NVIC_EnableIRQ
    main.o(i.main) refers to gizwits_product.o(i.timerInit) for timerInit
    main.o(i.main) refers to gizwits_product.o(i.uartInit) for uartInit
    main.o(i.main) refers to main.o(i.keyInit) for keyInit
    main.o(i.main) refers to gizwits_protocol.o(i.gizwitsInit) for gizwitsInit
    main.o(i.main) refers to printf8.o(i.__0printf$8) for __2printf
    main.o(i.main) refers to gizwits_product.o(i.userInit) for userInit
    main.o(i.main) refers to gizwits_product.o(i.userHandle) for userHandle
    main.o(i.main) refers to gizwits_protocol.o(i.gizwitsHandle) for gizwitsHandle
    main.o(i.main) refers to gizwits_protocol.o(i.gizwitsGetNTP) for gizwitsGetNTP
    main.o(i.main) refers to gizwits_product.o(i.my_oled_hadler) for my_oled_hadler
    main.o(i.main) refers to main.o(.bss) for .bss
    main.o(i.main) refers to gizwits_product.o(.bss) for currentDataPoint
    stm32f1xx_it.o(i.SysTick_Handler) refers to stm32f1xx_hal.o(i.HAL_IncTick) for HAL_IncTick
    stm32f1xx_it.o(i.SysTick_Handler) refers to stm32f1xx_hal_cortex.o(i.HAL_SYSTICK_IRQHandler) for HAL_SYSTICK_IRQHandler
[...]
    ../clib/microlib/division.c              0x00000000   Number         0  uldiv.o ABSOLUTE
    ../clib/microlib/init/entry.s            0x00000000   Number         0  entry8a.o ABSOLUTE
    ../clib/microlib/init/entry.s            0x00000000   Number         0  entry7a.o ABSOLUTE
    ../clib/microlib/init/entry.s            0x00000000   Number         0  entry5.o ABSOLUTE
    ../clib/microlib/init/entry.s            0x00000000   Number         0  entry7b.o ABSOLUTE
    ../clib/microlib/init/entry.s            0x00000000   Number         0  entry2.o ABSOLUTE
    ../clib/microlib/init/entry.s            0x00000000   Number         0  entry.o ABSOLUTE
    ../clib/microlib/init/entry.s            0x00000000   Number         0  entry11a.o ABSOLUTE
    ../clib/microlib/init/entry.s            0x00000000   Number         0  entry10b.o ABSOLUTE
    ../clib/microlib/init/entry.s            0x00000000   Number         0  entry10a.o ABSOLUTE
    ../clib/microlib/init/entry.s            0x00000000   Number         0  entry9b.o ABSOLUTE
    ../clib/microlib/init/entry.s            0x00000000   Number         0  entry9a.o ABSOLUTE
    ../clib/microlib/init/entry.s            0x00000000   Number         0  entry8b.o ABSOLUTE
    ../clib/microlib/init/entry.s            0x00000000   Number         0  entry11b.o ABSOLUTE
    ../clib/microlib/longlong.c              0x00000000   Number         0  llushr.o ABSOLUTE
    ../clib/microlib/longlong.c              0x00000000   Number         0  llshl.o ABSOLUTE
    ../clib/microlib/longlong.c              0x00000000   Number         0  llsshr.o ABSOLUTE
    ../clib/microlib/printf/printf.c         0x00000000   Number         0  printf6.o ABSOLUTE
    ../clib/microlib/printf/printf.c         0x00000000   Number         0  printf5.o ABSOLUTE
    ../clib/microlib/printf/printf.c         0x00000000   Number         0  printf2.o ABSOLUTE
    ../clib/microlib/printf/printf.c         0x00000000   Number         0  printf1.o ABSOLUTE
    ../clib/microlib/printf/printf.c         0x00000000   Number         0  printfa.o ABSOLUTE
    ../clib/microlib/printf/printf.c         0x00000000   Number         0  printf8.o ABSOLUTE
    ../clib/microlib/printf/printf.c         0x00000000   Number         0  printf7.o ABSOLUTE
    ../clib/microlib/printf/printf.c         0x00000000   Number         0  printf4.o ABSOLUTE
    ../clib/microlib/printf/printf.c         0x00000000   Number         0  printf3.o ABSOLUTE
    ../clib/microlib/printf/printf.c         0x00000000   Number         0  printfb.o ABSOLUTE
    ../clib/microlib/printf/printf.c         0x00000000   Number         0  printf0.o ABSOLUTE
    ../clib/microlib/printf/stubs.s          0x00000000   Number         0  stubs.o ABSOLUTE
    ../clib/microlib/stdio/streams.c         0x00000000   Number         0  stdout.o ABSOLUTE
    ../clib/microlib/string/memcpy.c         0x00000000   Number         0  memcpya.o ABSOLUTE
    ../clib/microlib/string/memcpy.c         0x00000000   Number         0  memcpyb.o ABSOLUTE
    ../clib/microlib/string/memset.c         0x00000000   Number         0  memseta.o ABSOLUTE
    ../clib/microlib/string/strlen.c         0x00000000   Number         0  strlen.o ABSOLUTE
    ../clib/microlib/stubs.s                 0x00000000   Number         0  iusefp.o ABSOLUTE
    ../fplib/microlib/fpadd.c                0x00000000   Number         0  fadd.o ABSOLUTE
    ../fplib/microlib/fpadd.c                0x00000000   Number         0  dadd.o ABSOLUTE
    ../fplib/microlib/fpdiv.c                0x00000000   Number         0  fdiv.o ABSOLUTE
    ../fplib/microlib/fpdiv.c                0x00000000   Number         0  ddiv.o ABSOLUTE
    ../fplib/microlib/fpepilogue.c           0x00000000   Number         0  fepilogue.o ABSOLUTE
    ../fplib/microlib/fpepilogue.c           0x00000000   Number         0  depilogue.o ABSOLUTE
    ../fplib/microlib/fpfix.c                0x00000000   Number         0  dfixui.o ABSOLUTE
    ../fplib/microlib/fpfix.c                0x00000000   Number         0  dfixi.o ABSOLUTE
    ../fplib/microlib/fpfix.c                0x00000000   Number         0  ffixui.o ABSOLUTE
    ../fplib/microlib/fpfix.c                0x00000000   Number         0  dfixul.o ABSOLUTE
    ../fplib/microlib/fpflt.c                0x00000000   Number         0  dfltui.o ABSOLUTE
    ../fplib/microlib/fpflt.c                0x00000000   Number         0  dflti.o ABSOLUTE
    ../fplib/microlib/fpflt.c                0x00000000   Number         0  ffltui.o ABSOLUTE
    ../fplib/microlib/fpmul.c                0x00000000   Number         0  dmul.o ABSOLUTE
    ../fplib/microlib/fpmul.c                0x00000000   Number         0  fmul.o ABSOLUTE
    ..\Drivers\STM32F1xx_HAL_Driver\Src\stm32f1xx_hal.c 0x00000000   Number         0  stm32f1xx_hal.o ABSOLUTE
    ..\Drivers\STM32F1xx_HAL_Driver\Src\stm32f1xx_hal_cortex.c 0x00000000   Number         0  stm32f1xx_hal_cortex.o ABSOLUTE
    ..\Drivers\STM32F1xx_HAL_Driver\Src\stm32f1xx_hal_dma.c 0x00000000   Number         0  stm32f1xx_hal_dma.o ABSOLUTE
    ..\Drivers\STM32F1xx_HAL_Driver\Src\stm32f1xx_hal_flash.c 0x00000000   Number         0  stm32f1xx_hal_flash.o ABSOLUTE
    ..\Drivers\STM32F1xx_HAL_Driver\Src\stm32f1xx_hal_flash_ex.c 0x00000000   Number         0  stm32f1xx_hal_flash_ex.o ABSOLUTE
    ..\Drivers\STM32F1xx_HAL_Driver\Src\stm32f1xx_hal_gpio.c 0x00000000   Number         0  stm32f1xx_hal_gpio.o ABSOLUTE
    ..\Drivers\STM32F1xx_HAL_Driver\Src\stm32f1xx_hal_gpio_ex.c 0x00000000   Number         0  stm32f1xx_hal_gpio_ex.o ABSOLUTE
    ..\Drivers\STM32F1xx_HAL_Driver\Src\stm32f1xx_hal_pwr.c 0x00000000   Number         0  stm32f1xx_hal_pwr.o ABSOLUTE
    ..\Drivers\STM32F1xx_HAL_Driver\Src\stm32f1xx_hal_rcc.c 0x00000000   Number         0  stm32f1xx_hal_rcc.o ABSOLUTE
    ..\Drivers\STM32F1xx_HAL_Driver\Src\stm32f1xx_hal_rcc_ex.c 0x00000000   Number         0  stm32f1xx_hal_rcc_ex.o ABSOLUTE
    ..\Drivers\STM32F1xx_HAL_Driver\Src\stm32f1xx_hal_tim.c 0x00000000   Number         0  stm32f1xx_hal_tim.o ABSOLUTE
    ..\Drivers\STM32F1xx_HAL_Driver\Src\stm32f1xx_hal_tim_ex.c 0x00000000   Number         0  stm32f1xx_hal_tim_ex.o ABSOLUTE
    ..\Drivers\STM32F1xx_HAL_Driver\Src\stm32f1xx_hal_uart.c 0x00000000   Number         0  stm32f1xx_hal_uart.o ABSOLUTE
    ..\Gizwits\gizwits_product.c             0x00000000   Number         0  gizwits_product.o ABSOLUTE
    ..\Gizwits\gizwits_protocol.c            0x00000000   Number         0  gizwits_protocol.o ABSOLUTE
    ..\Hal\FONTS\asc12.c                     0x00000000   Number         0  asc12.o ABSOLUTE
    ..\Hal\FONTS\asc16.c                     0x00000000   Number         0  asc16.o ABSOLUTE
    ..\Hal\FONTS\hz12.c                      0x00000000   Number         0  hz12.o ABSOLUTE
    ..\Hal\FONTS\hz16.c                      0x00000000   Number         0  hz16.o ABSOLUTE
    ..\Hal\OLED.c                            0x00000000   Number         0  oled.o ABSOLUTE
    ..\Hal\delay.c                           0x00000000   Number         0  delay.o ABSOLUTE
    ..\Hal\hal_buzz.c                        0x00000000   Number         0  hal_buzz.o ABSOLUTE
    ..\Hal\hal_infrared.c                    0x00000000   Number         0  hal_infrared.o ABSOLUTE
    ..\Hal\hal_key.c                         0x00000000   Number         0  hal_key.o ABSOLUTE
    ..\Hal\hal_led.c                         0x00000000   Number         0  hal_led.o ABSOLUTE
    ..\Hal\hal_relay.c                       0x00000000   Number         0  hal_relay.o ABSOLUTE
    ..\Hal\hal_temp_hum.c                    0x00000000   Number         0  hal_temp_hum.o ABSOLUTE
    ..\Src\main.c                            0x00000000   Number         0  main.o ABSOLUTE
    ..\Src\stm32f1xx_hal_msp.c               0x00000000   Number         0  stm32f1xx_hal_msp.o ABSOLUTE
    ..\Src\stm32f1xx_it.c                    0x00000000   Number         0  stm32f1xx_it.o ABSOLUTE
    ..\Src\system_stm32f1xx.c                0x00000000   Number         0  system_stm32f1xx.o ABSOLUTE
    ..\Utils\common.c                        0x00000000   Number         0  common.o ABSOLUTE
    ..\Utils\dataPointTools.c                0x00000000   Number         0  datapointtools.o ABSOLUTE
    ..\Utils\ringbuffer.c                    0x00000000   Number         0  ringbuffer.o ABSOLUTE
    ..\\Gizwits\\gizwits_product.c           0x00000000   Number         0  gizwits_product.o ABSOLUTE
    ..\\Gizwits\\gizwits_protocol.c          0x00000000   Number         0  gizwits_protocol.o ABSOLUTE
    ..\\Hal\\OLED.c                          0x00000000   Number         0  oled.o ABSOLUTE
    ..\\Hal\\delay.c                         0x00000000   Number         0  delay.o ABSOLUTE
    ..\\Hal\\hal_buzz.c                      0x00000000   Number         0  hal_buzz.o ABSOLUTE
    ..\\Hal\\hal_infrared.c                  0x00000000   Number         0  hal_infrared.o ABSOLUTE
    ..\\Hal\\hal_key.c                       0x00000000   Number         0  hal_key.o ABSOLUTE
    ..\\Hal\\hal_led.c                       0x00000000   Number         0  hal_led.o ABSOLUTE
    ..\\Hal\\hal_relay.c                     0x00000000   Number         0  hal_relay.o ABSOLUTE
    ..\\Hal\\hal_temp_hum.c                  0x00000000   Number         0  hal_temp_hum.o ABSOLUTE
    cdrcmple.s                               0x00000000   Number         0  cdrcmple.o ABSOLUTE
    dc.s                                     0x00000000   Number         0  dc.o ABSOLUTE
    handlers.s                               0x00000000   Number         0  handlers.o ABSOLUTE
    init.s                                   0x00000000   Number         0  init.o ABSOLUTE
    startup_stm32f103xb.s                    0x00000000   Number         0  startup_stm32f103xb.o ABSOLUTE
    RESET                                    0x08000000   Section      236  startup_stm32f103xb.o(RESET)
    .ARM.Collect$$$$00000000                 0x080000ec   Section        0  entry.o(.ARM.Collect$$$$00000000)
    .ARM.Collect$$$$00000001                 0x080000ec   Section        4  entry2.o(.ARM.Collect$$$$00000001)
    .ARM.Collect$$$$00000004                 0x080000f0   Section        4  entry5.o(.ARM.Collect$$$$00000004)
    .ARM.Collect$$$$00000008                 0x080000f4   Section        0  entry7b.o(.ARM.Collect$$$$00000008)
    .ARM.Collect$$$$0000000A                 0x080000f4   Section        0  entry8b.o(.ARM.Collect$$$$0000000A)
    .ARM.Collect$$$$0000000B                 0x080000f4   Section        8  entry9a.o(.ARM.Collect$$$$0000000B)
    .ARM.Collect$$$$0000000D                 0x080000fc   Section        0  entry10a.o(.ARM.Collect$$$$0000000D)
    .ARM.Collect$$$$0000000F                 0x080000fc   Section        0  entry11a.o(.ARM.Collect$$$$0000000F)
    .ARM.Collect$$$$00002712                 0x080000fc   Section        4  entry2.o(.ARM.Collect$$$$00002712)
    __lit__00000000                          0x080000fc   Data           4  entry2.o(.ARM.Collect$$$$00002712)
    .text                                    0x08000100   Section       36  startup_stm32f103xb.o(.text)
    .text                                    0x08000124   Section        0  llushr.o(.text)
    .text                                    0x08000144   Section        0  memcpya.o(.text)
    .text                                    0x08000168   Section        0  memseta.o(.text)
    .text                                    0x0800018c   Section        0  uldiv.o(.text)
    .text                                    0x080001ee   Section        0  llshl.o(.text)
    .text                                    0x0800020c   Section       36  init.o(.text)
    i.Beep                                   0x08000230   Section        0  hal_buzz.o(i.Beep)
    i.BusFault_Handler                       0x08000270   Section        0  stm32f1xx_it.o(i.BusFault_Handler)
    i.BuzzInit                               0x08000274   Section        0  hal_buzz.o(i.BuzzInit)
    i.BuzzWrite                              0x0800029c   Section        0  hal_buzz.o(i.BuzzWrite)
    i.DHT11_IO_IN                            0x080002bc   Section        0  hal_temp_hum.o(i.DHT11_IO_IN)
    i.DHT11_IO_OUT                           0x080002dc   Section        0  hal_temp_hum.o(i.DHT11_IO_OUT)
    i.DebugMon_Handler                       0x080002f8   Section        0  stm32f1xx_it.o(i.DebugMon_Handler)
    i.Delay_ms                               0x080002fa   Section        0  delay.o(i.Delay_ms)
    i.Delay_us                               0x08000316   Section        0  delay.o(i.Delay_us)
    i.HAL_DMA_Abort_IT                       0x08000330   Section        0  stm32f1xx_hal_dma.o(i.HAL_DMA_Abort_IT)
    i.HAL_Delay                              0x080003c8   Section        0  stm32f1xx_hal.o(i.HAL_Delay)
    i.HAL_GPIO_Init                          0x080003e4   Section        0  stm32f1xx_hal_gpio.o(i.HAL_GPIO_Init)
    i.HAL_GPIO_ReadPin                       0x080005a0   Section        0  stm32f1xx_hal_gpio.o(i.HAL_GPIO_ReadPin)
    i.HAL_GPIO_WritePin                      0x080005aa   Section        0  stm32f1xx_hal_gpio.o(i.HAL_GPIO_WritePin)
    i.HAL_GetTick                            0x080005b4   Section        0  stm32f1xx_hal.o(i.HAL_GetTick)
    i.HAL_IncTick                            0x080005c0   Section        0  stm32f1xx_hal.o(i.HAL_IncTick)
    i.HAL_Init                               0x080005d0   Section        0  stm32f1xx_hal.o(i.HAL_Init)
    i.HAL_InitTick                           0x080005f4   Section        0  stm32f1xx_hal.o(i.HAL_InitTick)
    i.HAL_MspInit                            0x0800061c   Section        0  stm32f1xx_hal_msp.o(i.HAL_MspInit)
    i.HAL_NVIC_EnableIRQ                     0x080006a0   Section        0  stm32f1xx_hal_cortex.o(i.HAL_NVIC_EnableIRQ)
    i.HAL_NVIC_SetPriority                   0x080006b8   Section        0  stm32f1xx_hal_cortex.o(i.HAL_NVIC_SetPriority)
    i.HAL_NVIC_SetPriorityGrouping           0x080006f8   Section        0  stm32f1xx_hal_cortex.o(i.HAL_NVIC_SetPriorityGrouping)
    i.HAL_NVIC_SystemReset                   0x0800071c   Section        0  stm32f1xx_hal_cortex.o(i.HAL_NVIC_SystemReset)
    i.HAL_RCC_ClockConfig                    0x08000740   Section        0  stm32f1xx_hal_rcc.o(i.HAL_RCC_ClockConfig)
    i.HAL_RCC_GetHCLKFreq                    0x08000894   Section        0  stm32f1xx_hal_rcc.o(i.HAL_RCC_GetHCLKFreq)
    i.HAL_RCC_GetPCLK1Freq                   0x080008a0   Section        0  stm32f1xx_hal_rcc.o(i.HAL_RCC_GetPCLK1Freq)
    i.HAL_RCC_GetPCLK2Freq                   0x080008c0   Section        0  stm32f1xx_hal_rcc.o(i.HAL_RCC_GetPCLK2Freq)
    i.HAL_RCC_GetSysClockFreq                0x080008e0   Section        0  stm32f1xx_hal_rcc.o(i.HAL_RCC_GetSysClockFreq)
    i.HAL_RCC_OscConfig                      0x0800094c   Section        0  stm32f1xx_hal_rcc.o(i.HAL_RCC_OscConfig)
    i.HAL_SYSTICK_CLKSourceConfig            0x08000c50   Section        0  stm32f1xx_hal_cortex.o(i.HAL_SYSTICK_CLKSourceConfig)
    i.HAL_SYSTICK_Callback                   0x08000c68   Section        0  stm32f1xx_hal_cortex.o(i.HAL_SYSTICK_Callback)
    i.HAL_SYSTICK_Config                     0x08000c6a   Section        0  stm32f1xx_hal_cortex.o(i.HAL_SYSTICK_Config)
    i.HAL_SYSTICK_IRQHandler                 0x08000c92   Section        0  stm32f1xx_hal_cortex.o(i.HAL_SYSTICK_IRQHandler)
    i.HAL_TIMEx_BreakCallback                0x08000c9a   Section        0  stm32f1xx_hal_tim_ex.o(i.HAL_TIMEx_BreakCallback)
    i.HAL_TIMEx_CommutationCallback          0x08000c9c   Section        0  stm32f1xx_hal_tim_ex.o(i.HAL_TIMEx_CommutationCallback)
    i.HAL_TIMEx_MasterConfigSynchronization  0x08000c9e   Section        0  stm32f1xx_hal_tim_ex.o(i.HAL_TIMEx_MasterConfigSynchronization)
    i.HAL_TIM_Base_Init                      0x08000cee   Section        0  stm32f1xx_hal_tim.o(i.HAL_TIM_Base_Init)
    i.HAL_TIM_Base_MspInit                   0x08000d24   Section        0  stm32f1xx_hal_msp.o(i.HAL_TIM_Base_MspInit)
    i.HAL_TIM_Base_Start_IT                  0x08000d48   Section        0  stm32f1xx_hal_tim.o(i.HAL_TIM_Base_Start_IT)
    i.HAL_TIM_ConfigClockSource              0x08000d60   Section        0  stm32f1xx_hal_tim.o(i.HAL_TIM_ConfigClockSource)
    i.HAL_TIM_IC_CaptureCallback             0x08000e52   Section        0  stm32f1xx_hal_tim.o(i.HAL_TIM_IC_CaptureCallback)
    i.HAL_TIM_IRQHandler                     0x08000e54   Section        0  stm32f1xx_hal_tim.o(i.HAL_TIM_IRQHandler)
    i.HAL_TIM_OC_DelayElapsedCallback        0x08000fba   Section        0  stm32f1xx_hal_tim.o(i.HAL_TIM_OC_DelayElapsedCallback)
    i.HAL_TIM_PWM_PulseFinishedCallback      0x08000fbc   Section        0  stm32f1xx_hal_tim.o(i.HAL_TIM_PWM_PulseFinishedCallback)
    i.HAL_TIM_PeriodElapsedCallback          0x08000fc0   Section        0  gizwits_product.o(i.HAL_TIM_PeriodElapsedCallback)
    i.HAL_TIM_TriggerCallback                0x08000fe0   Section        0  stm32f1xx_hal_tim.o(i.HAL_TIM_TriggerCallback)
    i.HAL_UART_ErrorCallback                 0x08000fe2   Section        0  stm32f1xx_hal_uart.o(i.HAL_UART_ErrorCallback)
    i.HAL_UART_IRQHandler                    0x08000fe4   Section        0  stm32f1xx_hal_uart.o(i.HAL_UART_IRQHandler)
    i.HAL_UART_Init                          0x080010f4   Section        0  stm32f1xx_hal_uart.o(i.HAL_UART_Init)
    i.HAL_UART_MspInit                       0x08001158   Section        0  stm32f1xx_hal_msp.o(i.HAL_UART_MspInit)
    i.HAL_UART_Receive_IT                    0x080011dc   Section        0  stm32f1xx_hal_uart.o(i.HAL_UART_Receive_IT)
    i.HAL_UART_RxCpltCallback                0x08001230   Section        0  gizwits_product.o(i.HAL_UART_RxCpltCallback)
    i.HAL_UART_Transmit                      0x08001260   Section        0  stm32f1xx_hal_uart.o(i.HAL_UART_Transmit)
    i.HAL_UART_Transmit_IT                   0x0800131a   Section        0  stm32f1xx_hal_uart.o(i.HAL_UART_Transmit_IT)
    i.HAL_UART_TxCpltCallback                0x08001358   Section        0  stm32f1xx_hal_uart.o(i.HAL_UART_TxCpltCallback)
    i.HardFault_Handler                      0x0800135a   Section        0  stm32f1xx_it.o(i.HardFault_Handler)
    i.LedInit                                0x0800135c   Section        0  hal_led.o(i.LedInit)
    i.LedWrite                               0x080013b4   Section        0  hal_led.o(i.LedWrite)
    i.MX_GPIO_Init                           0x080013fc   Section        0  main.o(i.MX_GPIO_Init)
    MX_GPIO_Init                             0x080013fd   Thumb Code   110  main.o(i.MX_GPIO_Init)
    i.MX_TIM2_Init                           0x08001474   Section        0  main.o(i.MX_TIM2_Init)
    MX_TIM2_Init                             0x08001475   Thumb Code    78  main.o(i.MX_TIM2_Init)
    i.MemManage_Handler                      0x080014c8   Section        0  stm32f1xx_it.o(i.MemManage_Handler)
    i.NMI_Handler                            0x080014ca   Section        0  stm32f1xx_it.o(i.NMI_Handler)
    i.NVIC_SetPriority                       0x080014cc   Section        0  stm32f1xx_hal_cortex.o(i.NVIC_SetPriority)
    NVIC_SetPriority                         0x080014cd   Thumb Code    32  stm32f1xx_hal_cortex.o(i.NVIC_SetPriority)
    i.OLED_BufToPanel                        0x080014ec   Section        0  oled.o(i.OLED_BufToPanel)
    OLED_BufToPanel                          0x080014ed   Thumb Code    68  oled.o(i.OLED_BufToPanel)
    i.OLED_ClrScr                            0x08001534   Section        0  oled.o(i.OLED_ClrScr)
    i.OLED_DisDigital                        0x0800156c   Section        0  oled.o(i.OLED_DisDigital)
    i.OLED_DispStr                           0x080015b0   Section        0  oled.o(i.OLED_DispStr)
    i.OLED_Init                              0x080016d8   Section        0  oled.o(i.OLED_Init)
    i.OLED_InitHard                          0x08001704   Section        0  oled.o(i.OLED_InitHard)
    i.OLED_PutPixel                          0x08001814   Section        0  oled.o(i.OLED_PutPixel)
    i.OLED_WR_Byte                           0x0800189c   Section        0  oled.o(i.OLED_WR_Byte)
    i.PendSV_Handler                         0x080018dc   Section        0  stm32f1xx_it.o(i.PendSV_Handler)
    i.RelayInit                              0x080018e0   Section        0  hal_relay.o(i.RelayInit)
    i.RelayWrite                             0x08001954   Section        0  hal_relay.o(i.RelayWrite)
    i.SVC_Handler                            0x080019a8   Section        0  stm32f1xx_it.o(i.SVC_Handler)
    i.SysTick_Handler                        0x080019aa   Section        0  stm32f1xx_it.o(i.SysTick_Handler)
    i.SystemClock_Config                     0x080019b8   Section        0  main.o(i.SystemClock_Config)
    i.SystemInit                             0x08001a20   Section        0  system_stm32f1xx.o(i.SystemInit)
    i.TIM2_IRQHandler                        0x08001a68   Section        0  stm32f1xx_it.o(i.TIM2_IRQHandler)
    i.TIM_Base_SetConfig                     0x08001a74   Section        0  stm32f1xx_hal_tim.o(i.TIM_Base_SetConfig)
    i.TIM_ETR_SetConfig                      0x08001ae0   Section        0  stm32f1xx_hal_tim.o(i.TIM_ETR_SetConfig)
    TIM_ETR_SetConfig                        0x08001ae1   Thumb Code    20  stm32f1xx_hal_tim.o(i.TIM_ETR_SetConfig)
    i.TIM_ITRx_SetConfig                     0x08001af4   Section        0  stm32f1xx_hal_tim.o(i.TIM_ITRx_SetConfig)
    TIM_ITRx_SetConfig                       0x08001af5   Thumb Code    16  stm32f1xx_hal_tim.o(i.TIM_ITRx_SetConfig)
    i.TIM_TI1_ConfigInputStage               0x08001b04   Section        0  stm32f1xx_hal_tim.o(i.TIM_TI1_ConfigInputStage)
    TIM_TI1_ConfigInputStage                 0x08001b05   Thumb Code    34  stm32f1xx_hal_tim.o(i.TIM_TI1_ConfigInputStage)
    i.TIM_TI2_ConfigInputStage               0x08001b26   Section        0  stm32f1xx_hal_tim.o(i.TIM_TI2_ConfigInputStage)
    TIM_TI2_ConfigInputStage                 0x08001b27   Thumb Code    36  stm32f1xx_hal_tim.o(i.TIM_TI2_ConfigInputStage)
    i.UART_DMAAbortOnError                   0x08001b4a   Section        0  stm32f1xx_hal_uart.o(i.UART_DMAAbortOnError)
    UART_DMAAbortOnError                     0x08001b4b   Thumb Code    16  stm32f1xx_hal_uart.o(i.UART_DMAAbortOnError)
    i.UART_EndRxTransfer                     0x08001b5a   Section        0  stm32f1xx_hal_uart.o(i.UART_EndRxTransfer)
    UART_EndRxTransfer                       0x08001b5b   Thumb Code    28  stm32f1xx_hal_uart.o(i.UART_EndRxTransfer)
    i.UART_Receive_IT                        0x08001b76   Section        0  stm32f1xx_hal_uart.o(i.UART_Receive_IT)
    UART_Receive_IT                          0x08001b77   Thumb Code   150  stm32f1xx_hal_uart.o(i.UART_Receive_IT)
    i.UART_SetConfig                         0x08001c0c   Section        0  stm32f1xx_hal_uart.o(i.UART_SetConfig)
    UART_SetConfig                           0x08001c0d   Thumb Code   364  stm32f1xx_hal_uart.o(i.UART_SetConfig)
    i.UART_Transmit_IT                       0x08001d7c   Section        0  stm32f1xx_hal_uart.o(i.UART_Transmit_IT)
    UART_Transmit_IT                         0x08001d7d   Thumb Code    98  stm32f1xx_hal_uart.o(i.UART_Transmit_IT)
    i.UART_WaitOnFlagUntilTimeout            0x08001dde   Section        0  stm32f1xx_hal_uart.o(i.UART_WaitOnFlagUntilTimeout)
    UART_WaitOnFlagUntilTimeout              0x08001ddf   Thumb Code   100  stm32f1xx_hal_uart.o(i.UART_WaitOnFlagUntilTimeout)
    i.USART2_IRQHandler                      0x08001e44   Section        0  stm32f1xx_it.o(i.USART2_IRQHandler)
    i.UsageFault_Handler                     0x08001e50   Section        0  stm32f1xx_it.o(i.UsageFault_Handler)
    i.__0printf$8                            0x08001e54   Section        0  printf8.o(i.__0printf$8)
    i.__scatterload_copy                     0x08001e74   Section       14  handlers.o(i.__scatterload_copy)
    i.__scatterload_null                     0x08001e82   Section        2  handlers.o(i.__scatterload_null)
    i.__scatterload_zeroinit                 0x08001e84   Section       14  handlers.o(i.__scatterload_zeroinit)
    i._printf_core                           0x08001e94   Section        0  printf8.o(i._printf_core)
    _printf_core                             0x08001e95   Thumb Code   996  printf8.o(i._printf_core)
    i._printf_post_padding                   0x080022a4   Section        0  printf8.o(i._printf_post_padding)
    _printf_post_padding                     0x080022a5   Thumb Code    36  printf8.o(i._printf_post_padding)
    i._printf_pre_padding                    0x080022c8   Section        0  printf8.o(i._printf_pre_padding)
    _printf_pre_padding                      0x080022c9   Thumb Code    46  printf8.o(i._printf_pre_padding)
    i.delayUs                                0x080022f6   Section        0  hal_temp_hum.o(i.delayUs)
    i.dht11Check                             0x08002308   Section        0  hal_temp_hum.o(i.dht11Check)
    dht11Check                               0x08002309   Thumb Code    84  hal_temp_hum.o(i.dht11Check)
    i.dht11Init                              0x08002360   Section        0  hal_temp_hum.o(i.dht11Init)
    i.dht11Read                              0x080023cc   Section        0  hal_temp_hum.o(i.dht11Read)
    i.dht11ReadByte                          0x080024b8   Section        0  hal_temp_hum.o(i.dht11ReadByte)
    dht11ReadByte                            0x080024b9   Thumb Code   102  hal_temp_hum.o(i.dht11ReadByte)
    i.dht11Rst                               0x08002524   Section        0  hal_temp_hum.o(i.dht11Rst)
    dht11Rst                                 0x08002525   Thumb Code    44  hal_temp_hum.o(i.dht11Rst)
    i.exchangeBytes                          0x08002554   Section        0  common.o(i.exchangeBytes)
    i.exchangeWord                           0x08002564   Section        0  common.o(i.exchangeWord)
    i.fputc                                  0x08002568   Section        0  gizwits_product.o(i.fputc)
    i.getKey                                 0x08002580   Section        0  hal_key.o(i.getKey)
    i.gizAcrossByteJudge                     0x080025d8   Section        0  datapointtools.o(i.gizAcrossByteJudge)
    i.gizByteOrderExchange                   0x080025f6   Section        0  datapointtools.o(i.gizByteOrderExchange)
    i.gizCheckReport                         0x0800261c   Section        0  gizwits_protocol.o(i.gizCheckReport)
    gizCheckReport                           0x0800261d   Thumb Code   350  gizwits_protocol.o(i.gizCheckReport)
    i.gizDataPoint2Event                     0x08002944   Section        0  gizwits_protocol.o(i.gizDataPoint2Event)
    gizDataPoint2Event                       0x08002945   Thumb Code   538  gizwits_protocol.o(i.gizDataPoint2Event)
    i.gizDataPoints2ReportData               0x08002ba8   Section        0  gizwits_protocol.o(i.gizDataPoints2ReportData)
    gizDataPoints2ReportData                 0x08002ba9   Thumb Code   286  gizwits_protocol.o(i.gizDataPoints2ReportData)
    i.gizDevReportPolicy                     0x08002cf8   Section        0  gizwits_protocol.o(i.gizDevReportPolicy)
    gizDevReportPolicy                       0x08002cf9   Thumb Code   130  gizwits_protocol.o(i.gizDevReportPolicy)
    i.gizGetTimerCount                       0x08002db8   Section        0  gizwits_product.o(i.gizGetTimerCount)
    i.gizProtocolAckHandle                   0x08002dc4   Section        0  gizwits_protocol.o(i.gizProtocolAckHandle)
    gizProtocolAckHandle                     0x08002dc5   Thumb Code    80  gizwits_protocol.o(i.gizProtocolAckHandle)
    i.gizProtocolCommonAck                   0x08002e40   Section        0  gizwits_protocol.o(i.gizProtocolCommonAck)
    gizProtocolCommonAck                     0x08002e41   Thumb Code    80  gizwits_protocol.o(i.gizProtocolCommonAck)
    i.gizProtocolErrorCmd                    0x08002ed8   Section        0  gizwits_protocol.o(i.gizProtocolErrorCmd)
    gizProtocolErrorCmd                      0x08002ed9   Thumb Code    88  gizwits_protocol.o(i.gizProtocolErrorCmd)
    i.gizProtocolGetDeviceInfo               0x08002f78   Section        0  gizwits_protocol.o(i.gizProtocolGetDeviceInfo)
    gizProtocolGetDeviceInfo                 0x08002f79   Thumb Code   180  gizwits_protocol.o(i.gizProtocolGetDeviceInfo)
    i.gizProtocolGetOnePacket                0x080030f0   Section        0  gizwits_protocol.o(i.gizProtocolGetOnePacket)
    gizProtocolGetOnePacket                  0x080030f1   Thumb Code   298  gizwits_protocol.o(i.gizProtocolGetOnePacket)
    i.gizProtocolHeadInit                    0x08003250   Section        0  gizwits_protocol.o(i.gizProtocolHeadInit)
    gizProtocolHeadInit                      0x08003251   Thumb Code    32  gizwits_protocol.o(i.gizProtocolHeadInit)
    i.gizProtocolIssuedDataAck               0x0800329c   Section        0  gizwits_protocol.o(i.gizProtocolIssuedDataAck)
    gizProtocolIssuedDataAck                 0x0800329d   Thumb Code   198  gizwits_protocol.o(i.gizProtocolIssuedDataAck)
    i.gizProtocolIssuedProcess               0x080033bc   Section        0  gizwits_protocol.o(i.gizProtocolIssuedProcess)
    gizProtocolIssuedProcess                 0x080033bd   Thumb Code   202  gizwits_protocol.o(i.gizProtocolIssuedProcess)
    i.gizProtocolModuleStatus                0x080034bc   Section        0  gizwits_protocol.o(i.gizProtocolModuleStatus)
    gizProtocolModuleStatus                  0x080034bd   Thumb Code   574  gizwits_protocol.o(i.gizProtocolModuleStatus)
    i.gizProtocolNTP                         0x080038d0   Section        0  gizwits_protocol.o(i.gizProtocolNTP)
    gizProtocolNTP                           0x080038d1   Thumb Code    90  gizwits_protocol.o(i.gizProtocolNTP)
    i.gizProtocolResendData                  0x08003948   Section        0  gizwits_protocol.o(i.gizProtocolResendData)
    gizProtocolResendData                    0x08003949   Thumb Code    54  gizwits_protocol.o(i.gizProtocolResendData)
    i.gizProtocolSum                         0x080039bc   Section        0  common.o(i.gizProtocolSum)
    i.gizProtocolWaitAck                     0x080039e0   Section        0  gizwits_protocol.o(i.gizProtocolWaitAck)
    gizProtocolWaitAck                       0x080039e1   Thumb Code    66  gizwits_protocol.o(i.gizProtocolWaitAck)
    i.gizProtocolWaitAckCheck                0x08003a40   Section        0  gizwits_protocol.o(i.gizProtocolWaitAckCheck)
    gizProtocolWaitAckCheck                  0x08003a41   Thumb Code    42  gizwits_protocol.o(i.gizProtocolWaitAckCheck)
    i.gizPutData                             0x08003a88   Section        0  gizwits_protocol.o(i.gizPutData)
    i.gizReportData                          0x08003af0   Section        0  gizwits_protocol.o(i.gizReportData)
    gizReportData                            0x08003af1   Thumb Code   128  gizwits_protocol.o(i.gizReportData)
    i.gizStandardCompressValue               0x08003bb8   Section        0  datapointtools.o(i.gizStandardCompressValue)
    i.gizStandardDecompressionValue          0x08003c08   Section        0  datapointtools.o(i.gizStandardDecompressionValue)
    i.gizTimerMs                             0x08003c8c   Section        0  gizwits_product.o(i.gizTimerMs)
    i.gizX2Y                                 0x08003c9c   Section        0  datapointtools.o(i.gizX2Y)
    i.gizY2X                                 0x08003ca2   Section        0  datapointtools.o(i.gizY2X)
    i.gizwitsEventProcess                    0x08003cac   Section        0  gizwits_product.o(i.gizwitsEventProcess)
    i.gizwitsGetNTP                          0x0800402c   Section        0  gizwits_protocol.o(i.gizwitsGetNTP)
    i.gizwitsHandle                          0x080040a0   Section        0  gizwits_protocol.o(i.gizwitsHandle)
    i.gizwitsInit                            0x080043e8   Section        0  gizwits_protocol.o(i.gizwitsInit)
    i.gizwitsSetMode                         0x08004448   Section        0  gizwits_protocol.o(i.gizwitsSetMode)
    i.irInit                                 0x08004560   Section        0  hal_infrared.o(i.irInit)
    i.irRead                                 0x0800457c   Section        0  hal_infrared.o(i.irRead)
    i.key1LongPress                          0x08004594   Section        0  main.o(i.key1LongPress)
    i.key1ShortPress                         0x080045c8   Section        0  main.o(i.key1ShortPress)
    i.key2LongPress                          0x080045e0   Section        0  main.o(i.key2LongPress)
    i.key2ShortPress                         0x08004614   Section        0  main.o(i.key2ShortPress)
    i.keyHandle                              0x0800462c   Section        0  hal_key.o(i.keyHandle)
    i.keyInit                                0x080046ac   Section        0  main.o(i.keyInit)
    i.keyInitOne                             0x08004720   Section        0  hal_key.o(i.keyInitOne)
    i.keyParaInit                            0x08004760   Section        0  hal_key.o(i.keyParaInit)
    i.main                                   0x08004778   Section        0  main.o(i.main)
    i.mcuRestart                             0x08004860   Section        0  gizwits_product.o(i.mcuRestart)
    i.my_heater_handler                      0x0800486c   Section        0  gizwits_product.o(i.my_heater_handler)
    i.my_humi_handler                        0x080048f0   Section        0  gizwits_product.o(i.my_humi_handler)
    i.my_ir_handler                          0x08004958   Section        0  gizwits_product.o(i.my_ir_handler)
    i.my_oled_hadler                         0x080049e4   Section        0  gizwits_product.o(i.my_oled_hadler)
    i.my_temp_handler                        0x08004aa4   Section        0  gizwits_product.o(i.my_temp_handler)
    i.rbCanRead                              0x08004b50   Section        0  ringbuffer.o(i.rbCanRead)
    i.rbCanWrite                             0x08004b82   Section        0  ringbuffer.o(i.rbCanWrite)
    i.rbCapacity                             0x08004b9e   Section        0  ringbuffer.o(i.rbCapacity)
    i.rbCreate                               0x08004baa   Section        0  ringbuffer.o(i.rbCreate)
    i.rbRead                                 0x08004bbc   Section        0  ringbuffer.o(i.rbRead)
    i.rbWrite                                0x08004c3a   Section        0  ringbuffer.o(i.rbWrite)
    i.readKeyValue                           0x08004cc8   Section        0  hal_key.o(i.readKeyValue)
    i.timerInit                              0x08004d50   Section        0  gizwits_product.o(i.timerInit)
    i.uartInit                               0x08004d5c   Section        0  gizwits_product.o(i.uartInit)
    i.uartWrite                              0x08004d70   Section        0  gizwits_product.o(i.uartWrite)
    i.userHandle                             0x08004e28   Section        0  gizwits_product.o(i.userHandle)
    i.userInit                               0x08004e4c   Section        0  gizwits_product.o(i.userInit)
    .constdata                               0x08004f00   Section     1524  asc12.o(.constdata)
    .constdata                               0x080054f4   Section     4096  asc16.o(.constdata)
    .constdata                               0x080064f4   Section      366  hz12.o(.constdata)
    .constdata                               0x08006662   Section     1362  hz16.o(.constdata)
    .constdata                               0x08006bb4   Section       16  system_stm32f1xx.o(.constdata)
    .constdata                               0x08006bc4   Section        8  system_stm32f1xx.o(.constdata)
    .data                                    0x20000000   Section        5  main.o(.data)
    .data                                    0x20000008   Section        8  gizwits_product.o(.data)
    timerMsCount                             0x2000000c   Data           4  gizwits_product.o(.data)
    .data                                    0x20000010   Section       16  gizwits_protocol.o(.data)
    protocolFlag                             0x20000010   Data           1  gizwits_protocol.o(.data)
    lastData                                 0x20000011   Data           1  gizwits_protocol.o(.data)
    debugCount                               0x20000012   Data           1  gizwits_protocol.o(.data)
    protocolCount                            0x20000014   Data           2  gizwits_protocol.o(.data)
    lastStatus                               0x20000016   Data           2  gizwits_protocol.o(.data)
    lastReportTime                           0x20000018   Data           4  gizwits_protocol.o(.data)
    lastRepTime                              0x2000001c   Data           4  gizwits_protocol.o(.data)
    .data                                    0x20000020   Section       10  hal_key.o(.data)
    keyTotolNum                              0x20000020   Data           1  hal_key.o(.data)
    keyCheck                                 0x20000021   Data           1  hal_key.o(.data)
    keyState                                 0x20000022   Data           1  hal_key.o(.data)
    key_total                                0x20000023   Data           1  hal_key.o(.data)
    keyLongCheck                             0x20000026   Data           2  hal_key.o(.data)
    keyPrev                                  0x20000028   Data           2  hal_key.o(.data)
    .data                                    0x2000002a   Section       18  oled.o(.data)
    s_ucUpdateEn                             0x2000002a   Data           1  oled.o(.data)
    .data                                    0x2000003c   Section        4  stm32f1xx_hal.o(.data)
    .data                                    0x20000040   Section        4  system_stm32f1xx.o(.data)
    .data                                    0x20000044   Section        4  stdout.o(.data)
    .bss                                     0x20000048   Section      234  main.o(.bss)
    .bss                                     0x20000132   Section       37  gizwits_product.o(.bss)
    .bss                                     0x20000157   Section      477  gizwits_protocol.o(.bss)
    rbBuf                                    0x200002f6   Data          62  gizwits_protocol.o(.bss)
    .bss                                     0x20000334   Section       22  hal_temp_hum.o(.bss)
    .bss                                     0x2000034a   Section     1024  oled.o(.bss)
    s_ucGRAM                                 0x2000034a   Data        1024  oled.o(.bss)
    STACK                                    0x20000750   Section     8192  startup_stm32f103xb.o(STACK)

    Global Symbols

    Symbol Name                              Value     Ov Type        Size  Object(Section)

    BuildAttributes$$THM_ISAv4$P$D$K$B$S$PE$A:L22UL41UL21$X:L11$S22US41US21$IEEE1$IW$USESV6$~STKCKD$USESV7$~SHL$OTIME$ROPI$EBA8$MICROLIB$REQ8$PRES8$EABIv2 0x00000000   Number         0  anon$$obj.o ABSOLUTE
    __ARM_use_no_argv                        0x00000000   Number         0  main.o ABSOLUTE
    _printf_a                                0x00000000   Number         0  stubs.o ABSOLUTE
    _printf_c                                0x00000000   Number         0  stubs.o ABSOLUTE
    _printf_charcount                        0x00000000   Number         0  stubs.o ABSOLUTE
    _printf_d                                0x00000000   Number         0  stubs.o ABSOLUTE
    _printf_e                                0x00000000   Number         0  stubs.o ABSOLUTE
    _printf_f                                0x00000000   Number         0  stubs.o ABSOLUTE
    _printf_flags                            0x00000000   Number         0  stubs.o ABSOLUTE
    _printf_fp_dec                           0x00000000   Number         0  stubs.o ABSOLUTE
    _printf_fp_hex                           0x00000000   Number         0  stubs.o ABSOLUTE
    _printf_g                                0x00000000   Number         0  stubs.o ABSOLUTE
    _printf_i                                0x00000000   Number         0  stubs.o ABSOLUTE
    _printf_int_dec                          0x00000000   Number         0  stubs.o ABSOLUTE
    _printf_l                                0x00000000   Number         0  stubs.o ABSOLUTE
    _printf_lc                               0x00000000   Number         0  stubs.o ABSOLUTE
    _printf_ll                               0x00000000   Number         0  stubs.o ABSOLUTE
    _printf_lld                              0x00000000   Number         0  stubs.o ABSOLUTE
    _printf_lli                              0x00000000   Number         0  stubs.o ABSOLUTE
    _printf_llo                              0x00000000   Number         0  stubs.o ABSOLUTE
    _printf_llu                              0x00000000   Number         0  stubs.o ABSOLUTE
    _printf_llx                              0x00000000   Number         0  stubs.o ABSOLUTE
    _printf_longlong_dec                     0x00000000   Number         0  stubs.o ABSOLUTE
    _printf_longlong_hex                     0x00000000   Number         0  stubs.o ABSOLUTE
    _printf_longlong_oct                     0x00000000   Number         0  stubs.o ABSOLUTE
    _printf_ls                               0x00000000   Number         0  stubs.o ABSOLUTE
    _printf_mbtowc                           0x00000000   Number         0  stubs.o ABSOLUTE
    _printf_n                                0x00000000   Number         0  stubs.o ABSOLUTE
    _printf_o                                0x00000000   Number         0  stubs.o ABSOLUTE
    _printf_p                                0x00000000   Number         0  stubs.o ABSOLUTE
    _printf_percent                          0x00000000   Number         0  stubs.o ABSOLUTE
    _printf_pre_padding                      0x00000000   Number         0  stubs.o ABSOLUTE
    _printf_return_value                     0x00000000   Number         0  stubs.o ABSOLUTE
    _printf_s                                0x00000000   Number         0  stubs.o ABSOLUTE
    _printf_sizespec                         0x00000000   Number         0  stubs.o ABSOLUTE
    _printf_str                              0x00000000   Number         0  stubs.o ABSOLUTE
    _printf_truncate_signed                  0x00000000   Number         0  stubs.o ABSOLUTE
    _printf_truncate_unsigned                0x00000000   Number         0  stubs.o ABSOLUTE
    _printf_u                                0x00000000   Number         0  stubs.o ABSOLUTE
    _printf_wc                               0x00000000   Number         0  stubs.o ABSOLUTE
    _printf_wctomb                           0x00000000   Number         0  stubs.o ABSOLUTE
    _printf_widthprec                        0x00000000   Number         0  stubs.o ABSOLUTE
    _printf_x                                0x00000000   Number         0  stubs.o ABSOLUTE
    __cpp_initialize__aeabi_                  - Undefined Weak Reference
    __cxa_finalize                            - Undefined Weak Reference
    __decompress                              - Undefined Weak Reference
    _clock_init                               - Undefined Weak Reference
    _microlib_exit                            - Undefined Weak Reference
    __Vectors_Size                           0x000000ec   Number         0  startup_stm32f103xb.o ABSOLUTE
    __Vectors                                0x08000000   Data           4  startup_stm32f103xb.o(RESET)
    __Vectors_End                            0x080000ec   Data           0  startup_stm32f103xb.o(RESET)
    __main                                   0x080000ed   Thumb Code     0  entry.o(.ARM.Collect$$$$00000000)
    _main_stk                                0x080000ed   Thumb Code     0  entry2.o(.ARM.Collect$$$$00000001)
    _main_scatterload                        0x080000f1   Thumb Code     0  entry5.o(.ARM.Collect$$$$00000004)
    __main_after_scatterload                 0x080000f5   Thumb Code     0  entry5.o(.ARM.Collect$$$$00000004)
    _main_clock                              0x080000f5   Thumb Code     0  entry7b.o(.ARM.Collect$$$$00000008)
    _main_cpp_init                           0x080000f5   Thumb Code     0  entry8b.o(.ARM.Collect$$$$0000000A)
    _main_init                               0x080000f5   Thumb Code     0  entry9a.o(.ARM.Collect$$$$0000000B)
    __rt_final_cpp                           0x080000fd   Thumb Code     0  entry10a.o(.ARM.Collect$$$$0000000D)
    __rt_final_exit                          0x080000fd   Thumb Code     0  entry11a.o(.ARM.Collect$$$$0000000F)
    Reset_Handler                            0x08000101   Thumb Code     8  startup_stm32f103xb.o(.text)
    ADC1_2_IRQHandler                        0x0800011b   Thumb Code     0  startup_stm32f103xb.o(.text)
    CAN1_RX1_IRQHandler                      0x0800011b   Thumb Code     0  startup_stm32f103xb.o(.text)
    CAN1_SCE_IRQHandler                      0x0800011b   Thumb Code     0  startup_stm32f103xb.o(.text)
    DMA1_Channel1_IRQHandler                 0x0800011b   Thumb Code     0  startup_stm32f103xb.o(.text)
    DMA1_Channel2_IRQHandler                 0x0800011b   Thumb Code     0  startup_stm32f103xb.o(.text)
    DMA1_Channel3_IRQHandler                 0x0800011b   Thumb Code     0  startup_stm32f103xb.o(.text)
    DMA1_Channel4_IRQHandler                 0x0800011b   Thumb Code     0  startup_stm32f103xb.o(.text)
    DMA1_Channel5_IRQHandler                 0x0800011b   Thumb Code     0  startup_stm32f103xb.o(.text)
    DMA1_Channel6_IRQHandler                 0x0800011b   Thumb Code     0  startup_stm32f103xb.o(.text)
    DMA1_Channel7_IRQHandler                 0x0800011b   Thumb Code     0  startup_stm32f103xb.o(.text)
    EXTI0_IRQHandler                         0x0800011b   Thumb Code     0  startup_stm32f103xb.o(.text)
    EXTI15_10_IRQHandler                     0x0800011b   Thumb Code     0  startup_stm32f103xb.o(.text)
    EXTI1_IRQHandler                         0x0800011b   Thumb Code     0  startup_stm32f103xb.o(.text)
    EXTI2_IRQHandler                         0x0800011b   Thumb Code     0  startup_stm32f103xb.o(.text)
    EXTI3_IRQHandler                         0x0800011b   Thumb Code     0  startup_stm32f103xb.o(.text)
    EXTI4_IRQHandler                         0x0800011b   Thumb Code     0  startup_stm32f103xb.o(.text)
    EXTI9_5_IRQHandler                       0x0800011b   Thumb Code     0  startup_stm32f103xb.o(.text)
    FLASH_IRQHandler                         0x0800011b   Thumb Code     0  startup_stm32f103xb.o(.text)
    I2C1_ER_IRQHandler                       0x0800011b   Thumb Code     0  startup_stm32f103xb.o(.text)
    I2C1_EV_IRQHandler                       0x0800011b   Thumb Code     0  startup_stm32f103xb.o(.text)
    I2C2_ER_IRQHandler                       0x0800011b   Thumb Code     0  startup_stm32f103xb.o(.text)
    I2C2_EV_IRQHandler                       0x0800011b   Thumb Code     0  startup_stm32f103xb.o(.text)
    PVD_IRQHandler                           0x0800011b   Thumb Code     0  startup_stm32f103xb.o(.text)
    RCC_IRQHandler                           0x0800011b   Thumb Code     0  startup_stm32f103xb.o(.text)
    RTC_Alarm_IRQHandler                     0x0800011b   Thumb Code     0  startup_stm32f103xb.o(.text)
    RTC_IRQHandler                           0x0800011b   Thumb Code     0  startup_stm32f103xb.o(.text)
    SPI1_IRQHandler                          0x0800011b   Thumb Code     0  startup_stm32f103xb.o(.text)
    SPI2_IRQHandler                          0x0800011b   Thumb Code     0  startup_stm32f103xb.o(.text)
    TAMPER_IRQHandler                        0x0800011b   Thumb Code     0  startup_stm32f103xb.o(.text)
    TIM1_BRK_IRQHandler                      0x0800011b   Thumb Code     0  startup_stm32f103xb.o(.text)
    TIM1_CC_IRQHandler                       0x0800011b   Thumb Code     0  startup_stm32f103xb.o(.text)
    TIM1_TRG_COM_IRQHandler                  0x0800011b   Thumb Code     0  startup_stm32f103xb.o(.text)
    TIM1_UP_IRQHandler                       0x0800011b   Thumb Code     0  startup_stm32f103xb.o(.text)
    TIM3_IRQHandler                          0x0800011b   Thumb Code     0  startup_stm32f103xb.o(.text)
    TIM4_IRQHandler                          0x0800011b   Thumb Code     0  startup_stm32f103xb.o(.text)
    USART1_IRQHandler                        0x0800011b   Thumb Code     0  startup_stm32f103xb.o(.text)
    USART3_IRQHandler                        0x0800011b   Thumb Code     0  startup_stm32f103xb.o(.text)
    USBWakeUp_IRQHandler                     0x0800011b   Thumb Code     0  startup_stm32f103xb.o(.text)
    USB_HP_CAN1_TX_IRQHandler                0x0800011b   Thumb Code     0  startup_stm32f103xb.o(.text)
    USB_LP_CAN1_RX0_IRQHandler               0x0800011b   Thumb Code     0  startup_stm32f103xb.o(.text)
    WWDG_IRQHandler                          0x0800011b   Thumb Code     0  startup_stm32f103xb.o(.text)
    __aeabi_llsr                             0x08000125   Thumb Code    32  llushr.o(.text)
    _ll_ushift_r                             0x08000125   Thumb Code     0  llushr.o(.text)
    __aeabi_memcpy                           0x08000145   Thumb Code    36  memcpya.o(.text)
    __aeabi_memcpy4                          0x08000145   Thumb Code     0  memcpya.o(.text)
    __aeabi_memcpy8                          0x08000145   Thumb Code     0  memcpya.o(.text)
    __aeabi_memset                           0x08000169   Thumb Code    14  memseta.o(.text)
    __aeabi_memset4                          0x08000169   Thumb Code     0  memseta.o(.text)
    __aeabi_memset8                          0x08000169   Thumb Code     0  memseta.o(.text)
    __aeabi_memclr                           0x08000177   Thumb Code     4  memseta.o(.text)
    __aeabi_memclr4                          0x08000177   Thumb Code     0  memseta.o(.text)
    __aeabi_memclr8                          0x08000177   Thumb Code     0  memseta.o(.text)
    _memset$wrapper                          0x0800017b   Thumb Code    18  memseta.o(.text)
    __aeabi_uldivmod                         0x0800018d   Thumb Code    98  uldiv.o(.text)
    __aeabi_llsl                             0x080001ef   Thumb Code    30  llshl.o(.text)
    _ll_shift_l                              0x080001ef   Thumb Code     0  llshl.o(.text)
    __scatterload                            0x0800020d   Thumb Code    28  init.o(.text)
    __scatterload_rt2                        0x0800020d   Thumb Code     0  init.o(.text)
    Beep                                     0x08000231   Thumb Code    60  hal_buzz.o(i.Beep)
    BusFault_Handler                         0x08000271   Thumb Code     2  stm32f1xx_it.o(i.BusFault_Handler)
    BuzzInit                                 0x08000275   Thumb Code    36  hal_buzz.o(i.BuzzInit)
    BuzzWrite                                0x0800029d   Thumb Code    20  hal_buzz.o(i.BuzzWrite)
    DHT11_IO_IN                              0x080002bd   Thumb Code    28  hal_temp_hum.o(i.DHT11_IO_IN)
    DHT11_IO_OUT                             0x080002dd   Thumb Code    24  hal_temp_hum.o(i.DHT11_IO_OUT)
    DebugMon_Handler                         0x080002f9   Thumb Code     2  stm32f1xx_it.o(i.DebugMon_Handler)
    Delay_ms                                 0x080002fb   Thumb Code    28  delay.o(i.Delay_ms)
    Delay_us                                 0x08000317   Thumb Code    24  delay.o(i.Delay_us)
    HAL_DMA_Abort_IT                         0x08000331   Thumb Code   148  stm32f1xx_hal_dma.o(i.HAL_DMA_Abort_IT)
    HAL_Delay                                0x080003c9   Thumb Code    28  stm32f1xx_hal.o(i.HAL_Delay)
    HAL_GPIO_Init                            0x080003e5   Thumb Code   408  stm32f1xx_hal_gpio.o(i.HAL_GPIO_Init)
    HAL_GPIO_ReadPin                         0x080005a1   Thumb Code    10  stm32f1xx_hal_gpio.o(i.HAL_GPIO_ReadPin)
    HAL_GPIO_WritePin                        0x080005ab   Thumb Code    10  stm32f1xx_hal_gpio.o(i.HAL_GPIO_WritePin)
    HAL_GetTick                              0x080005b5   Thumb Code     6  stm32f1xx_hal.o(i.HAL_GetTick)
    HAL_IncTick                              0x080005c1   Thumb Code    10  stm32f1xx_hal.o(i.HAL_IncTick)
    HAL_Init                                 0x080005d1   Thumb Code    32  stm32f1xx_hal.o(i.HAL_Init)
    HAL_InitTick                             0x080005f5   Thumb Code    34  stm32f1xx_hal.o(i.HAL_InitTick)
    HAL_MspInit                              0x0800061d   Thumb Code   122  stm32f1xx_hal_msp.o(i.HAL_MspInit)
    HAL_NVIC_EnableIRQ                       0x080006a1   Thumb Code    22  stm32f1xx_hal_cortex.o(i.HAL_NVIC_EnableIRQ)
    HAL_NVIC_SetPriority                     0x080006b9   Thumb Code    60  stm32f1xx_hal_cortex.o(i.HAL_NVIC_SetPriority)
    HAL_NVIC_SetPriorityGrouping             0x080006f9   Thumb Code    26  stm32f1xx_hal_cortex.o(i.HAL_NVIC_SetPriorityGrouping)
    HAL_NVIC_SystemReset                     0x0800071d   Thumb Code    26  stm32f1xx_hal_cortex.o(i.HAL_NVIC_SystemReset)
    HAL_RCC_ClockConfig                      0x08000741   Thumb Code   322  stm32f1xx_hal_rcc.o(i.HAL_RCC_ClockConfig)
    HAL_RCC_GetHCLKFreq                      0x08000895   Thumb Code     6  stm32f1xx_hal_rcc.o(i.HAL_RCC_GetHCLKFreq)
    HAL_RCC_GetPCLK1Freq                     0x080008a1   Thumb Code    20  stm32f1xx_hal_rcc.o(i.HAL_RCC_GetPCLK1Freq)
    HAL_RCC_GetPCLK2Freq                     0x080008c1   Thumb Code    20  stm32f1xx_hal_rcc.o(i.HAL_RCC_GetPCLK2Freq)
    HAL_RCC_GetSysClockFreq                  0x080008e1   Thumb Code    74  stm32f1xx_hal_rcc.o(i.HAL_RCC_GetSysClockFreq)
    HAL_RCC_OscConfig                        0x0800094d   Thumb Code   750  stm32f1xx_hal_rcc.o(i.HAL_RCC_OscConfig)
    HAL_SYSTICK_CLKSourceConfig              0x08000c51   Thumb Code    24  stm32f1xx_hal_cortex.o(i.HAL_SYSTICK_CLKSourceConfig)
    HAL_SYSTICK_Callback                     0x08000c69   Thumb Code     2  stm32f1xx_hal_cortex.o(i.HAL_SYSTICK_Callback)
    HAL_SYSTICK_Config                       0x08000c6b   Thumb Code    40  stm32f1xx_hal_cortex.o(i.HAL_SYSTICK_Config)
    HAL_SYSTICK_IRQHandler                   0x08000c93   Thumb Code     8  stm32f1xx_hal_cortex.o(i.HAL_SYSTICK_IRQHandler)
    HAL_TIMEx_BreakCallback                  0x08000c9b   Thumb Code     2  stm32f1xx_hal_tim_ex.o(i.HAL_TIMEx_BreakCallback)
    HAL_TIMEx_CommutationCallback            0x08000c9d   Thumb Code     2  stm32f1xx_hal_tim_ex.o(i.HAL_TIMEx_CommutationCallback)
    HAL_TIMEx_MasterConfigSynchronization    0x08000c9f   Thumb Code    80  stm32f1xx_hal_tim_ex.o(i.HAL_TIMEx_MasterConfigSynchronization)
    HAL_TIM_Base_Init                        0x08000cef   Thumb Code    54  stm32f1xx_hal_tim.o(i.HAL_TIM_Base_Init)
    HAL_TIM_Base_MspInit                     0x08000d25   Thumb Code    30  stm32f1xx_hal_msp.o(i.HAL_TIM_Base_MspInit)
    HAL_TIM_Base_Start_IT                    0x08000d49   Thumb Code    24  stm32f1xx_hal_tim.o(i.HAL_TIM_Base_Start_IT)
    HAL_TIM_ConfigClockSource                0x08000d61   Thumb Code   242  stm32f1xx_hal_tim.o(i.HAL_TIM_ConfigClockSource)
    HAL_TIM_IC_CaptureCallback               0x08000e53   Thumb Code     2  stm32f1xx_hal_tim.o(i.HAL_TIM_IC_CaptureCallback)
    HAL_TIM_IRQHandler                       0x08000e55   Thumb Code   358  stm32f1xx_hal_tim.o(i.HAL_TIM_IRQHandler)
    HAL_TIM_OC_DelayElapsedCallback          0x08000fbb   Thumb Code     2  stm32f1xx_hal_tim.o(i.HAL_TIM_OC_DelayElapsedCallback)
    HAL_TIM_PWM_PulseFinishedCallback        0x08000fbd   Thumb Code     2  stm32f1xx_hal_tim.o(i.HAL_TIM_PWM_PulseFinishedCallback)
    HAL_TIM_PeriodElapsedCallback            0x08000fc1   Thumb Code    24  gizwits_product.o(i.HAL_TIM_PeriodElapsedCallback)
    HAL_TIM_TriggerCallback                  0x08000fe1   Thumb Code     2  stm32f1xx_hal_tim.o(i.HAL_TIM_TriggerCallback)
    HAL_UART_ErrorCallback                   0x08000fe3   Thumb Code     2  stm32f1xx_hal_uart.o(i.HAL_UART_ErrorCallback)
    HAL_UART_IRQHandler                      0x08000fe5   Thumb Code   266  stm32f1xx_hal_uart.o(i.HAL_UART_IRQHandler)
    HAL_UART_Init                            0x080010f5   Thumb Code    98  stm32f1xx_hal_uart.o(i.HAL_UART_Init)
    HAL_UART_MspInit                         0x08001159   Thumb Code   116  stm32f1xx_hal_msp.o(i.HAL_UART_MspInit)
    HAL_UART_Receive_IT                      0x080011dd   Thumb Code    82  stm32f1xx_hal_uart.o(i.HAL_UART_Receive_IT)
    HAL_UART_RxCpltCallback                  0x08001231   Thumb Code    34  gizwits_product.o(i.HAL_UART_RxCpltCallback)
    HAL_UART_Transmit                        0x08001261   Thumb Code   186  stm32f1xx_hal_uart.o(i.HAL_UART_Transmit)
    HAL_UART_Transmit_IT                     0x0800131b   Thumb Code    62  stm32f1xx_hal_uart.o(i.HAL_UART_Transmit_IT)
    HAL_UART_TxCpltCallback                  0x08001359   Thumb Code     2  stm32f1xx_hal_uart.o(i.HAL_UART_TxCpltCallback)
    HardFault_Handler                        0x0800135b   Thumb Code     2  stm32f1xx_it.o(i.HardFault_Handler)
    LedInit                                  0x0800135d   Thumb Code    80  hal_led.o(i.LedInit)
    LedWrite                                 0x080013b5   Thumb Code    62  hal_led.o(i.LedWrite)
    MemManage_Handler                        0x080014c9   Thumb Code     2  stm32f1xx_it.o(i.MemManage_Handler)
    NMI_Handler                              0x080014cb   Thumb Code     2  stm32f1xx_it.o(i.NMI_Handler)
    OLED_ClrScr                              0x08001535   Thumb Code    48  oled.o(i.OLED_ClrScr)
    OLED_DisDigital                          0x0800156d   Thumb Code    66  oled.o(i.OLED_DisDigital)
    OLED_DispStr                             0x080015b1   Thumb Code   280  oled.o(i.OLED_DispStr)
    OLED_Init                                0x080016d9   Thumb Code    38  oled.o(i.OLED_Init)
    OLED_InitHard                            0x08001705   Thumb Code   262  oled.o(i.OLED_InitHard)
    OLED_PutPixel                            0x08001815   Thumb Code   112  oled.o(i.OLED_PutPixel)
    OLED_WR_Byte                             0x0800189d   Thumb Code    60  oled.o(i.OLED_WR_Byte)
    PendSV_Handler                           0x080018dd   Thumb Code     2  stm32f1xx_it.o(i.PendSV_Handler)
    RelayInit                                0x080018e1   Thumb Code   108  hal_relay.o(i.RelayInit)
    RelayWrite                               0x08001955   Thumb Code    76  hal_relay.o(i.RelayWrite)
    SVC_Handler                              0x080019a9   Thumb Code     2  stm32f1xx_it.o(i.SVC_Handler)
    SysTick_Handler                          0x080019ab   Thumb Code    14  stm32f1xx_it.o(i.SysTick_Handler)
    SystemClock_Config                       0x080019b9   Thumb Code   104  main.o(i.SystemClock_Config)
    SystemInit                               0x08001a21   Thumb Code    56  system_stm32f1xx.o(i.SystemInit)
    TIM2_IRQHandler                          0x08001a69   Thumb Code     6  stm32f1xx_it.o(i.TIM2_IRQHandler)
    TIM_Base_SetConfig                       0x08001a75   Thumb Code    94  stm32f1xx_hal_tim.o(i.TIM_Base_SetConfig)
    USART2_IRQHandler                        0x08001e45   Thumb Code     6  stm32f1xx_it.o(i.USART2_IRQHandler)
    UsageFault_Handler                       0x08001e51   Thumb Code     2  stm32f1xx_it.o(i.UsageFault_Handler)
    __0printf$8                              0x08001e55   Thumb Code    22  printf8.o(i.__0printf$8)
    __1printf$8                              0x08001e55   Thumb Code     0  printf8.o(i.__0printf$8)
    __2printf                                0x08001e55   Thumb Code     0  printf8.o(i.__0printf$8)
    __scatterload_copy                       0x08001e75   Thumb Code    14  handlers.o(i.__scatterload_copy)
    __scatterload_null                       0x08001e83   Thumb Code     2  handlers.o(i.__scatterload_null)
    __scatterload_zeroinit                   0x08001e85   Thumb Code    14  handlers.o(i.__scatterload_zeroinit)
    delayUs                                  0x080022f7   Thumb Code    16  hal_temp_hum.o(i.delayUs)
    dht11Init                                0x08002361   Thumb Code    84  hal_temp_hum.o(i.dht11Init)
    dht11Read                                0x080023cd   Thumb Code   232  hal_temp_hum.o(i.dht11Read)
    exchangeBytes                            0x08002555   Thumb Code    16  common.o(i.exchangeBytes)
    exchangeWord                             0x08002565   Thumb Code     4  common.o(i.exchangeWord)
    fputc                                    0x08002569   Thumb Code    20  gizwits_product.o(i.fputc)
    getKey                                   0x08002581   Thumb Code    84  hal_key.o(i.getKey)
    gizAcrossByteJudge                       0x080025d9   Thumb Code    30  datapointtools.o(i.gizAcrossByteJudge)
    gizByteOrderExchange                     0x080025f7   Thumb Code    36  datapointtools.o(i.gizByteOrderExchange)
    gizGetTimerCount                         0x08002db9   Thumb Code     6  gizwits_product.o(i.gizGetTimerCount)
    gizProtocolSum                           0x080039bd   Thumb Code    36  common.o(i.gizProtocolSum)
    gizPutData                               0x08003a89   Thumb Code    40  gizwits_protocol.o(i.gizPutData)
    gizStandardCompressValue                 0x08003bb9   Thumb Code    80  datapointtools.o(i.gizStandardCompressValue)
    gizStandardDecompressionValue            0x08003c09   Thumb Code   130  datapointtools.o(i.gizStandardDecompressionValue)
    gizTimerMs                               0x08003c8d   Thumb Code    10  gizwits_product.o(i.gizTimerMs)
    gizX2Y                                   0x08003c9d   Thumb Code     6  datapointtools.o(i.gizX2Y)
    gizY2X                                   0x08003ca3   Thumb Code     8  datapointtools.o(i.gizY2X)
    gizwitsEventProcess                      0x08003cad   Thumb Code   398  gizwits_product.o(i.gizwitsEventProcess)
    gizwitsGetNTP                            0x0800402d   Thumb Code    78  gizwits_protocol.o(i.gizwitsGetNTP)
    gizwitsHandle                            0x080040a1   Thumb Code   558  gizwits_protocol.o(i.gizwitsHandle)
    gizwitsInit                              0x080043e9   Thumb Code    46  gizwits_protocol.o(i.gizwitsInit)
    gizwitsSetMode                           0x08004449   Thumb Code   222  gizwits_protocol.o(i.gizwitsSetMode)
    irInit                                   0x08004561   Thumb Code    24  hal_infrared.o(i.irInit)
    irRead                                   0x0800457d   Thumb Code    18  hal_infrared.o(i.irRead)
    key1LongPress                            0x08004595   Thumb Code    18  main.o(i.key1LongPress)
    key1ShortPress                           0x080045c9   Thumb Code     6  main.o(i.key1ShortPress)
    key2LongPress                            0x080045e1   Thumb Code    18  main.o(i.key2LongPress)
    key2ShortPress                           0x08004615   Thumb Code     6  main.o(i.key2ShortPress)
    keyHandle                                0x0800462d   Thumb Code   126  hal_key.o(i.keyHandle)
    keyInit                                  0x080046ad   Thumb Code    88  main.o(i.keyInit)
    keyInitOne                               0x08004721   Thumb Code    58  hal_key.o(i.keyInitOne)
    keyParaInit                              0x08004761   Thumb Code    20  hal_key.o(i.keyParaInit)
    main                                     0x08004779   Thumb Code   196  main.o(i.main)
    mcuRestart                               0x08004861   Thumb Code    10  gizwits_product.o(i.mcuRestart)
    my_heater_handler                        0x0800486d   Thumb Code   124  gizwits_product.o(i.my_heater_handler)
    my_humi_handler                          0x080048f1   Thumb Code   100  gizwits_product.o(i.my_humi_handler)
    my_ir_handler                            0x08004959   Thumb Code   134  gizwits_product.o(i.my_ir_handler)
    my_oled_hadler                           0x080049e5   Thumb Code   138  gizwits_product.o(i.my_oled_hadler)
    my_temp_handler                          0x08004aa5   Thumb Code   168  gizwits_product.o(i.my_temp_handler)
    rbCanRead                                0x08004b51   Thumb Code    50  ringbuffer.o(i.rbCanRead)
    rbCanWrite                               0x08004b83   Thumb Code    28  ringbuffer.o(i.rbCanWrite)
    rbCapacity                               0x08004b9f   Thumb Code    12  ringbuffer.o(i.rbCapacity)
    rbCreate                                 0x08004bab   Thumb Code    18  ringbuffer.o(i.rbCreate)
    rbRead                                   0x08004bbd   Thumb Code   126  ringbuffer.o(i.rbRead)
    rbWrite                                  0x08004c3b   Thumb Code   142  ringbuffer.o(i.rbWrite)
    readKeyValue                             0x08004cc9   Thumb Code   130  hal_key.o(i.readKeyValue)
    timerInit                                0x08004d51   Thumb Code     6  gizwits_product.o(i.timerInit)
    uartInit                                 0x08004d5d   Thumb Code    10  gizwits_product.o(i.uartInit)
    uartWrite                                0x08004d71   Thumb Code   140  gizwits_product.o(i.uartWrite)
    userHandle                               0x08004e29   Thumb Code    32  gizwits_product.o(i.userHandle)
    userInit                                 0x08004e4d   Thumb Code   114  gizwits_product.o(i.userInit)
    g_Ascii12                                0x08004f00   Data        1524  asc12.o(.constdata)
    g_Ascii16                                0x080054f4   Data        4096  asc16.o(.constdata)
    g_Hz12                                   0x080064f4   Data         366  hz12.o(.constdata)
    g_Hz16                                   0x08006662   Data        1362  hz16.o(.constdata)
    AHBPrescTable                            0x08006bb4   Data          16  system_stm32f1xx.o(.constdata)
    APBPrescTable                            0x08006bc4   Data           8  system_stm32f1xx.o(.constdata)
    Region$$Table$$Base                      0x08006bcc   Number         0  anon$$obj.o(Region$$Table)
    Region$$Table$$Limit                     0x08006bec   Number         0  anon$$obj.o(Region$$Table)
    keys                                     0x20000000   Data           5  main.o(.data)
    aRxBuffer                                0x20000008   Data           1  gizwits_product.o(.data)
    keyCountTime                             0x20000024   Data           1  hal_key.o(.data)
    tFont12                                  0x2000002c   Data           8  oled.o(.data)
    tFont16                                  0x20000034   Data           8  oled.o(.data)
    uwTick                                   0x2000003c   Data           4  stm32f1xx_hal.o(.data)
    SystemCoreClock                          0x20000040   Data           4  system_stm32f1xx.o(.data)
    __stdout                                 0x20000044   Data           4  stdout.o(.data)
    htim2                                    0x20000048   Data          64  main.o(.bss)
    huart1                                   0x20000088   Data          64  main.o(.bss)
    huart2                                   0x200000c8   Data          64  main.o(.bss)
    singleKey                                0x20000108   Data          42  main.o(.bss)
    currentDataPoint                         0x20000132   Data          37  gizwits_product.o(.bss)
    gizwitsProtocol                          0x20000157   Data         399  gizwits_protocol.o(.bss)
    pRb                                      0x200002e6   Data          16  gizwits_protocol.o(.bss)
    temphumTypedef                           0x20000334   Data          22  hal_temp_hum.o(.bss)
    __initial_sp                             0x20002750   Data           0  startup_stm32f103xb.o(STACK)



==============================================================================

Memory Map of the image

  Image Entry point : 0x080000ed

  Load Region LR_IROM1 (Base: 0x08000000, Size: 0x00006c34, Max: 0x00010000, ABSOLUTE)

    Execution Region ER_IROM1 (Base: 0x08000000, Size: 0x00006bec, Max: 0x00010000, ABSOLUTE)

    Base Addr    Size         Type   Attr      Idx    E Section Name        Object

    0x08000000   0x000000ec   Data   RO         3416    RESET               startup_stm32f103xb.o
    0x080000ec   0x00000000   Code   RO         3459  * .ARM.Collect$$$$00000000  mc_w.l(entry.o)
    0x080000ec   0x00000004   Code   RO         3757    .ARM.Collect$$$$00000001  mc_w.l(entry2.o)
    0x080000f0   0x00000004   Code   RO         3760    .ARM.Collect$$$$00000004  mc_w.l(entry5.o)
    0x080000f4   0x00000000   Code   RO         3762    .ARM.Collect$$$$00000008  mc_w.l(entry7b.o)
    0x080000f4   0x00000000   Code   RO         3764    .ARM.Collect$$$$0000000A  mc_w.l(entry8b.o)
    0x080000f4   0x00000008   Code   RO         3765    .ARM.Collect$$$$0000000B  mc_w.l(entry9a.o)
    0x080000fc   0x00000000   Code   RO         3767    .ARM.Collect$$$$0000000D  mc_w.l(entry10a.o)
    0x080000fc   0x00000000   Code   RO         3769    .ARM.Collect$$$$0000000F  mc_w.l(entry11a.o)
    0x080000fc   0x00000004   Code   RO         3758    .ARM.Collect$$$$00002712  mc_w.l(entry2.o)
    0x08000100   0x00000024   Code   RO         3417    .text               startup_stm32f103xb.o
    0x08000124   0x00000020   Code   RO         3462    .text               mc_w.l(llushr.o)
    0x08000144   0x00000024   Code   RO         3466    .text               mc_w.l(memcpya.o)
    0x08000168   0x00000024   Code   RO         3468    .text               mc_w.l(memseta.o)
    0x0800018c   0x00000062   Code   RO         3774    .text               mc_w.l(uldiv.o)
    0x080001ee   0x0000001e   Code   RO         3776    .text               mc_w.l(llshl.o)
    0x0800020c   0x00000024   Code   RO         3791    .text               mc_w.l(init.o)
    0x08000230   0x00000040   Code   RO          919    i.Beep              hal_buzz.o
    0x08000270   0x00000002   Code   RO          245    i.BusFault_Handler  stm32f1xx_it.o
    0x08000272   0x00000002   PAD
    0x08000274   0x00000028   Code   RO          920    i.BuzzInit          hal_buzz.o
    0x0800029c   0x00000020   Code   RO          921    i.BuzzWrite         hal_buzz.o
    0x080002bc   0x00000020   Code   RO          825    i.DHT11_IO_IN       hal_temp_hum.o
    0x080002dc   0x0000001c   Code   RO          826    i.DHT11_IO_OUT      hal_temp_hum.o
    0x080002f8   0x00000002   Code   RO          246    i.DebugMon_Handler  stm32f1xx_it.o
    0x080002fa   0x0000001c   Code   RO          709    i.Delay_ms          delay.o
    0x08000316   0x00000018   Code   RO          710    i.Delay_us          delay.o
    0x0800032e   0x00000002   PAD
    0x08000330   0x00000098   Code   RO         1848    i.HAL_DMA_Abort_IT  stm32f1xx_hal_dma.o
    0x080003c8   0x0000001c   Code   RO         1561    i.HAL_Delay         stm32f1xx_hal.o
    0x080003e4   0x000001bc   Code   RO         1698    i.HAL_GPIO_Init     stm32f1xx_hal_gpio.o
    0x080005a0   0x0000000a   Code   RO         1700    i.HAL_GPIO_ReadPin  stm32f1xx_hal_gpio.o
    0x080005aa   0x0000000a   Code   RO         1702    i.HAL_GPIO_WritePin  stm32f1xx_hal_gpio.o
    0x080005b4   0x0000000c   Code   RO         1565    i.HAL_GetTick       stm32f1xx_hal.o
    0x080005c0   0x00000010   Code   RO         1567    i.HAL_IncTick       stm32f1xx_hal.o
    0x080005d0   0x00000024   Code   RO         1568    i.HAL_Init          stm32f1xx_hal.o
    0x080005f4   0x00000028   Code   RO         1569    i.HAL_InitTick      stm32f1xx_hal.o
    0x0800061c   0x00000084   Code   RO            4    i.HAL_MspInit       stm32f1xx_hal_msp.o
    0x080006a0   0x00000016   Code   RO         2851    i.HAL_NVIC_EnableIRQ  stm32f1xx_hal_cortex.o
    0x080006b6   0x00000002   PAD
    0x080006b8   0x00000040   Code   RO         2857    i.HAL_NVIC_SetPriority  stm32f1xx_hal_cortex.o
    0x080006f8   0x00000024   Code   RO         2858    i.HAL_NVIC_SetPriorityGrouping  stm32f1xx_hal_cortex.o
    0x0800071c   0x00000024   Code   RO         2859    i.HAL_NVIC_SystemReset  stm32f1xx_hal_cortex.o
    0x08000740   0x00000154   Code   RO         1978    i.HAL_RCC_ClockConfig  stm32f1xx_hal_rcc.o
    0x08000894   0x0000000c   Code   RO         1983    i.HAL_RCC_GetHCLKFreq  stm32f1xx_hal_rcc.o
    0x080008a0   0x00000020   Code   RO         1985    i.HAL_RCC_GetPCLK1Freq  stm32f1xx_hal_rcc.o
    0x080008c0   0x00000020   Code   RO         1986    i.HAL_RCC_GetPCLK2Freq  stm32f1xx_hal_rcc.o
    0x080008e0   0x0000006c   Code   RO         1987    i.HAL_RCC_GetSysClockFreq  stm32f1xx_hal_rcc.o
    0x0800094c   0x00000304   Code   RO         1990    i.HAL_RCC_OscConfig  stm32f1xx_hal_rcc.o
    0x08000c50   0x00000018   Code   RO         2860    i.HAL_SYSTICK_CLKSourceConfig  stm32f1xx_hal_cortex.o
    0x08000c68   0x00000002   Code   RO         2861    i.HAL_SYSTICK_Callback  stm32f1xx_hal_cortex.o
    0x08000c6a   0x00000028   Code   RO         2862    i.HAL_SYSTICK_Config  stm32f1xx_hal_cortex.o
    0x08000c92   0x00000008   Code   RO         2863    i.HAL_SYSTICK_IRQHandler  stm32f1xx_hal_cortex.o
    0x08000c9a   0x00000002   Code   RO         1321    i.HAL_TIMEx_BreakCallback  stm32f1xx_hal_tim_ex.o
    0x08000c9c   0x00000002   Code   RO         1322    i.HAL_TIMEx_CommutationCallback  stm32f1xx_hal_tim_ex.o
    0x08000c9e   0x00000050   Code   RO         1338    i.HAL_TIMEx_MasterConfigSynchronization  stm32f1xx_hal_tim_ex.o
    0x08000cee   0x00000036   Code   RO         2220    i.HAL_TIM_Base_Init  stm32f1xx_hal_tim.o
    0x08000d24   0x00000024   Code   RO            6    i.HAL_TIM_Base_MspInit  stm32f1xx_hal_msp.o
    0x08000d48   0x00000018   Code   RO         2225    i.HAL_TIM_Base_Start_IT  stm32f1xx_hal_tim.o
    0x08000d60   0x000000f2   Code   RO         2229    i.HAL_TIM_ConfigClockSource  stm32f1xx_hal_tim.o
    0x08000e52   0x00000002   Code   RO         2249    i.HAL_TIM_IC_CaptureCallback  stm32f1xx_hal_tim.o
    0x08000e54   0x00000166   Code   RO         2262    i.HAL_TIM_IRQHandler  stm32f1xx_hal_tim.o
    0x08000fba   0x00000002   Code   RO         2265    i.HAL_TIM_OC_DelayElapsedCallback  stm32f1xx_hal_tim.o
    0x08000fbc   0x00000002   Code   RO         2292    i.HAL_TIM_PWM_PulseFinishedCallback  stm32f1xx_hal_tim.o
    0x08000fbe   0x00000002   PAD
    0x08000fc0   0x00000020   Code   RO          333    i.HAL_TIM_PeriodElapsedCallback  gizwits_product.o
    0x08000fe0   0x00000002   Code   RO         2303    i.HAL_TIM_TriggerCallback  stm32f1xx_hal_tim.o
    0x08000fe2   0x00000002   Code   RO         3112    i.HAL_UART_ErrorCallback  stm32f1xx_hal_uart.o
    0x08000fe4   0x00000110   Code   RO         3115    i.HAL_UART_IRQHandler  stm32f1xx_hal_uart.o
    0x080010f4   0x00000062   Code   RO         3116    i.HAL_UART_Init     stm32f1xx_hal_uart.o
    0x08001156   0x00000002   PAD
    0x08001158   0x00000084   Code   RO            8    i.HAL_UART_MspInit  stm32f1xx_hal_msp.o
    0x080011dc   0x00000052   Code   RO         3121    i.HAL_UART_Receive_IT  stm32f1xx_hal_uart.o
    0x0800122e   0x00000002   PAD
    0x08001230   0x00000030   Code   RO          334    i.HAL_UART_RxCpltCallback  gizwits_product.o
    0x08001260   0x000000ba   Code   RO         3124    i.HAL_UART_Transmit  stm32f1xx_hal_uart.o
    0x0800131a   0x0000003e   Code   RO         3126    i.HAL_UART_Transmit_IT  stm32f1xx_hal_uart.o
    0x08001358   0x00000002   Code   RO         3127    i.HAL_UART_TxCpltCallback  stm32f1xx_hal_uart.o
    0x0800135a   0x00000002   Code   RO          247    i.HardFault_Handler  stm32f1xx_it.o
    0x0800135c   0x00000058   Code   RO          795    i.LedInit           hal_led.o
    0x080013b4   0x00000048   Code   RO          796    i.LedWrite          hal_led.o
    0x080013fc   0x00000078   Code   RO          136    i.MX_GPIO_Init      main.o
    0x08001474   0x00000054   Code   RO          137    i.MX_TIM2_Init      main.o
    0x080014c8   0x00000002   Code   RO          248    i.MemManage_Handler  stm32f1xx_it.o
    0x080014ca   0x00000002   Code   RO          249    i.NMI_Handler       stm32f1xx_it.o
    0x080014cc   0x00000020   Code   RO         2864    i.NVIC_SetPriority  stm32f1xx_hal_cortex.o
    0x080014ec   0x00000048   Code   RO          956    i.OLED_BufToPanel   oled.o
    0x08001534   0x00000038   Code   RO          957    i.OLED_ClrScr       oled.o
    0x0800156c   0x00000042   Code   RO          959    i.OLED_DisDigital   oled.o
    0x080015ae   0x00000002   PAD
    0x080015b0   0x00000128   Code   RO          962    i.OLED_DispStr      oled.o
    0x080016d8   0x0000002c   Code   RO          970    i.OLED_Init         oled.o
    0x08001704   0x00000110   Code   RO          971    i.OLED_InitHard     oled.o
    0x08001814   0x00000088   Code   RO          972    i.OLED_PutPixel     oled.o
    0x0800189c   0x00000040   Code   RO          975    i.OLED_WR_Byte      oled.o
    0x080018dc   0x00000002   Code   RO          250    i.PendSV_Handler    stm32f1xx_it.o
    0x080018de   0x00000002   PAD
    0x080018e0   0x00000074   Code   RO          889    i.RelayInit         hal_relay.o
    0x08001954   0x00000054   Code   RO          890    i.RelayWrite        hal_relay.o
    0x080019a8   0x00000002   Code   RO          251    i.SVC_Handler       stm32f1xx_it.o
    0x080019aa   0x0000000e   Code   RO          252    i.SysTick_Handler   stm32f1xx_it.o
    0x080019b8   0x00000068   Code   RO          138    i.SystemClock_Config  main.o
    0x08001a20   0x00000048   Code   RO         3425    i.SystemInit        system_stm32f1xx.o
    0x08001a68   0x0000000c   Code   RO          253    i.TIM2_IRQHandler   stm32f1xx_it.o
    0x08001a74   0x0000006c   Code   RO         2304    i.TIM_Base_SetConfig  stm32f1xx_hal_tim.o
    0x08001ae0   0x00000014   Code   RO         2311    i.TIM_ETR_SetConfig  stm32f1xx_hal_tim.o
    0x08001af4   0x00000010   Code   RO         2312    i.TIM_ITRx_SetConfig  stm32f1xx_hal_tim.o
    0x08001b04   0x00000022   Code   RO         2318    i.TIM_TI1_ConfigInputStage  stm32f1xx_hal_tim.o
    0x08001b26   0x00000024   Code   RO         2320    i.TIM_TI2_ConfigInputStage  stm32f1xx_hal_tim.o
    0x08001b4a   0x00000010   Code   RO         3129    i.UART_DMAAbortOnError  stm32f1xx_hal_uart.o
    0x08001b5a   0x0000001c   Code   RO         3139    i.UART_EndRxTransfer  stm32f1xx_hal_uart.o
    0x08001b76   0x00000096   Code   RO         3141    i.UART_Receive_IT   stm32f1xx_hal_uart.o
    0x08001c0c   0x00000170   Code   RO         3142    i.UART_SetConfig    stm32f1xx_hal_uart.o
    0x08001d7c   0x00000062   Code   RO         3143    i.UART_Transmit_IT  stm32f1xx_hal_uart.o
    0x08001dde   0x00000064   Code   RO         3144    i.UART_WaitOnFlagUntilTimeout  stm32f1xx_hal_uart.o
    0x08001e42   0x00000002   PAD
    0x08001e44   0x0000000c   Code   RO          254    i.USART2_IRQHandler  stm32f1xx_it.o
    0x08001e50   0x00000002   Code   RO          255    i.UsageFault_Handler  stm32f1xx_it.o
    0x08001e52   0x00000002   PAD
    0x08001e54   0x00000020   Code   RO         3681    i.__0printf$8       mc_w.l(printf8.o)
    0x08001e74   0x0000000e   Code   RO         3795    i.__scatterload_copy  mc_w.l(handlers.o)
    0x08001e82   0x00000002   Code   RO         3796    i.__scatterload_null  mc_w.l(handlers.o)
    0x08001e84   0x0000000e   Code   RO         3797    i.__scatterload_zeroinit  mc_w.l(handlers.o)
    0x08001e92   0x00000002   PAD
    0x08001e94   0x00000410   Code   RO         3688    i._printf_core      mc_w.l(printf8.o)
    0x080022a4   0x00000024   Code   RO         3689    i._printf_post_padding  mc_w.l(printf8.o)
    0x080022c8   0x0000002e   Code   RO         3690    i._printf_pre_padding  mc_w.l(printf8.o)
    0x080022f6   0x00000010   Code   RO          827    i.delayUs           hal_temp_hum.o
    0x08002306   0x00000002   PAD
    0x08002308   0x00000058   Code   RO          828    i.dht11Check        hal_temp_hum.o
    0x08002360   0x0000006c   Code   RO          829    i.dht11Init         hal_temp_hum.o
    0x080023cc   0x000000ec   Code   RO          830    i.dht11Read         hal_temp_hum.o
    0x080024b8   0x0000006c   Code   RO          831    i.dht11ReadByte     hal_temp_hum.o
    0x08002524   0x00000030   Code   RO          832    i.dht11Rst          hal_temp_hum.o
    0x08002554   0x00000010   Code   RO         1113    i.exchangeBytes     common.o
    0x08002564   0x00000004   Code   RO         1114    i.exchangeWord      common.o
    0x08002568   0x00000018   Code   RO          335    i.fputc             gizwits_product.o
    0x08002580   0x00000058   Code   RO          653    i.getKey            hal_key.o
    0x080025d8   0x0000001e   Code   RO         1177    i.gizAcrossByteJudge  datapointtools.o
    0x080025f6   0x00000024   Code   RO         1178    i.gizByteOrderExchange  datapointtools.o
    0x0800261a   0x00000002   PAD
    0x0800261c   0x00000328   Code   RO          486    i.gizCheckReport    gizwits_protocol.o
    0x08002944   0x00000264   Code   RO          487    i.gizDataPoint2Event  gizwits_protocol.o
    0x08002ba8   0x00000150   Code   RO          488    i.gizDataPoints2ReportData  gizwits_protocol.o
    0x08002cf8   0x000000c0   Code   RO          489    i.gizDevReportPolicy  gizwits_protocol.o
    0x08002db8   0x0000000c   Code   RO          336    i.gizGetTimerCount  gizwits_product.o
    0x08002dc4   0x0000007c   Code   RO          490    i.gizProtocolAckHandle  gizwits_protocol.o
    0x08002e40   0x00000098   Code   RO          491    i.gizProtocolCommonAck  gizwits_protocol.o
    0x08002ed8   0x000000a0   Code   RO          492    i.gizProtocolErrorCmd  gizwits_protocol.o
    0x08002f78   0x00000178   Code   RO          493    i.gizProtocolGetDeviceInfo  gizwits_protocol.o
    0x080030f0   0x00000160   Code   RO          494    i.gizProtocolGetOnePacket  gizwits_protocol.o
    0x08003250   0x0000004c   Code   RO          495    i.gizProtocolHeadInit  gizwits_protocol.o
    0x0800329c   0x00000120   Code   RO          496    i.gizProtocolIssuedDataAck  gizwits_protocol.o
    0x080033bc   0x00000100   Code   RO          497    i.gizProtocolIssuedProcess  gizwits_protocol.o
    0x080034bc   0x00000414   Code   RO          498    i.gizProtocolModuleStatus  gizwits_protocol.o
    0x080038d0   0x00000078   Code   RO          499    i.gizProtocolNTP    gizwits_protocol.o
    0x08003948   0x00000074   Code   RO          500    i.gizProtocolResendData  gizwits_protocol.o
    0x080039bc   0x00000024   Code   RO         1115    i.gizProtocolSum    common.o
    0x080039e0   0x00000060   Code   RO          501    i.gizProtocolWaitAck  gizwits_protocol.o
    0x08003a40   0x00000048   Code   RO          502    i.gizProtocolWaitAckCheck  gizwits_protocol.o
    0x08003a88   0x00000068   Code   RO          503    i.gizPutData        gizwits_protocol.o
    0x08003af0   0x000000c8   Code   RO          504    i.gizReportData     gizwits_protocol.o
    0x08003bb8   0x00000050   Code   RO         1179    i.gizStandardCompressValue  datapointtools.o
    0x08003c08   0x00000082   Code   RO         1180    i.gizStandardDecompressionValue  datapointtools.o
    0x08003c8a   0x00000002   PAD
    0x08003c8c   0x00000010   Code   RO          337    i.gizTimerMs        gizwits_product.o
    0x08003c9c   0x00000006   Code   RO         1183    i.gizX2Y            datapointtools.o
    0x08003ca2   0x00000008   Code   RO         1185    i.gizY2X            datapointtools.o
    0x08003caa   0x00000002   PAD
    0x08003cac   0x00000380   Code   RO          338    i.gizwitsEventProcess  gizwits_product.o
    0x0800402c   0x00000074   Code   RO          506    i.gizwitsGetNTP     gizwits_protocol.o
    0x080040a0   0x00000348   Code   RO          507    i.gizwitsHandle     gizwits_protocol.o
    0x080043e8   0x00000060   Code   RO          508    i.gizwitsInit       gizwits_protocol.o
    0x08004448   0x00000118   Code   RO          510    i.gizwitsSetMode    gizwits_protocol.o
    0x08004560   0x0000001c   Code   RO          762    i.irInit            hal_infrared.o
    0x0800457c   0x00000018   Code   RO          763    i.irRead            hal_infrared.o
    0x08004594   0x00000034   Code   RO          140    i.key1LongPress     main.o
    0x080045c8   0x00000018   Code   RO          141    i.key1ShortPress    main.o
    0x080045e0   0x00000034   Code   RO          142    i.key2LongPress     main.o
    0x08004614   0x00000018   Code   RO          143    i.key2ShortPress    main.o
    0x0800462c   0x0000007e   Code   RO          654    i.keyHandle         hal_key.o
    0x080046aa   0x00000002   PAD
    0x080046ac   0x00000074   Code   RO          144    i.keyInit           main.o
    0x08004720   0x00000040   Code   RO          655    i.keyInitOne        hal_key.o
    0x08004760   0x00000018   Code   RO          656    i.keyParaInit       hal_key.o
    0x08004778   0x000000e8   Code   RO          145    i.main              main.o
    0x08004860   0x0000000a   Code   RO          339    i.mcuRestart        gizwits_product.o
    0x0800486a   0x00000002   PAD
    0x0800486c   0x00000084   Code   RO          340    i.my_heater_handler  gizwits_product.o
    0x080048f0   0x00000068   Code   RO          341    i.my_humi_handler   gizwits_product.o
    0x08004958   0x0000008c   Code   RO          342    i.my_ir_handler     gizwits_product.o
    0x080049e4   0x000000c0   Code   RO          343    i.my_oled_hadler    gizwits_product.o
    0x08004aa4   0x000000ac   Code   RO          344    i.my_temp_handler   gizwits_product.o
    0x08004b50   0x00000032   Code   RO         1243    i.rbCanRead         ringbuffer.o
    0x08004b82   0x0000001c   Code   RO         1244    i.rbCanWrite        ringbuffer.o
    0x08004b9e   0x0000000c   Code   RO         1245    i.rbCapacity        ringbuffer.o
    0x08004baa   0x00000012   Code   RO         1246    i.rbCreate          ringbuffer.o
    0x08004bbc   0x0000007e   Code   RO         1248    i.rbRead            ringbuffer.o
    0x08004c3a   0x0000008e   Code   RO         1249    i.rbWrite           ringbuffer.o
    0x08004cc8   0x00000088   Code   RO          657    i.readKeyValue      hal_key.o
    0x08004d50   0x0000000c   Code   RO          345    i.timerInit         gizwits_product.o
    0x08004d5c   0x00000014   Code   RO          346    i.uartInit          gizwits_product.o
    0x08004d70   0x000000b8   Code   RO          347    i.uartWrite         gizwits_product.o
    0x08004e28   0x00000024   Code   RO          348    i.userHandle        gizwits_product.o
    0x08004e4c   0x000000b4   Code   RO          349    i.userInit          gizwits_product.o
    0x08004f00   0x000005f4   Data   RO         1290    .constdata          asc12.o
    0x080054f4   0x00001000   Data   RO         1297    .constdata          asc16.o
    0x080064f4   0x0000016e   Data   RO         1304    .constdata          hz12.o
    0x08006662   0x00000552   Data   RO         1311    .constdata          hz16.o
    0x08006bb4   0x00000010   Data   RO         3426    .constdata          system_stm32f1xx.o
    0x08006bc4   0x00000008   Data   RO         3427    .constdata          system_stm32f1xx.o
    0x08006bcc   0x00000020   Data   RO         3793    Region$$Table       anon$$obj.o


    Execution Region RW_IRAM1 (Base: 0x20000000, Size: 0x00002750, Max: 0x00005000, ABSOLUTE)

    Base Addr    Size         Type   Attr      Idx    E Section Name        Object

    0x20000000   0x00000005   Data   RW          147    .data               main.o
    0x20000005   0x00000003   PAD
    0x20000008   0x00000008   Data   RW          356    .data               gizwits_product.o
    0x20000010   0x00000010   Data   RW          512    .data               gizwits_protocol.o
    0x20000020   0x0000000a   Data   RW          658    .data               hal_key.o
    0x2000002a   0x00000012   Data   RW          978    .data               oled.o
    0x2000003c   0x00000004   Data   RW         1574    .data               stm32f1xx_hal.o
    0x20000040   0x00000004   Data   RW         3428    .data               system_stm32f1xx.o
    0x20000044   0x00000004   Data   RW         3771    .data               mc_w.l(stdout.o)
    0x20000048   0x000000ea   Zero   RW          146    .bss                main.o
    0x20000132   0x00000025   Zero   RW          350    .bss                gizwits_product.o
    0x20000157   0x000001dd   Zero   RW          511    .bss                gizwits_protocol.o
    0x20000334   0x00000016   Zero   RW          833    .bss                hal_temp_hum.o
    0x2000034a   0x00000400   Zero   RW          977    .bss                oled.o
    0x2000074a   0x00000006   PAD
    0x20000750   0x00002000   Zero   RW         3414    STACK               startup_stm32f103xb.o


==============================================================================

Image component sizes


      Code (inc. data)   RO Data    RW Data    ZI Data      Debug   Object Name

         0          0       1524          0          0        408   asc12.o
         0          0       4096          0          0        408   asc16.o
        56          0          0          0          0       1928   common.o
       290          0          0          0          0       4085   datapointtools.o
        52          0          0          0          0        898   delay.o
      2210        772          0          8         37      13918   gizwits_product.o
      6816       2482          0         16        477      25786   gizwits_protocol.o
       136         20          0          0          0       1402   hal_buzz.o
        52         10          0          0          0        914   hal_infrared.o
       438         20          0         10          0       3585   hal_key.o
       160         18          0          0          0        985   hal_led.o
       200         16          0          0          0       1053   hal_relay.o
       664         50          0          0         22       5300   hal_temp_hum.o
         0          0        366          0          0        401   hz12.o
         0          0       1362          0          0        401   hz16.o
       808        184          0          5        234      16604   main.o
      1006         72          0         18       1024       6721   oled.o
       376          0          0          0          0       3714   ringbuffer.o
        36          8        236          0       8192        764   startup_stm32f103xb.o
       132         22          0          4          0       3563   stm32f1xx_hal.o
       264         24          0          0          0      27524   stm32f1xx_hal_cortex.o
       152          4          0          0          0       1019   stm32f1xx_hal_dma.o
       464         36          0          0          0       3091   stm32f1xx_hal_gpio.o
       300         32          0          0          0     433176   stm32f1xx_hal_msp.o
      1296        104          0          0          0       5360   stm32f1xx_hal_rcc.o
       900         14          0          0          0       8795   stm32f1xx_hal_tim.o
        84          0          0          0          0       2242   stm32f1xx_hal_tim_ex.o
      1464         10          0          0          0       9002   stm32f1xx_hal_uart.o
        54         12          0          0          0       4588   stm32f1xx_it.o
        72         16         24          4          0       1135   system_stm32f1xx.o

    ----------------------------------------------------------------------
     18514       3926       7640         68       9992     588770   Object Totals
         0          0         32          0          0          0   (incl. Generated)
        32          0          0          3          6          0   (incl. Padding)

    ----------------------------------------------------------------------

      Code (inc. data)   RO Data    RW Data    ZI Data      Debug   Library Member Name

         0          0          0          0          0          0   entry.o
         0          0          0          0          0          0   entry10a.o
         0          0          0          0          0          0   entry11a.o
         8          4          0          0          0          0   entry2.o
         4          0          0          0          0          0   entry5.o
         0          0          0          0          0          0   entry7b.o
         0          0          0          0          0          0   entry8b.o
         8          4          0          0          0          0   entry9a.o
        30          0          0          0          0          0   handlers.o
        36          8          0          0          0         68   init.o
        30          0          0          0          0         68   llshl.o
        32          0          0          0          0         68   llushr.o
        36          0          0          0          0         68   memcpya.o
        36          0          0          0          0        108   memseta.o
      1154         54          0          0          0        352   printf8.o
         0          0          0          4          0          0   stdout.o
        98          0          0          0          0         92   uldiv.o

    ----------------------------------------------------------------------
      1474         70          0          4          0        824   Library Totals
         2          0          0          0          0          0   (incl. Padding)

    ----------------------------------------------------------------------

      Code (inc. data)   RO Data    RW Data    ZI Data      Debug   Library Name

      1472         70          0          4          0        824   mc_w.l

    ----------------------------------------------------------------------
      1474         70          0          4          0        824   Library Totals

    ----------------------------------------------------------------------

==============================================================================


      Code (inc. data)   RO Data    RW Data    ZI Data      Debug   

     19988       3996       7640         72       9992     581166   Grand Totals
     19988       3996       7640         72       9992     581166   ELF Image Totals
     19988       3996       7640         72          0          0   ROM Totals

==============================================================================

    Total RO  Size (Code + RO Data)                27628 (  26.98kB)
    Total RW  Size (RW Data + ZI Data)             10064 (   9.83kB)
    Total ROM Size (Code + RO Data + RW Data)      27700 (  27.05kB)

==============================================================================

